ninja: Entering directory `/work/build'
[1/106] Generating VCSRevision.h
[2/106] Generating VCSVersion.inc
[3/106] Building CXX object tools/clang/lib/Basic/CMakeFiles/obj.clangBasic.dir/Version.cpp.o
[4/106] Building RISCVGenExegesis.inc...
[5/106] Building RISCVTargetParserDef.inc...
[6/103] Building RISCVGenMacroFusion.inc...
[7/103] Building RISCVGenMCPseudoLowering.inc...
[8/103] Building RISCVGenDisassemblerTables.inc...
[9/103] Building RISCVGenAsmWriter.inc...
[10/103] Building RISCVGenO0PreLegalizeGICombiner.inc...
[11/103] Building RISCVGenRegisterInfo.inc...
[12/103] Building RISCVGenAsmMatcher.inc...
[13/103] Building RISCVGenRegisterBank.inc...
[14/103] Building RISCVGenPostLegalizeGICombiner.inc...
[15/103] Building RISCVGenMCCodeEmitter.inc...
[16/103] Building RISCVGenPreLegalizeGICombiner.inc...
[17/103] Building RISCVGenCompressInstEmitter.inc...
[18/103] Building RISCVGenSearchableTables.inc...
[19/103] Building RISCVGenSubtargetInfo.inc...
[20/103] Building CXX object lib/Object/CMakeFiles/LLVMObject.dir/IRSymtab.cpp.o
[21/103] Linking CXX static library lib/libLLVMObject.a
[22/103] Generating VCSVersion.inc
[23/103] Linking CXX static library lib/libclangBasic.a
[24/103] Building CXX object tools/lld/Common/CMakeFiles/lldCommon.dir/Version.cpp.o
[25/103] Linking CXX static library lib/liblldCommon.a
[26/103] Building CXX object lib/LTO/CMakeFiles/LLVMLTO.dir/LTO.cpp.o
[27/103] Building CXX object lib/CodeGen/AsmPrinter/CMakeFiles/LLVMAsmPrinter.dir/AsmPrinter.cpp.o
[28/103] Linking CXX static library lib/libLLVMLTO.a
[29/103] Linking CXX static library lib/libLLVMAsmPrinter.a
[30/103] Building RISCVGenInstrInfo.inc...
[31/41] Building RISCVGenGlobalISel.inc...
[32/40] Building RISCVGenDAGISel.inc...
[33/40] Linking CXX executable bin/llvm-objdump
[34/40] Building CXX object lib/Target/RISCV/CMakeFiles/LLVMRISCVCodeGen.dir/RISCVISelDAGToDAG.cpp.o
[35/40] Linking CXX static library lib/libLLVMRISCVCodeGen.a
[36/40] Linking CXX executable bin/lld
[37/40] Linking CXX executable bin/clang-20
[38/40] Creating executable symlink bin/clang
[39/40] Linking CXX executable bin/llc
[40/40] Linking CXX executable bin/opt
