ninja: Entering directory `/work/build'
[1/172] Generating ../../bin/llvm-otool
[2/172] Building CXX object unittests/Target/RISCV/CMakeFiles/RISCVTests.dir/MCInstrAnalysisTest.cpp.o
[3/172] Building CXX object lib/Target/RISCV/MCA/CMakeFiles/LLVMRISCVTargetMCA.dir/RISCVCustomBehaviour.cpp.o
[4/172] Building CXX object unittests/tools/llvm-exegesis/CMakeFiles/LLVMExegesisTests.dir/RISCV/TargetTest.cpp.o
[5/172] Linking CXX executable bin/lli-child-target
[6/172] Linking CXX executable bin/llvm-as
[7/172] Linking CXX static library lib/libLLVMRISCVTargetMCA.a
[8/172] Linking CXX executable bin/llvm-ar
[9/172] Generating ../../bin/llvm-dlltool
[10/172] Generating ../../bin/llvm-ranlib
[11/172] Generating ../../bin/llvm-lib
[12/172] Linking CXX executable bin/llvm-ctxprof-util
[13/172] Linking CXX executable bin/bugpoint
[14/172] Linking CXX executable bin/lli
[15/172] Linking CXX executable bin/llvm-c-test
[16/172] Linking CXX executable bin/llvm-profdata
[17/172] Linking CXX executable bin/llvm-lto
[18/172] Linking CXX shared module lib/SampleAnalyzerPlugin.so
[19/172] Linking CXX shared module lib/CheckerOptionHandlingAnalyzerPlugin.so
[20/172] Linking CXX executable bin/diagtool
[21/172] Linking CXX shared module lib/CheckerDependencyHandlingAnalyzerPlugin.so
[22/172] Linking CXX shared library lib/libLTO.so.20.1
[23/172] Creating library symlink lib/libLTO.so
[24/172] Linking CXX executable bin/apinotes-test
[25/172] Linking CXX executable bin/clang-fuzzer-dictionary
[26/172] Linking CXX executable bin/clang-format
[27/172] Linking CXX executable bin/clang-offload-packager
[28/172] Linking CXX executable bin/clang-offload-bundler
[29/172] Linking CXX executable bin/clang-sycl-linker
[30/172] Linking CXX executable bin/clang-linker-wrapper
[31/172] Linking CXX executable bin/clang-diff
[32/172] Linking CXX executable bin/clang-nvlink-wrapper
[33/172] Linking CXX executable bin/clang-import-test
[34/172] Linking CXX executable bin/clang-installapi
[35/172] Linking CXX executable bin/clang-scan-deps
[36/172] Linking CXX executable bin/clang-refactor
[37/172] Linking CXX executable bin/arcmt-test
[38/172] Linking CXX executable tools/clang/unittests/Basic/BasicTests
[39/172] Linking CXX executable bin/clang-repl
[40/172] Linking CXX executable bin/clang-check
[41/172] Linking CXX executable tools/clang/unittests/Lex/LexTests
[42/172] Linking CXX executable bin/clang-extdef-mapping
[43/172] Linking CXX shared library lib/libclang.so.20.1.8
[44/172] Creating library symlink lib/libclang.so.20.1 lib/libclang.so
[45/172] Linking CXX executable tools/clang/unittests/Analysis/ClangAnalysisTests
[46/172] Linking CXX executable tools/clang/unittests/Driver/ClangDriverTests
[47/172] Linking CXX executable bin/c-arcmt-test
[48/172] Linking CXX executable tools/clang/unittests/StaticAnalyzer/StaticAnalysisTests
[49/172] Linking CXX executable tools/clang/unittests/Analysis/FlowSensitive/ClangAnalysisFlowSensitiveTests
[50/172] Linking CXX executable tools/clang/unittests/ASTMatchers/ASTMatchersTests
[51/172] Linking CXX executable tools/clang/unittests/ASTMatchers/Dynamic/DynamicASTMatchersTests
[52/172] Linking CXX executable bin/c-index-test
[53/172] Linking CXX executable tools/clang/unittests/AST/ByteCode/InterpTests
[54/172] Linking CXX executable tools/clang/unittests/AST/ASTTests
[55/172] Linking CXX executable tools/clang/unittests/CrossTU/CrossTUTests
[56/172] Linking CXX executable tools/clang/unittests/Format/FormatTests
[57/172] Linking CXX executable tools/clang/unittests/Tooling/Syntax/SyntaxTests
[58/172] Linking CXX executable tools/clang/unittests/Tooling/ToolingTests
[59/172] Linking CXX executable tools/clang/unittests/Rewrite/RewriteTests
[60/172] Linking CXX executable tools/clang/unittests/Sema/SemaTests
[61/172] Linking CXX executable tools/clang/unittests/libclang/libclangTests
[62/172] Linking CXX executable tools/clang/unittests/libclang/CrashTests/libclangCrashTests
[63/172] Linking CXX executable tools/clang/unittests/InstallAPI/InstallAPITests
[64/172] Linking CXX executable tools/clang/unittests/CodeGen/ClangCodeGenTests
[65/172] Linking CXX executable tools/clang/unittests/Frontend/FrontendTests
[66/172] Linking CXX executable tools/clang/unittests/Index/IndexTests
[67/172] Linking CXX executable tools/clang/unittests/Interpreter/ClangReplInterpreterTests
[68/172] Linking CXX executable tools/clang/unittests/Serialization/SerializationTests
[69/172] Linking CXX executable bin/dsymutil
[70/172] Linking CXX executable tools/clang/unittests/Support/ClangSupportTests
[71/172] Linking CXX executable bin/llvm-cat
[72/172] Linking CXX executable tools/clang/unittests/Interpreter/ExceptionTests/ClangReplInterpreterExceptionTests
[73/172] Linking CXX executable bin/llvm-cgdata
[74/172] Linking CXX executable bin/llvm-cfi-verify
[75/172] Linking CXX executable bin/llvm-cvtres
[76/172] Linking CXX executable bin/llvm-cxxdump
[77/172] Linking CXX executable bin/llvm-cxxmap
[78/172] Linking CXX executable bin/llvm-cov
[79/172] Linking CXX executable bin/llvm-debuginfod-find
[80/172] Linking CXX executable bin/llvm-debuginfo-analyzer
[81/172] Linking CXX executable bin/llvm-dwarfdump
[82/172] Copying llvm-locstats into /work/build/./bin
[83/172] Linking CXX executable bin/llvm-ifs
[84/172] Linking CXX executable bin/llvm-extract
[85/172] Linking CXX executable bin/llvm-dwp
[86/172] Linking CXX executable bin/llvm-dwarfutil
[87/172] Linking CXX executable bin/llvm-gsymutil
[88/172] Linking CXX executable bin/llvm-isel-fuzzer
[89/172] Linking CXX executable bin/llvm-link
[90/172] Linking CXX executable bin/llvm-libtool-darwin
[91/172] Linking CXX executable bin/llvm-jitlink
[92/172] Linking CXX executable bin/llvm-lipo
[93/172] Linking CXX executable bin/llvm-ml
[94/172] Linking CXX executable bin/llvm-mca
[95/172] Linking CXX executable bin/llvm-modextract
[96/172] Linking CXX executable bin/llvm-objcopy
[97/172] Generating ../../bin/llvm-strip
[98/172] Generating ../../bin/llvm-install-name-tool
[99/172] Generating ../../bin/llvm-bitcode-strip
[100/172] Linking CXX executable bin/llvm-nm
[101/172] Linking CXX executable bin/llvm-rc
[102/172] Linking CXX executable bin/llvm-pdbutil
[103/172] Generating ../../bin/llvm-windres
[104/172] Linking CXX executable bin/llvm-lto2
[105/172] Linking CXX executable bin/llvm-profgen
[106/172] Linking CXX executable bin/llvm-readobj
[107/172] Generating ../../bin/llvm-readelf
[108/172] Linking CXX executable bin/llvm-readtapi
[109/172] Linking CXX executable bin/llvm-sim
[110/172] Linking CXX executable bin/llvm-size
[111/172] Linking CXX executable bin/llvm-rtdyld
[112/172] Linking CXX executable bin/llvm-strings
[113/172] Linking CXX executable bin/llvm-opt-fuzzer
[114/172] Linking CXX executable bin/llvm-tli-checker
[115/172] Linking CXX executable bin/llvm-symbolizer
[116/172] Generating ../../bin/llvm-addr2line
[117/172] Linking CXX executable bin/obj2yaml
[118/172] Linking CXX executable bin/llvm-xray
[119/172] Linking CXX executable bin/llvm-split
[120/172] Linking CXX executable bin/llvm-reduce
[121/172] Linking CXX executable bin/yaml2obj
[122/172] Linking CXX executable bin/sanstats
[123/172] Linking CXX executable bin/verify-uselistorder
[124/172] Linking CXX executable bin/sancov
[125/172] Linking CXX executable unittests/Bitcode/BitcodeTests
[126/172] Linking CXX executable unittests/CGData/CGDataTests
[127/172] Linking CXX executable unittests/DebugInfo/BTF/DebugInfoBTFTests
[128/172] Linking CXX executable unittests/DebugInfo/GSYM/DebugInfoGSYMTests
[129/172] Linking CXX executable unittests/CodeGen/GlobalISel/GlobalISelTests
[130/172] Linking CXX executable unittests/Analysis/AnalysisTests
[131/172] Linking CXX executable unittests/DebugInfo/PDB/DebugInfoPDBTests
[132/172] Linking CXX executable unittests/CodeGen/CodeGenTests
[133/172] Linking CXX executable unittests/DebugInfo/Symbolizer/DebugInfoSymbolizerTests
[134/172] Linking CXX executable unittests/DWARFLinkerParallel/DWARFLinkerParallelTests
[135/172] Linking CXX executable unittests/DebugInfo/DWARF/DebugInfoDWARFTests
[136/172] Linking CXX executable unittests/Debuginfod/DebuginfodTests
[137/172] Linking CXX executable unittests/DebugInfo/LogicalView/DebugInfoLogicalViewTests
[138/172] Linking CXX executable unittests/ExecutionEngine/ExecutionEngineTests
[139/172] Linking CXX executable unittests/ExecutionEngine/JITLink/JITLinkTests
[140/172] Linking CXX executable unittests/InterfaceStub/InterfaceStubTests
[141/172] Linking CXX executable unittests/FuzzMutate/FuzzMutateTests
[142/172] Linking CXX executable unittests/ExecutionEngine/Orc/OrcJITTests
[143/172] Linking CXX executable unittests/Linker/LinkerTests
[144/172] Linking CXX executable unittests/Frontend/LLVMFrontendTests
[145/172] Linking CXX executable unittests/MC/MCTests
[146/172] Linking CXX executable unittests/ObjCopy/ObjCopyTests
[147/172] Linking CXX executable unittests/Object/ObjectTests
[148/172] Linking CXX executable unittests/ObjectYAML/ObjectYAMLTests
[149/172] Linking CXX executable unittests/IR/IRTests
[150/172] Linking CXX executable unittests/MI/MITests
[151/172] Linking CXX executable unittests/MIR/MIRTests
[152/172] Linking CXX executable unittests/ProfileData/ProfileDataTests
[153/172] Linking CXX executable unittests/SandboxIR/SandboxIRTests
[154/172] Linking CXX executable unittests/Passes/PassBuilderBindings/PassesBindingsTests
[155/172] Linking CXX executable unittests/Passes/Plugins/PluginsTests
[156/172] Linking CXX executable unittests/Transforms/Coroutines/CoroTests
[157/172] Linking CXX executable unittests/Transforms/IPO/IPOTests
[158/172] Linking CXX executable unittests/Transforms/Instrumentation/InstrumentationTests
[159/172] Linking CXX executable unittests/Target/TargetMachineCTests
[160/172] Linking CXX executable unittests/XRay/XRayTests
[161/172] Linking CXX executable unittests/Transforms/Vectorize/SandboxVectorizer/SandboxVectorizerTests
[162/172] Linking CXX executable unittests/tools/llvm-profdata/LLVMProfdataTests
[163/172] Linking CXX executable unittests/Transforms/Vectorize/VectorizeTests
[164/172] Linking CXX executable unittests/Transforms/Scalar/ScalarTests
[165/172] Linking CXX executable unittests/Transforms/Utils/UtilsTests
[166/172] Building CXX object tools/llvm-exegesis/lib/RISCV/CMakeFiles/LLVMExegesisRISCV.dir/Target.cpp.o
[167/172] Linking CXX static library lib/libLLVMExegesisRISCV.a
[168/172] Linking CXX executable bin/llvm-exegesis
[169/172] Building CXX object unittests/Target/RISCV/CMakeFiles/RISCVTests.dir/RISCVInstrInfoTest.cpp.o
[170/172] Linking CXX executable unittests/Target/RISCV/RISCVTests
[171/172] Building CXX object unittests/tools/llvm-exegesis/CMakeFiles/LLVMExegesisTests.dir/RISCV/SnippetGeneratorTest.cpp.o
[172/172] Linking CXX executable unittests/tools/llvm-exegesis/LLVMExegesisTests
********************
Failed Tests (1):
  LLVM :: CodeGen/RISCV/rvv/vsetvli-insert-zve64f.mir


Total Discovered Tests: 4730
  Failed: 1 (0.02%)
unit (TargetParserTests) exit 0, 84 tests
{"green": true, "totals": {"FAIL": 1, "PASS": 4729}, "problems": 0, "upstream_removed": 125}
