ninja: Entering directory `/work/build'
[1/21] Generating VCSRevision.h
[2/21] Generating VCSVersion.inc
[3/21] Building CXX object tools/clang/lib/Sema/CMakeFiles/obj.clangSema.dir/SemaRISCV.cpp.o
[4/21] Building CXX object tools/clang/lib/Basic/CMakeFiles/obj.clangBasic.dir/Version.cpp.o
[5/21] Building CXX object lib/Object/CMakeFiles/LLVMObject.dir/IRSymtab.cpp.o
[6/21] Linking CXX static library lib/libLLVMObject.a
[7/21] Generating VCSVersion.inc
[8/21] Linking CXX executable bin/llvm-objdump
[9/21] Building CXX object tools/lld/Common/CMakeFiles/lldCommon.dir/Version.cpp.o
[10/21] Linking CXX static library lib/liblldCommon.a
[11/21] Linking CXX static library lib/libclangBasic.a
[12/21] Linking CXX static library lib/libclangSema.a
[13/21] Building CXX object lib/CodeGen/AsmPrinter/CMakeFiles/LLVMAsmPrinter.dir/AsmPrinter.cpp.o
[14/21] Linking CXX static library lib/libLLVMAsmPrinter.a
[15/21] Building CXX object lib/LTO/CMakeFiles/LLVMLTO.dir/LTO.cpp.o
[16/21] Linking CXX executable bin/llc
[17/21] Linking CXX executable bin/opt
[18/21] Linking CXX static library lib/libLLVMLTO.a
[19/21] Linking CXX executable bin/lld
[20/21] Linking CXX executable bin/clang-20
[21/21] Creating executable symlink bin/clang
