ninja: Entering directory `/work/build'
[1/1063] Building IntrinsicEnums.inc...
[2/180] Building IntrinsicImpl.inc...
[3/180] Building IntrinsicsAArch64.h...
[4/179] Building IntrinsicsAMDGPU.h...
[5/177] Building IntrinsicsARM.h...
[6/174] Building IntrinsicsBPF.h...
[7/174] Building IntrinsicsDirectX.h...
[8/173] Building IntrinsicsHexagon.h...
[9/171] Building IntrinsicsLoongArch.h...
[10/171] Building IntrinsicsMips.h...
[11/171] Building IntrinsicsNVPTX.h...
[12/167] Building IntrinsicsPowerPC.h...
[13/166] Building IntrinsicsR600.h...
[14/166] Building IntrinsicsRISCV.h...
[15/165] Building IntrinsicsS390.h...
[16/164] Building IntrinsicsSPIRV.h...
[17/159] Building IntrinsicsVE.h...
[18/159] Building IntrinsicsWebAssembly.h...
[19/150] Building IntrinsicsX86.h...
[20/144] Building IntrinsicsXCore.h...
[21/144] Generating VCSRevision.h
[22/144] Building ARMTargetParserDef.inc...
[23/144] Building AArch64TargetParserDef.inc...
[24/130] Building RISCVTargetParserDef.inc...
[25/127] Building CXX object lib/IR/CMakeFiles/LLVMCore.dir/Intrinsics.cpp.o
[26/127] Linking CXX static library lib/libLLVMCore.a
[27/127] Building CXX object lib/CodeGen/AsmPrinter/CMakeFiles/LLVMAsmPrinter.dir/AsmPrinter.cpp.o
[28/127] Building CXX object lib/LTO/CMakeFiles/LLVMLTO.dir/LTO.cpp.o
[29/127] Building CXX object lib/Object/CMakeFiles/LLVMObject.dir/IRSymtab.cpp.o
[30/127] Linking CXX static library lib/libLLVMObject.a
[31/127] Linking CXX static library lib/libLLVMAsmPrinter.a
[32/127] Linking CXX static library lib/libLLVMLTO.a
[33/127] Building RISCVGenAsmMatcher.inc...
[34/127] Generating VCSVersion.inc
[35/127] Generating VCSVersion.inc
[36/127] Building CXX object tools/lld/Common/CMakeFiles/lldCommon.dir/Version.cpp.o
[37/127] Linking CXX static library lib/liblldCommon.a
[38/127] Building CXX object tools/clang/lib/Basic/CMakeFiles/obj.clangBasic.dir/Version.cpp.o
[39/127] Linking CXX static library lib/libclangBasic.a
[40/127] Building RISCVGenExegesis.inc...
[41/127] Building RISCVGenMacroFusion.inc...
[42/127] Building RISCVGenMCPseudoLowering.inc...
[43/127] Building RISCVGenRegisterBank.inc...
[44/127] Building RISCVGenAsmWriter.inc...
[45/127] Building RISCVGenCompressInstEmitter.inc...
[46/127] Building RISCVGenRegisterInfo.inc...
[47/127] Building RISCVGenPostLegalizeGICombiner.inc...
[48/127] Building RISCVGenO0PreLegalizeGICombiner.inc...
[49/127] Building RISCVGenDisassemblerTables.inc...
[50/127] Building RISCVGenMCCodeEmitter.inc...
[51/127] Building RISCVGenSearchableTables.inc...
[52/127] Building RISCVGenPreLegalizeGICombiner.inc...
[53/127] Building RISCVGenSubtargetInfo.inc...
[54/127] Building RISCVGenInstrInfo.inc...
[55/127] Building RISCVGenGlobalISel.inc...
[56/127] Building RISCVGenDAGISel.inc...
[57/127] Building CXX object lib/Target/RISCV/CMakeFiles/LLVMRISCVCodeGen.dir/PULP/PULPHardwareLoops.cpp.o
[58/127] Building CXX object lib/Target/RISCV/CMakeFiles/LLVMRISCVCodeGen.dir/PULP/PULPFixupHwLoops.cpp.o
[59/127] Building CXX object lib/Target/RISCV/CMakeFiles/LLVMRISCVCodeGen.dir/RISCVAsmPrinter.cpp.o
[60/127] Building CXX object lib/Target/RISCV/CMakeFiles/LLVMRISCVCodeGen.dir/RISCVDeadRegisterDefinitions.cpp.o
[61/127] Building CXX object lib/Target/RISCV/CMakeFiles/LLVMRISCVCodeGen.dir/RISCVOptWInstrs.cpp.o
[62/127] Building CXX object lib/Target/RISCV/CMakeFiles/LLVMRISCVCodeGen.dir/RISCVGatherScatterLowering.cpp.o
[63/127] Building CXX object lib/Target/RISCV/CMakeFiles/LLVMRISCVCodeGen.dir/RISCVCallingConv.cpp.o
[64/127] Building CXX object lib/Target/RISCV/CMakeFiles/LLVMRISCVCodeGen.dir/RISCVLandingPadSetup.cpp.o
[65/127] Building CXX object lib/Target/RISCV/CMakeFiles/LLVMRISCVCodeGen.dir/RISCVPostRAExpandPseudoInsts.cpp.o
[66/127] Building CXX object lib/Target/RISCV/CMakeFiles/LLVMRISCVCodeGen.dir/RISCVRedundantCopyElimination.cpp.o
[67/127] Building CXX object lib/Target/RISCV/CMakeFiles/LLVMRISCVCodeGen.dir/RISCVExpandSSRInsts.cpp.o
[68/127] Building CXX object lib/Target/RISCV/CMakeFiles/LLVMRISCVCodeGen.dir/RISCVInsertReadWriteCSR.cpp.o
[69/127] Building CXX object lib/Target/RISCV/CMakeFiles/LLVMRISCVCodeGen.dir/RISCVMachineFunctionInfo.cpp.o
[70/127] Building CXX object lib/Target/RISCV/CMakeFiles/LLVMRISCVCodeGen.dir/RISCVMakeCompressible.cpp.o
[71/127] Building CXX object lib/Target/RISCV/CMakeFiles/LLVMRISCVCodeGen.dir/RISCVExpandSDMAInsts.cpp.o
[72/127] Building CXX object lib/Target/RISCV/CMakeFiles/LLVMRISCVCodeGen.dir/RISCVExpandAtomicPseudoInsts.cpp.o
[73/127] Building CXX object lib/Target/RISCV/CMakeFiles/LLVMRISCVCodeGen.dir/RISCVSelectionDAGInfo.cpp.o
[74/127] Building CXX object lib/Target/RISCV/CMakeFiles/LLVMRISCVCodeGen.dir/RISCVInsertVSETVLI.cpp.o
[75/127] Building CXX object lib/Target/RISCV/CMakeFiles/LLVMRISCVCodeGen.dir/RISCVMergeBaseOffset.cpp.o
[76/127] Building CXX object lib/Target/RISCV/CMakeFiles/LLVMRISCVCodeGen.dir/RISCVMoveMerger.cpp.o
[77/127] Building CXX object lib/Target/RISCV/CMakeFiles/LLVMRISCVCodeGen.dir/RISCVIndirectBranchTracking.cpp.o
[78/127] Building CXX object lib/Target/RISCV/CMakeFiles/LLVMRISCVCodeGen.dir/RISCVFrameLowering.cpp.o
[79/127] Building CXX object lib/Target/RISCV/CMakeFiles/LLVMRISCVCodeGen.dir/RISCVISelLowering.cpp.o
[80/127] Building CXX object lib/Target/RISCV/CMakeFiles/LLVMRISCVCodeGen.dir/RISCVSubtarget.cpp.o
[81/127] Building CXX object lib/Target/RISCV/CMakeFiles/LLVMRISCVCodeGen.dir/RISCVPushPopOptimizer.cpp.o
[82/127] Building CXX object lib/Target/RISCV/CMakeFiles/LLVMRISCVCodeGen.dir/RISCVInsertWriteVXRM.cpp.o
[83/127] Building CXX object lib/Target/RISCV/CMakeFiles/LLVMRISCVCodeGen.dir/RISCVInstrInfo.cpp.o
[84/127] Building CXX object lib/Target/RISCV/CMakeFiles/LLVMRISCVCodeGen.dir/RISCVRegisterInfo.cpp.o
[85/127] Building CXX object lib/Target/RISCV/CMakeFiles/LLVMRISCVCodeGen.dir/RISCVExpandPseudoInsts.cpp.o
[86/127] Building CXX object lib/Target/RISCV/CMakeFiles/LLVMRISCVCodeGen.dir/RISCVTargetMachine.cpp.o
[87/127] Building CXX object lib/Target/RISCV/CMakeFiles/LLVMRISCVCodeGen.dir/GISel/RISCVRegisterBankInfo.cpp.o
[88/127] Building CXX object lib/Target/RISCV/MCTargetDesc/CMakeFiles/LLVMRISCVDesc.dir/RISCVAsmBackend.cpp.o
[89/127] Building CXX object lib/Target/RISCV/CMakeFiles/LLVMRISCVCodeGen.dir/RISCVCodeGenPrepare.cpp.o
[90/127] Building CXX object lib/Target/RISCV/CMakeFiles/LLVMRISCVCodeGen.dir/GISel/RISCVLegalizerInfo.cpp.o
[91/127] Building CXX object lib/Target/RISCV/CMakeFiles/LLVMRISCVCodeGen.dir/RISCVVectorMaskDAGMutation.cpp.o
[92/127] Building CXX object lib/Target/RISCV/CMakeFiles/LLVMRISCVCodeGen.dir/GISel/RISCVCallLowering.cpp.o
[93/127] Building CXX object lib/Target/RISCV/MCTargetDesc/CMakeFiles/LLVMRISCVDesc.dir/RISCVBaseInfo.cpp.o
[94/127] Building CXX object lib/Target/RISCV/MCTargetDesc/CMakeFiles/LLVMRISCVDesc.dir/RISCVELFObjectWriter.cpp.o
[95/127] Building CXX object lib/Target/RISCV/MCTargetDesc/CMakeFiles/LLVMRISCVDesc.dir/RISCVInstPrinter.cpp.o
[96/127] Building CXX object lib/Target/RISCV/CMakeFiles/LLVMRISCVCodeGen.dir/RISCVZacasABIFix.cpp.o
[97/127] Building CXX object lib/Target/RISCV/MCTargetDesc/CMakeFiles/LLVMRISCVDesc.dir/RISCVMCExpr.cpp.o
[98/127] Building CXX object lib/Target/RISCV/Disassembler/CMakeFiles/LLVMRISCVDisassembler.dir/RISCVDisassembler.cpp.o
[99/127] Building CXX object lib/Target/RISCV/CMakeFiles/LLVMRISCVCodeGen.dir/RISCVTargetObjectFile.cpp.o
[100/127] Building CXX object lib/Target/RISCV/CMakeFiles/LLVMRISCVCodeGen.dir/GISel/RISCVPreLegalizerCombiner.cpp.o
[101/127] Building CXX object lib/Target/RISCV/MCTargetDesc/CMakeFiles/LLVMRISCVDesc.dir/RISCVMatInt.cpp.o
[102/127] Building CXX object lib/Target/RISCV/CMakeFiles/LLVMRISCVCodeGen.dir/RISCVTargetTransformInfo.cpp.o
[103/127] Building CXX object lib/Target/RISCV/CMakeFiles/LLVMRISCVCodeGen.dir/GISel/RISCVPostLegalizerCombiner.cpp.o
[104/127] Building CXX object lib/Target/RISCV/CMakeFiles/LLVMRISCVCodeGen.dir/Snitch/SNITCHFrepLoops.cpp.o
[105/127] Building CXX object lib/Target/RISCV/CMakeFiles/LLVMRISCVCodeGen.dir/PULPExpandPseudoInsts.cpp.o
[106/127] Building CXX object lib/Target/RISCV/MCTargetDesc/CMakeFiles/LLVMRISCVDesc.dir/RISCVMCObjectFileInfo.cpp.o
[107/127] Building CXX object lib/Target/RISCV/AsmParser/CMakeFiles/LLVMRISCVAsmParser.dir/RISCVAsmParser.cpp.o
[108/127] Building CXX object lib/Target/RISCV/CMakeFiles/LLVMRISCVCodeGen.dir/RISCVVectorPeephole.cpp.o
[109/127] Building CXX object lib/Target/RISCV/MCTargetDesc/CMakeFiles/LLVMRISCVDesc.dir/RISCVTargetStreamer.cpp.o
[110/127] Building CXX object lib/Target/RISCV/CMakeFiles/LLVMRISCVCodeGen.dir/RISCVVLOptimizer.cpp.o
[111/127] Building CXX object lib/Target/RISCV/MCTargetDesc/CMakeFiles/LLVMRISCVDesc.dir/RISCVMCCodeEmitter.cpp.o
[112/127] Building CXX object lib/Target/RISCV/MCTargetDesc/CMakeFiles/LLVMRISCVDesc.dir/RISCVELFStreamer.cpp.o
[113/127] Building CXX object lib/Target/RISCV/CMakeFiles/LLVMRISCVCodeGen.dir/GISel/RISCVO0PreLegalizerCombiner.cpp.o
[114/127] Building CXX object lib/Target/RISCV/CMakeFiles/LLVMRISCVCodeGen.dir/RISCVISelDAGToDAG.cpp.o
[115/127] Building CXX object lib/Target/RISCV/CMakeFiles/LLVMRISCVCodeGen.dir/GISel/RISCVInstructionSelector.cpp.o
[116/127] Building CXX object lib/Target/RISCV/MCTargetDesc/CMakeFiles/LLVMRISCVDesc.dir/RISCVMCTargetDesc.cpp.o
[117/127] Linking CXX static library lib/libLLVMRISCVDesc.a
[118/127] Linking CXX static library lib/libLLVMRISCVDisassembler.a
[119/127] Linking CXX static library lib/libLLVMRISCVAsmParser.a
[120/127] Linking CXX static library lib/libLLVMRISCVCodeGen.a
[121/127] Linking CXX executable bin/llvm-mc
[122/127] Linking CXX executable bin/llvm-objdump
[123/127] Linking CXX executable bin/llc
[124/127] Linking CXX executable bin/opt
[125/127] Linking CXX executable bin/lld
[126/127] Linking CXX executable bin/clang-20
[127/127] Creating executable symlink bin/clang
