ninja: Entering directory `/work/build'
[1/106] Generating VCSRevision.h
[2/106] Building RISCVTargetParserDef.inc...
[3/103] Building CXX object lib/CodeGen/AsmPrinter/CMakeFiles/LLVMAsmPrinter.dir/AsmPrinter.cpp.o
[4/103] Building CXX object lib/LTO/CMakeFiles/LLVMLTO.dir/LTO.cpp.o
[5/103] Generating VCSVersion.inc
[6/103] Building CXX object tools/clang/lib/Basic/CMakeFiles/obj.clangBasic.dir/Version.cpp.o
[7/103] Building RISCVGenMCCodeEmitter.inc...
[8/103] Building RISCVGenPreLegalizeGICombiner.inc...
[9/103] Building RISCVGenExegesis.inc...
[10/103] Building RISCVGenMCPseudoLowering.inc...
[11/103] Building RISCVGenAsmMatcher.inc...
[12/103] Building RISCVGenRegisterBank.inc...
[13/103] Building RISCVGenMacroFusion.inc...
[14/103] Building RISCVGenAsmWriter.inc...
[15/103] Building RISCVGenRegisterInfo.inc...
[16/103] Building RISCVGenO0PreLegalizeGICombiner.inc...
[17/103] Building RISCVGenPostLegalizeGICombiner.inc...
[18/103] Building RISCVGenCompressInstEmitter.inc...
[19/103] Building RISCVGenDisassemblerTables.inc...
[20/103] Building RISCVGenSubtargetInfo.inc...
[21/103] Building CXX object lib/Object/CMakeFiles/LLVMObject.dir/IRSymtab.cpp.o
[22/103] Linking CXX static library lib/libLLVMObject.a
[23/103] Generating VCSVersion.inc
[24/103] Linking CXX static library lib/libLLVMLTO.a
[25/103] Linking CXX static library lib/libLLVMAsmPrinter.a
[26/103] Building RISCVGenSearchableTables.inc...
[27/103] Linking CXX static library lib/libclangBasic.a
[28/103] Building CXX object tools/lld/Common/CMakeFiles/lldCommon.dir/Version.cpp.o
[29/103] Linking CXX static library lib/liblldCommon.a
[30/103] Building RISCVGenInstrInfo.inc...
[31/42] Building RISCVGenGlobalISel.inc...
[32/42] Building RISCVGenDAGISel.inc...
[33/42] Building CXX object lib/Target/RISCV/CMakeFiles/LLVMRISCVCodeGen.dir/RISCVISelDAGToDAG.cpp.o
[34/42] Building CXX object lib/Target/RISCV/CMakeFiles/LLVMRISCVCodeGen.dir/RISCVTargetTransformInfo.cpp.o
[35/42] Building CXX object lib/Target/RISCV/CMakeFiles/LLVMRISCVCodeGen.dir/GISel/RISCVInstructionSelector.cpp.o
[36/42] Linking CXX static library lib/libLLVMRISCVCodeGen.a
[37/42] Linking CXX executable bin/lld
[38/42] Linking CXX executable bin/clang-20
[39/42] Creating executable symlink bin/clang
[40/42] Linking CXX executable bin/llc
[41/42] Linking CXX executable bin/llvm-objdump
[42/42] Linking CXX executable bin/opt
