ninja: Entering directory `/work/build'
[1/196] Building CXX object tools/clang/lib/Tooling/DependencyScanning/CMakeFiles/obj.clangDependencyScanning.dir/DependencyScanningTool.cpp.o
[2/196] Building CXX object tools/clang/unittests/Basic/CMakeFiles/BasicTests.dir/DiagnosticTest.cpp.o
[3/196] Linking CXX executable bin/llvm-ar
[4/196] Building CXX object tools/clang/tools/diagtool/CMakeFiles/diagtool.dir/ListWarnings.cpp.o
[5/196] Generating ../../bin/llvm-ranlib
[6/196] Generating ../../bin/llvm-lib
[7/196] Generating ../../bin/llvm-dlltool
[8/196] Building CXX object tools/clang/tools/diagtool/CMakeFiles/diagtool.dir/FindDiagnosticID.cpp.o
[9/196] Building CXX object tools/clang/tools/diagtool/CMakeFiles/diagtool.dir/DiagnosticNames.cpp.o
[10/196] Building CXX object tools/clang/tools/diagtool/CMakeFiles/diagtool.dir/TreeView.cpp.o
[11/196] Linking CXX executable bin/lli-child-target
[12/196] Linking CXX executable bin/llvm-as
[13/196] Building CXX object tools/clang/tools/libclang/CMakeFiles/libclang.dir/CIndexCodeCompletion.cpp.o
[14/196] Generating ../../bin/llvm-otool
[15/196] Building CXX object tools/clang/lib/Tooling/DependencyScanning/CMakeFiles/obj.clangDependencyScanning.dir/ModuleDepCollector.cpp.o
[16/196] Building CXX object tools/clang/unittests/Sema/CMakeFiles/SemaTests.dir/SemaLookupTest.cpp.o
[17/196] Building CXX object tools/clang/lib/Tooling/DependencyScanning/CMakeFiles/obj.clangDependencyScanning.dir/DependencyScanningWorker.cpp.o
[18/196] Linking CXX executable bin/bugpoint
[19/196] Building CXX object tools/clang/unittests/Frontend/CMakeFiles/FrontendTests.dir/FrontendActionTest.cpp.o
[20/196] Linking CXX executable bin/llvm-ctxprof-util
[21/196] Building CXX object tools/clang/lib/Interpreter/CMakeFiles/obj.clangInterpreter.dir/CodeCompletion.cpp.o
[22/196] Building CXX object tools/clang/unittests/Sema/CMakeFiles/SemaTests.dir/SemaNoloadLookupTest.cpp.o
[23/196] Building CXX object tools/clang/lib/Interpreter/CMakeFiles/obj.clangInterpreter.dir/IncrementalParser.cpp.o
[24/196] Building CXX object tools/clang/unittests/Sema/CMakeFiles/SemaTests.dir/CodeCompleteTest.cpp.o
[25/196] Linking CXX executable bin/lli
[26/196] Building CXX object tools/clang/unittests/Analysis/CMakeFiles/ClangAnalysisTests.dir/MacroExpansionContextTest.cpp.o
[27/196] Building CXX object tools/clang/unittests/Lex/CMakeFiles/LexTests.dir/PPCallbacksTest.cpp.o
[28/196] Building CXX object tools/clang/lib/Interpreter/CMakeFiles/obj.clangInterpreter.dir/InterpreterValuePrinter.cpp.o
[29/196] Linking CXX executable bin/llvm-c-test
[30/196] Building CXX object tools/clang/tools/c-index-test/CMakeFiles/c-index-test.dir/core_main.cpp.o
[31/196] Linking CXX executable bin/llvm-profdata
[32/196] Building CXX object tools/clang/unittests/Tooling/CMakeFiles/ToolingTests.dir/DependencyScanning/DependencyScannerTest.cpp.o
[33/196] Building CXX object tools/clang/lib/Interpreter/CMakeFiles/obj.clangInterpreter.dir/InterpreterUtils.cpp.o
[34/196] Building CXX object tools/clang/tools/clang-scan-deps/CMakeFiles/clang-scan-deps.dir/ClangScanDeps.cpp.o
[35/196] Building CXX object tools/clang/unittests/Sema/CMakeFiles/SemaTests.dir/ExternalSemaSourceTest.cpp.o
[36/196] Linking CXX static library lib/libclangDependencyScanning.a
[37/196] Linking CXX shared library lib/libLTO.so.20.1
[38/196] Creating library symlink lib/libLTO.so
[39/196] Building CXX object tools/clang/unittests/Serialization/CMakeFiles/SerializationTests.dir/ForceCheckFileInputTest.cpp.o
[40/196] Linking CXX shared module lib/SampleAnalyzerPlugin.so
[41/196] Linking CXX executable bin/apinotes-test
[42/196] Linking CXX shared module lib/CheckerDependencyHandlingAnalyzerPlugin.so
[43/196] Linking CXX executable bin/llvm-lto
[44/196] Linking CXX shared module lib/CheckerOptionHandlingAnalyzerPlugin.so
[45/196] Linking CXX executable bin/clang-format
[46/196] Linking CXX executable bin/clang-fuzzer-dictionary
[47/196] Linking CXX executable bin/diagtool
[48/196] Linking CXX executable bin/clang-offload-packager
[49/196] Linking CXX executable bin/clang-offload-bundler
[50/196] Linking CXX executable bin/clang-sycl-linker
[51/196] Linking CXX executable bin/clang-diff
[52/196] Linking CXX executable bin/clang-linker-wrapper
[53/196] Linking CXX executable bin/clang-import-test
[54/196] Linking CXX executable bin/clang-nvlink-wrapper
[55/196] Linking CXX executable bin/clang-installapi
[56/196] Linking CXX executable bin/clang-scan-deps
[57/196] Linking CXX executable bin/arcmt-test
[58/196] Linking CXX executable bin/clang-refactor
[59/196] Linking CXX executable tools/clang/unittests/Basic/BasicTests
[60/196] Linking CXX executable bin/clang-extdef-mapping
[61/196] Linking CXX executable bin/clang-check
[62/196] Linking CXX executable tools/clang/unittests/Lex/LexTests
[63/196] Linking CXX shared library lib/libclang.so.20.1.8
[64/196] Creating library symlink lib/libclang.so.20.1 lib/libclang.so
[65/196] Linking CXX executable tools/clang/unittests/Analysis/ClangAnalysisTests
[66/196] Linking CXX executable tools/clang/unittests/Driver/ClangDriverTests
[67/196] Linking CXX executable bin/c-arcmt-test
[68/196] Linking CXX executable tools/clang/unittests/Analysis/FlowSensitive/ClangAnalysisFlowSensitiveTests
[69/196] Linking CXX executable tools/clang/unittests/StaticAnalyzer/StaticAnalysisTests
[70/196] Linking CXX executable tools/clang/unittests/ASTMatchers/ASTMatchersTests
[71/196] Linking CXX executable tools/clang/unittests/ASTMatchers/Dynamic/DynamicASTMatchersTests
[72/196] Linking CXX executable bin/c-index-test
[73/196] Linking CXX executable tools/clang/unittests/AST/ASTTests
[74/196] Linking CXX executable tools/clang/unittests/AST/ByteCode/InterpTests
[75/196] Linking CXX executable tools/clang/unittests/Format/FormatTests
[76/196] Linking CXX executable tools/clang/unittests/CrossTU/CrossTUTests
[77/196] Linking CXX executable tools/clang/unittests/Tooling/Syntax/SyntaxTests
[78/196] Linking CXX executable tools/clang/unittests/libclang/libclangTests
[79/196] Linking CXX executable tools/clang/unittests/libclang/CrashTests/libclangCrashTests
[80/196] Linking CXX executable tools/clang/unittests/InstallAPI/InstallAPITests
[81/196] Linking CXX executable tools/clang/unittests/Sema/SemaTests
[82/196] Linking CXX executable tools/clang/unittests/Tooling/ToolingTests
[83/196] Linking CXX executable tools/clang/unittests/Rewrite/RewriteTests
[84/196] Linking CXX executable bin/llvm-cat
[85/196] Linking CXX executable tools/clang/unittests/Index/IndexTests
[86/196] Linking CXX executable tools/clang/unittests/Frontend/FrontendTests
[87/196] Linking CXX executable bin/dsymutil
[88/196] Linking CXX executable bin/llvm-cfi-verify
[89/196] Linking CXX executable bin/llvm-cgdata
[90/196] Linking CXX executable bin/llvm-cvtres
[91/196] Linking CXX executable tools/clang/unittests/Serialization/SerializationTests
[92/196] Linking CXX executable tools/clang/unittests/Support/ClangSupportTests
[93/196] Linking CXX executable bin/llvm-cov
[94/196] Linking CXX executable bin/llvm-cxxmap
[95/196] Linking CXX executable bin/llvm-cxxdump
[96/196] Linking CXX executable bin/llvm-debuginfod-find
[97/196] Linking CXX executable bin/llvm-debuginfo-analyzer
[98/196] Linking CXX executable bin/llvm-dwarfdump
[99/196] Copying llvm-locstats into /work/build/./bin
[100/196] Linking CXX executable bin/llvm-ifs
[101/196] Linking CXX executable bin/llvm-dwarfutil
[102/196] Linking CXX executable bin/llvm-extract
[103/196] Linking CXX executable bin/llvm-dwp
[104/196] Linking CXX executable bin/llvm-exegesis
[105/196] Linking CXX executable bin/llvm-libtool-darwin
[106/196] Linking CXX executable bin/llvm-gsymutil
[107/196] Linking CXX executable bin/llvm-link
[108/196] Linking CXX executable bin/llvm-jitlink
[109/196] Linking CXX executable bin/llvm-lipo
[110/196] Linking CXX executable bin/llvm-isel-fuzzer
[111/196] Linking CXX executable bin/llvm-modextract
[112/196] Linking CXX executable bin/llvm-objcopy
[113/196] Generating ../../bin/llvm-install-name-tool
[114/196] Generating ../../bin/llvm-bitcode-strip
[115/196] Generating ../../bin/llvm-strip
[116/196] Linking CXX executable bin/llvm-nm
[117/196] Linking CXX executable bin/llvm-pdbutil
[118/196] Linking CXX executable bin/llvm-rc
[119/196] Generating ../../bin/llvm-windres
[120/196] Linking CXX executable bin/llvm-readobj
[121/196] Generating ../../bin/llvm-readelf
[122/196] Linking CXX executable bin/llvm-profgen
[123/196] Linking CXX executable bin/llvm-lto2
[124/196] Linking CXX executable bin/llvm-readtapi
[125/196] Linking CXX executable bin/llvm-opt-fuzzer
[126/196] Linking CXX executable bin/llvm-rtdyld
[127/196] Linking CXX executable bin/llvm-sim
[128/196] Linking CXX executable bin/llvm-strings
[129/196] Linking CXX executable bin/llvm-size
[130/196] Linking CXX executable bin/llvm-tli-checker
[131/196] Linking CXX executable bin/llvm-symbolizer
[132/196] Generating ../../bin/llvm-addr2line
[133/196] Linking CXX executable bin/llvm-xray
[134/196] Linking CXX executable bin/obj2yaml
[135/196] Linking CXX executable bin/llvm-split
[136/196] Linking CXX executable bin/sanstats
[137/196] Linking CXX executable bin/llvm-reduce
[138/196] Linking CXX executable bin/yaml2obj
[139/196] Linking CXX executable bin/sancov
[140/196] Linking CXX executable bin/verify-uselistorder
[141/196] Linking CXX executable unittests/CGData/CGDataTests
[142/196] Linking CXX executable unittests/Bitcode/BitcodeTests
[143/196] Linking CXX executable unittests/DebugInfo/BTF/DebugInfoBTFTests
[144/196] Linking CXX executable unittests/DebugInfo/GSYM/DebugInfoGSYMTests
[145/196] Linking CXX executable unittests/Analysis/AnalysisTests
[146/196] Linking CXX executable unittests/CodeGen/GlobalISel/GlobalISelTests
[147/196] Linking CXX executable unittests/CodeGen/CodeGenTests
[148/196] Linking CXX executable unittests/DebugInfo/Symbolizer/DebugInfoSymbolizerTests
[149/196] Linking CXX executable unittests/DebugInfo/PDB/DebugInfoPDBTests
[150/196] Linking CXX executable unittests/Debuginfod/DebuginfodTests
[151/196] Linking CXX executable unittests/DWARFLinkerParallel/DWARFLinkerParallelTests
[152/196] Linking CXX executable unittests/ExecutionEngine/ExecutionEngineTests
[153/196] Linking CXX executable unittests/DebugInfo/DWARF/DebugInfoDWARFTests
[154/196] Linking CXX executable unittests/ExecutionEngine/JITLink/JITLinkTests
[155/196] Linking CXX executable unittests/InterfaceStub/InterfaceStubTests
[156/196] Linking CXX executable unittests/DebugInfo/LogicalView/DebugInfoLogicalViewTests
[157/196] Linking CXX executable unittests/FuzzMutate/FuzzMutateTests
[158/196] Linking CXX executable unittests/ExecutionEngine/Orc/OrcJITTests
[159/196] Linking CXX executable unittests/Linker/LinkerTests
[160/196] Linking CXX executable unittests/Frontend/LLVMFrontendTests
[161/196] Linking CXX executable unittests/MC/MCTests
[162/196] Linking CXX executable unittests/ObjCopy/ObjCopyTests
[163/196] Linking CXX executable unittests/IR/IRTests
[164/196] Linking CXX executable unittests/Object/ObjectTests
[165/196] Linking CXX executable unittests/MIR/MIRTests
[166/196] Linking CXX executable unittests/ObjectYAML/ObjectYAMLTests
[167/196] Linking CXX executable unittests/MI/MITests
[168/196] Linking CXX executable unittests/ProfileData/ProfileDataTests
[169/196] Linking CXX executable unittests/SandboxIR/SandboxIRTests
[170/196] Linking CXX executable unittests/Passes/PassBuilderBindings/PassesBindingsTests
[171/196] Linking CXX executable unittests/Passes/Plugins/PluginsTests
[172/196] Linking CXX executable unittests/Target/TargetMachineCTests
[173/196] Linking CXX executable unittests/Transforms/Coroutines/CoroTests
[174/196] Linking CXX executable unittests/Transforms/Instrumentation/InstrumentationTests
[175/196] Linking CXX executable unittests/Target/RISCV/RISCVTests
[176/196] Linking CXX executable unittests/Transforms/IPO/IPOTests
[177/196] Linking CXX executable unittests/Transforms/Vectorize/VectorizeTests
[178/196] Linking CXX executable unittests/XRay/XRayTests
[179/196] Linking CXX executable unittests/tools/llvm-profdata/LLVMProfdataTests
[180/196] Linking CXX executable unittests/Transforms/Vectorize/SandboxVectorizer/SandboxVectorizerTests
[181/196] Linking CXX executable unittests/Transforms/Scalar/ScalarTests
[182/196] Linking CXX executable unittests/Transforms/Utils/UtilsTests
[183/196] Linking CXX executable unittests/tools/llvm-exegesis/LLVMExegesisTests
[184/196] Building CXX object tools/clang/unittests/CodeGen/CMakeFiles/ClangCodeGenTests.dir/BufferSourceTest.cpp.o
[185/196] Building CXX object tools/clang/unittests/CodeGen/CMakeFiles/ClangCodeGenTests.dir/CodeGenExternalTest.cpp.o
[186/196] Linking CXX executable tools/clang/unittests/CodeGen/ClangCodeGenTests
[187/196] Building CXX object tools/clang/tools/clang-repl/CMakeFiles/clang-repl.dir/ClangRepl.cpp.o
[188/196] Building CXX object tools/clang/unittests/Interpreter/CMakeFiles/ClangReplInterpreterTests.dir/InterpreterExtensionsTest.cpp.o
[189/196] Building CXX object tools/clang/unittests/Interpreter/CMakeFiles/ClangReplInterpreterTests.dir/CodeCompletionTest.cpp.o
[190/196] Building CXX object tools/clang/unittests/Interpreter/CMakeFiles/ClangReplInterpreterTests.dir/InterpreterTest.cpp.o
[191/196] Building CXX object tools/clang/lib/Interpreter/CMakeFiles/obj.clangInterpreter.dir/Interpreter.cpp.o
[192/196] Linking CXX static library lib/libclangInterpreter.a
[193/196] Building CXX object tools/clang/unittests/Interpreter/CMakeFiles/ClangReplInterpreterTests.dir/IncrementalProcessingTest.cpp.o
[194/196] Linking CXX executable tools/clang/unittests/Interpreter/ExceptionTests/ClangReplInterpreterExceptionTests
[195/196] Linking CXX executable bin/clang-repl
[196/196] Linking CXX executable tools/clang/unittests/Interpreter/ClangReplInterpreterTests
********************
Failed Tests (1):
  LLVM :: CodeGen/RISCV/rvv/vsetvli-insert-zve64f.mir


Total Discovered Tests: 4730
  Failed: 1 (0.02%)
unit (TargetParserTests) exit 0, 84 tests
{"green": true, "totals": {"FAIL": 1, "PASS": 4729}, "problems": 0, "upstream_removed": 125}
