ninja: Entering directory `/work/build'
[1/506] Building CXX object lib/FuzzMutate/CMakeFiles/LLVMFuzzMutate.dir/IRMutator.cpp.o
[2/506] Building CXX object lib/FuzzMutate/CMakeFiles/LLVMFuzzMutate.dir/OpDescriptor.cpp.o
[3/506] Building CXX object lib/FuzzMutate/CMakeFiles/LLVMFuzzMutate.dir/Operations.cpp.o
[4/506] Building CXX object lib/FuzzMutate/CMakeFiles/LLVMFuzzMutate.dir/RandomIRBuilder.cpp.o
[5/506] Building CXX object lib/DWARFLinker/Classic/CMakeFiles/LLVMDWARFLinkerClassic.dir/DWARFLinker.cpp.o
[6/506] Building CXX object lib/DWARFLinker/Classic/CMakeFiles/LLVMDWARFLinkerClassic.dir/DWARFStreamer.cpp.o
[7/506] Building CXX object lib/DWARFLinker/Parallel/CMakeFiles/LLVMDWARFLinkerParallel.dir/AcceleratorRecordsSaver.cpp.o
[8/506] Building CXX object lib/DWARFLinker/Parallel/CMakeFiles/LLVMDWARFLinkerParallel.dir/DependencyTracker.cpp.o
[9/506] Building CXX object lib/DWARFLinker/Parallel/CMakeFiles/LLVMDWARFLinkerParallel.dir/DIEAttributeCloner.cpp.o
[10/506] Building CXX object lib/DWARFLinker/Parallel/CMakeFiles/LLVMDWARFLinkerParallel.dir/DWARFEmitterImpl.cpp.o
[11/506] Building CXX object lib/DWARFLinker/Parallel/CMakeFiles/LLVMDWARFLinkerParallel.dir/DWARFLinker.cpp.o
[12/506] Building CXX object lib/DWARFLinker/Parallel/CMakeFiles/LLVMDWARFLinkerParallel.dir/DWARFLinkerCompileUnit.cpp.o
[13/506] Building CXX object lib/DWARFLinker/Parallel/CMakeFiles/LLVMDWARFLinkerParallel.dir/DWARFLinkerTypeUnit.cpp.o
[14/506] Building CXX object lib/DWARFLinker/Parallel/CMakeFiles/LLVMDWARFLinkerParallel.dir/DWARFLinkerImpl.cpp.o
[15/506] Building CXX object lib/DWARFLinker/Parallel/CMakeFiles/LLVMDWARFLinkerParallel.dir/DWARFLinkerUnit.cpp.o
[16/506] Building CXX object lib/DWARFLinker/Parallel/CMakeFiles/LLVMDWARFLinkerParallel.dir/OutputSections.cpp.o
[17/506] Building CXX object lib/DWARFLinker/Parallel/CMakeFiles/LLVMDWARFLinkerParallel.dir/SyntheticTypeNameBuilder.cpp.o
[18/506] Building CXX object lib/ExecutionEngine/CMakeFiles/LLVMExecutionEngine.dir/ExecutionEngine.cpp.o
[19/506] Building CXX object lib/ExecutionEngine/Interpreter/CMakeFiles/LLVMInterpreter.dir/Execution.cpp.o
[20/506] Building CXX object lib/ExecutionEngine/Interpreter/CMakeFiles/LLVMInterpreter.dir/ExternalFunctions.cpp.o
[21/506] Building CXX object lib/ExecutionEngine/Interpreter/CMakeFiles/LLVMInterpreter.dir/Interpreter.cpp.o
[22/506] Building CXX object lib/ExecutionEngine/Orc/CMakeFiles/LLVMOrcJIT.dir/CompileOnDemandLayer.cpp.o
[23/506] Building CXX object lib/ExecutionEngine/Orc/CMakeFiles/LLVMOrcJIT.dir/ExecutionUtils.cpp.o
[24/506] Building CXX object lib/ExecutionEngine/Orc/CMakeFiles/LLVMOrcJIT.dir/IRPartitionLayer.cpp.o
[25/506] Building CXX object lib/ExecutionEngine/Orc/CMakeFiles/LLVMOrcJIT.dir/Layer.cpp.o
[26/506] Building CXX object lib/ExecutionEngine/Orc/CMakeFiles/LLVMOrcJIT.dir/Mangling.cpp.o
[27/506] Building CXX object lib/ExecutionEngine/Orc/CMakeFiles/LLVMOrcJIT.dir/OrcV2CBindings.cpp.o
[28/506] Building CXX object lib/ExecutionEngine/Orc/CMakeFiles/LLVMOrcJIT.dir/Speculation.cpp.o
[29/506] Building CXX object lib/ExecutionEngine/Orc/CMakeFiles/LLVMOrcJIT.dir/UnwindInfoRegistrationPlugin.cpp.o
[30/506] Building CXX object lib/ExecutionEngine/Orc/CMakeFiles/LLVMOrcJIT.dir/IndirectionUtils.cpp.o
[31/506] Building CXX object lib/ExecutionEngine/Orc/CMakeFiles/LLVMOrcJIT.dir/LLJIT.cpp.o
[32/506] Building CXX object lib/ExecutionEngine/Orc/CMakeFiles/LLVMOrcJIT.dir/SpeculateAnalyses.cpp.o
[33/506] Building CXX object lib/ExecutionEngine/Orc/CMakeFiles/LLVMOrcJIT.dir/ReOptimizeLayer.cpp.o
[34/506] Building CXX object lib/ExecutionEngine/Orc/Debugging/CMakeFiles/LLVMOrcDebugging.dir/DebuggerSupport.cpp.o
[35/506] Building CXX object lib/ExecutionEngine/Orc/Debugging/CMakeFiles/LLVMOrcDebugging.dir/LLJITUtilsCBindings.cpp.o
[36/506] Building CXX object lib/Target/RISCV/MCA/CMakeFiles/LLVMRISCVTargetMCA.dir/RISCVCustomBehaviour.cpp.o
[37/506] Building CXX object tools/lto/CMakeFiles/LTO.dir/lto.cpp.o
[38/506] Building CXX object tools/llvm-lto/CMakeFiles/llvm-lto.dir/llvm-lto.cpp.o
[39/506] Building CXX object tools/clang/lib/Interpreter/CMakeFiles/obj.clangInterpreter.dir/IncrementalExecutor.cpp.o
[40/506] Building CXX object tools/clang/tools/clang-linker-wrapper/CMakeFiles/clang-linker-wrapper.dir/ClangLinkerWrapper.cpp.o
[41/506] Building CXX object tools/clang/tools/clang-nvlink-wrapper/CMakeFiles/clang-nvlink-wrapper.dir/ClangNVLinkWrapper.cpp.o
[42/506] Building CXX object tools/clang/tools/clang-sycl-linker/CMakeFiles/clang-sycl-linker.dir/ClangSYCLLinker.cpp.o
[43/506] Building CXX object tools/clang/unittests/CodeGen/CMakeFiles/ClangCodeGenTests.dir/TBAAMetadataTest.cpp.o
[44/506] Building CXX object tools/clang/unittests/Interpreter/CMakeFiles/ClangReplInterpreterTests.dir/InterpreterTest.cpp.o
[45/506] Building CXX object tools/clang/unittests/Interpreter/CMakeFiles/ClangReplInterpreterTests.dir/InterpreterExtensionsTest.cpp.o
[46/506] Building CXX object tools/clang/unittests/Interpreter/ExceptionTests/CMakeFiles/ClangReplInterpreterExceptionTests.dir/InterpreterExceptionTest.cpp.o
[47/506] Building CXX object tools/bugpoint/CMakeFiles/bugpoint.dir/CrashDebugger.cpp.o
[48/506] Building CXX object tools/bugpoint/CMakeFiles/bugpoint.dir/ExtractFunction.cpp.o
[49/506] Building CXX object tools/bugpoint/CMakeFiles/bugpoint.dir/Miscompilation.cpp.o
[50/506] Building CXX object tools/bugpoint/CMakeFiles/bugpoint.dir/bugpoint.cpp.o
[51/506] Building CXX object tools/dsymutil/CMakeFiles/dsymutil.dir/dsymutil.cpp.o
[52/506] Building CXX object tools/dsymutil/CMakeFiles/dsymutil.dir/DwarfLinkerForBinary.cpp.o
[53/506] Building CXX object tools/dsymutil/CMakeFiles/dsymutil.dir/MachOUtils.cpp.o
[54/506] Building CXX object tools/lli/CMakeFiles/lli.dir/lli.cpp.o
[55/506] Building CXX object tools/llvm-diff/lib/CMakeFiles/LLVMDiff.dir/DiffConsumer.cpp.o
[56/506] Building CXX object tools/llvm-diff/lib/CMakeFiles/LLVMDiff.dir/DifferenceEngine.cpp.o
[57/506] Building CXX object tools/llvm-dis/CMakeFiles/llvm-dis.dir/llvm-dis.cpp.o
[58/506] Building CXX object tools/llvm-dwarfutil/CMakeFiles/llvm-dwarfutil.dir/DebugInfoLinker.cpp.o
[59/506] Building CXX object tools/llvm-exegesis/CMakeFiles/llvm-exegesis.dir/llvm-exegesis.cpp.o
[60/506] Building CXX object tools/llvm-exegesis/lib/CMakeFiles/LLVMExegesis.dir/Assembler.cpp.o
[61/506] Building CXX object tools/llvm-exegesis/lib/CMakeFiles/LLVMExegesis.dir/BenchmarkResult.cpp.o
[62/506] Building CXX object tools/llvm-exegesis/lib/CMakeFiles/LLVMExegesis.dir/LatencyBenchmarkRunner.cpp.o
[63/506] Building CXX object tools/llvm-exegesis/lib/CMakeFiles/LLVMExegesis.dir/BenchmarkRunner.cpp.o
[64/506] Building CXX object tools/llvm-exegesis/lib/CMakeFiles/LLVMExegesis.dir/LlvmState.cpp.o
[65/506] Building CXX object tools/llvm-exegesis/lib/CMakeFiles/LLVMExegesis.dir/ParallelSnippetGenerator.cpp.o
[66/506] Building CXX object tools/llvm-exegesis/lib/CMakeFiles/LLVMExegesis.dir/SerialSnippetGenerator.cpp.o
[67/506] Building CXX object tools/llvm-exegesis/lib/CMakeFiles/LLVMExegesis.dir/SnippetFile.cpp.o
[68/506] Building CXX object tools/llvm-exegesis/lib/CMakeFiles/LLVMExegesis.dir/SnippetGenerator.cpp.o
[69/506] Building CXX object tools/llvm-exegesis/lib/CMakeFiles/LLVMExegesis.dir/SnippetRepetitor.cpp.o
[70/506] Building CXX object tools/llvm-exegesis/lib/CMakeFiles/LLVMExegesis.dir/Target.cpp.o
[71/506] Building CXX object tools/llvm-exegesis/lib/CMakeFiles/LLVMExegesis.dir/UopsBenchmarkRunner.cpp.o
[72/506] Building CXX object tools/llvm-exegesis/lib/RISCV/CMakeFiles/LLVMExegesisRISCV.dir/Target.cpp.o
[73/506] Building CXX object tools/llvm-extract/CMakeFiles/llvm-extract.dir/llvm-extract.cpp.o
[74/506] Building CXX object tools/llvm-isel-fuzzer/CMakeFiles/llvm-isel-fuzzer.dir/llvm-isel-fuzzer.cpp.o
[75/506] Building CXX object tools/llvm-lto2/CMakeFiles/llvm-lto2.dir/llvm-lto2.cpp.o
[76/506] Building CXX object tools/llvm-opt-fuzzer/CMakeFiles/llvm-opt-fuzzer.dir/llvm-opt-fuzzer.cpp.o
[77/506] Building CXX object tools/llvm-profgen/CMakeFiles/llvm-profgen.dir/llvm-profgen.cpp.o
[78/506] Generating ../../bin/llvm-otool
[79/506] Building CXX object tools/llvm-profgen/CMakeFiles/llvm-profgen.dir/PerfReader.cpp.o
[80/506] Building CXX object tools/llvm-profgen/CMakeFiles/llvm-profgen.dir/ProfiledBinary.cpp.o
[81/506] Building CXX object tools/llvm-profgen/CMakeFiles/llvm-profgen.dir/ProfileGenerator.cpp.o
[82/506] Building CXX object tools/llvm-reduce/CMakeFiles/llvm-reduce.dir/ReducerWorkItem.cpp.o
[83/506] Building CXX object tools/llvm-reduce/CMakeFiles/llvm-reduce.dir/deltas/Delta.cpp.o
[84/506] Building CXX object tools/llvm-reduce/CMakeFiles/llvm-reduce.dir/deltas/Utils.cpp.o
[85/506] Building CXX object tools/llvm-reduce/CMakeFiles/llvm-reduce.dir/deltas/ReduceAliases.cpp.o
[86/506] Building CXX object tools/llvm-reduce/CMakeFiles/llvm-reduce.dir/deltas/ReduceArguments.cpp.o
[87/506] Building CXX object tools/llvm-reduce/CMakeFiles/llvm-reduce.dir/deltas/ReduceBasicBlocks.cpp.o
[88/506] Building CXX object tools/llvm-reduce/CMakeFiles/llvm-reduce.dir/deltas/ReduceAttributes.cpp.o
[89/506] Building CXX object tools/llvm-reduce/CMakeFiles/llvm-reduce.dir/deltas/ReduceDIMetadata.cpp.o
[90/506] Building CXX object tools/llvm-reduce/CMakeFiles/llvm-reduce.dir/deltas/ReduceFunctionBodies.cpp.o
[91/506] Building CXX object tools/llvm-reduce/CMakeFiles/llvm-reduce.dir/deltas/ReduceGlobalVarInitializers.cpp.o
[92/506] Building CXX object tools/llvm-reduce/CMakeFiles/llvm-reduce.dir/deltas/ReduceGlobalVars.cpp.o
[93/506] Building CXX object tools/llvm-reduce/CMakeFiles/llvm-reduce.dir/deltas/ReduceInstructions.cpp.o
[94/506] Building CXX object tools/llvm-reduce/CMakeFiles/llvm-reduce.dir/deltas/ReduceInstructionFlags.cpp.o
[95/506] Building CXX object tools/llvm-reduce/CMakeFiles/llvm-reduce.dir/deltas/ReduceInvokes.cpp.o
[96/506] Building CXX object tools/llvm-reduce/CMakeFiles/llvm-reduce.dir/deltas/ReduceMetadata.cpp.o
[97/506] Building CXX object tools/llvm-reduce/CMakeFiles/llvm-reduce.dir/deltas/ReduceMemoryOperations.cpp.o
[98/506] Building CXX object tools/llvm-reduce/CMakeFiles/llvm-reduce.dir/deltas/ReduceOperandBundles.cpp.o
[99/506] Building CXX object tools/llvm-reduce/CMakeFiles/llvm-reduce.dir/deltas/ReduceOpcodes.cpp.o
[100/506] Building CXX object tools/llvm-reduce/CMakeFiles/llvm-reduce.dir/deltas/ReduceSpecialGlobals.cpp.o
[101/506] Building CXX object tools/llvm-reduce/CMakeFiles/llvm-reduce.dir/deltas/ReduceOperands.cpp.o
[102/506] Building CXX object tools/llvm-reduce/CMakeFiles/llvm-reduce.dir/deltas/ReduceOperandsSkip.cpp.o
[103/506] Building CXX object tools/llvm-reduce/CMakeFiles/llvm-reduce.dir/deltas/ReduceOperandsToArgs.cpp.o
[104/506] Building CXX object tools/llvm-reduce/CMakeFiles/llvm-reduce.dir/deltas/ReduceInstructionsMIR.cpp.o
[105/506] Building CXX object tools/llvm-reduce/CMakeFiles/llvm-reduce.dir/deltas/ReduceInstructionFlagsMIR.cpp.o
[106/506] Building CXX object tools/llvm-reduce/CMakeFiles/llvm-reduce.dir/deltas/ReduceIRReferences.cpp.o
[107/506] Building CXX object tools/llvm-reduce/CMakeFiles/llvm-reduce.dir/deltas/ReduceVirtualRegisters.cpp.o
[108/506] Building CXX object tools/llvm-reduce/CMakeFiles/llvm-reduce.dir/deltas/ReduceRegisterMasks.cpp.o
[109/506] Building CXX object tools/llvm-reduce/CMakeFiles/llvm-reduce.dir/deltas/ReduceRegisterDefs.cpp.o
[110/506] Building CXX object tools/llvm-reduce/CMakeFiles/llvm-reduce.dir/deltas/ReduceRegisterUses.cpp.o
[111/506] Building CXX object tools/llvm-reduce/CMakeFiles/llvm-reduce.dir/deltas/ReduceUsingSimplifyCFG.cpp.o
[112/506] Building CXX object tools/llvm-reduce/CMakeFiles/llvm-reduce.dir/deltas/RunIRPasses.cpp.o
[113/506] Building CXX object tools/llvm-reduce/CMakeFiles/llvm-reduce.dir/deltas/SimplifyInstructions.cpp.o
[114/506] Building CXX object tools/llvm-reduce/CMakeFiles/llvm-reduce.dir/deltas/StripDebugInfo.cpp.o
[115/506] Building CXX object tools/llvm-sim/CMakeFiles/llvm-sim.dir/llvm-sim.cpp.o
[116/506] Building CXX object tools/llvm-stress/CMakeFiles/llvm-stress.dir/llvm-stress.cpp.o
[117/506] Building CXX object tools/llvm-tli-checker/CMakeFiles/llvm-tli-checker.dir/llvm-tli-checker.cpp.o
[118/506] Building CXX object tools/sanstats/CMakeFiles/sanstats.dir/sanstats.cpp.o
[119/506] Building CXX object unittests/Analysis/CMakeFiles/AnalysisTests.dir/AliasAnalysisTest.cpp.o
[120/506] Building CXX object unittests/Analysis/CMakeFiles/AnalysisTests.dir/AliasSetTrackerTest.cpp.o
[121/506] Building CXX object unittests/Analysis/CMakeFiles/AnalysisTests.dir/AssumeBundleQueriesTest.cpp.o
[122/506] Building CXX object unittests/Analysis/CMakeFiles/AnalysisTests.dir/BasicAliasAnalysisTest.cpp.o
[123/506] Building CXX object unittests/Analysis/CMakeFiles/AnalysisTests.dir/BlockFrequencyInfoTest.cpp.o
[124/506] Building CXX object unittests/Analysis/CMakeFiles/AnalysisTests.dir/BranchProbabilityInfoTest.cpp.o
[125/506] Building CXX object unittests/Analysis/CMakeFiles/AnalysisTests.dir/CaptureTrackingTest.cpp.o
[126/506] Building CXX object unittests/Analysis/CMakeFiles/AnalysisTests.dir/CFGTest.cpp.o
[127/506] Building CXX object unittests/Analysis/CMakeFiles/AnalysisTests.dir/CGSCCPassManagerTest.cpp.o
[128/506] Building CXX object unittests/Analysis/CMakeFiles/AnalysisTests.dir/CtxProfAnalysisTest.cpp.o
[129/506] Building CXX object unittests/Analysis/CMakeFiles/AnalysisTests.dir/DDGTest.cpp.o
[130/506] Building CXX object unittests/Analysis/CMakeFiles/AnalysisTests.dir/DomTreeUpdaterTest.cpp.o
[131/506] Building CXX object unittests/Analysis/CMakeFiles/AnalysisTests.dir/DXILResourceTest.cpp.o
[132/506] Building CXX object unittests/Analysis/CMakeFiles/AnalysisTests.dir/GraphWriterTest.cpp.o
[133/506] Building CXX object unittests/Analysis/CMakeFiles/AnalysisTests.dir/GlobalsModRefTest.cpp.o
[134/506] Building CXX object unittests/Analysis/CMakeFiles/AnalysisTests.dir/FunctionPropertiesAnalysisTest.cpp.o
[135/506] Building CXX object unittests/Analysis/CMakeFiles/AnalysisTests.dir/InlineCostTest.cpp.o
[136/506] Linking CXX executable bin/llvm-bcanalyzer
[137/506] Building CXX object unittests/Analysis/CMakeFiles/AnalysisTests.dir/IRSimilarityIdentifierTest.cpp.o
[138/506] Building CXX object unittests/Analysis/CMakeFiles/AnalysisTests.dir/IVDescriptorsTest.cpp.o
[139/506] Building CXX object unittests/Analysis/CMakeFiles/AnalysisTests.dir/LastRunTrackingAnalysisTest.cpp.o
[140/506] Building CXX object unittests/Analysis/CMakeFiles/AnalysisTests.dir/LazyCallGraphTest.cpp.o
[141/506] Building CXX object unittests/Analysis/CMakeFiles/AnalysisTests.dir/LoadsTest.cpp.o
[142/506] Building CXX object unittests/Analysis/CMakeFiles/AnalysisTests.dir/LoopInfoTest.cpp.o
[143/506] Building CXX object unittests/Analysis/CMakeFiles/AnalysisTests.dir/LoopNestTest.cpp.o
[144/506] Building CXX object unittests/Analysis/CMakeFiles/AnalysisTests.dir/MemoryBuiltinsTest.cpp.o
[145/506] Building CXX object unittests/Analysis/CMakeFiles/AnalysisTests.dir/MemoryProfileInfoTest.cpp.o
[146/506] Building CXX object unittests/Analysis/CMakeFiles/AnalysisTests.dir/MemorySSATest.cpp.o
[147/506] Building CXX object unittests/Analysis/CMakeFiles/AnalysisTests.dir/PhiValuesTest.cpp.o
[148/506] Building CXX object unittests/Analysis/CMakeFiles/AnalysisTests.dir/PluginInlineAdvisorAnalysisTest.cpp.o
[149/506] Building CXX object unittests/Analysis/CMakeFiles/AnalysisTests.dir/PluginInlineOrderAnalysisTest.cpp.o
[150/506] Building CXX object unittests/Analysis/CMakeFiles/AnalysisTests.dir/ProfileSummaryInfoTest.cpp.o
[151/506] Building CXX object unittests/Analysis/CMakeFiles/AnalysisTests.dir/ReplaceWithVecLibTest.cpp.o
[152/506] Building CXX object unittests/Analysis/CMakeFiles/AnalysisTests.dir/ScalarEvolutionTest.cpp.o
[153/506] Building CXX object unittests/Analysis/CMakeFiles/AnalysisTests.dir/SparsePropagation.cpp.o
[154/506] Building CXX object unittests/Analysis/CMakeFiles/AnalysisTests.dir/TargetLibraryInfoTest.cpp.o
[155/506] Building CXX object unittests/Analysis/CMakeFiles/AnalysisTests.dir/TBAATest.cpp.o
[156/506] Building CXX object unittests/Analysis/CMakeFiles/AnalysisTests.dir/UnrollAnalyzerTest.cpp.o
[157/506] Building CXX object unittests/Analysis/CMakeFiles/AnalysisTests.dir/ValueLatticeTest.cpp.o
[158/506] Building CXX object unittests/Analysis/CMakeFiles/AnalysisTests.dir/ValueTrackingTest.cpp.o
[159/506] Building CXX object unittests/Analysis/CMakeFiles/AnalysisTests.dir/VectorUtilsTest.cpp.o
[160/506] Building CXX object unittests/Analysis/InlineAdvisorPlugin/CMakeFiles/InlineAdvisorPlugin.dir/InlineAdvisorPlugin.cpp.o
[161/506] Building CXX object unittests/Analysis/InlineOrderPlugin/CMakeFiles/InlineOrderPlugin.dir/InlineOrderPlugin.cpp.o
[162/506] Building CXX object unittests/AsmParser/CMakeFiles/AsmParserTests.dir/AsmParserTest.cpp.o
[163/506] Building CXX object unittests/Bitcode/CMakeFiles/BitcodeTests.dir/BitReaderTest.cpp.o
[164/506] Building CXX object unittests/CodeGen/CMakeFiles/CodeGenTests.dir/AArch64SelectionDAGTest.cpp.o
[165/506] Building CXX object unittests/CodeGen/CMakeFiles/CodeGenTests.dir/AsmPrinterDwarfTest.cpp.o
[166/506] Building CXX object unittests/CodeGen/CMakeFiles/CodeGenTests.dir/CCStateTest.cpp.o
[167/506] Building CXX object unittests/CodeGen/CMakeFiles/CodeGenTests.dir/DIETest.cpp.o
[168/506] Building CXX object unittests/CodeGen/CMakeFiles/CodeGenTests.dir/InstrRefLDVTest.cpp.o
[169/506] Building CXX object unittests/CodeGen/CMakeFiles/CodeGenTests.dir/LexicalScopesTest.cpp.o
[170/506] Building CXX object unittests/CodeGen/CMakeFiles/CodeGenTests.dir/MachineBasicBlockTest.cpp.o
[171/506] Building CXX object unittests/CodeGen/CMakeFiles/CodeGenTests.dir/MachineDomTreeUpdaterTest.cpp.o
[172/506] Building CXX object unittests/CodeGen/CMakeFiles/CodeGenTests.dir/MachineInstrTest.cpp.o
[173/506] Building CXX object unittests/CodeGen/CMakeFiles/CodeGenTests.dir/MachineOperandTest.cpp.o
[174/506] Building CXX object unittests/CodeGen/CMakeFiles/CodeGenTests.dir/RegAllocScoreTest.cpp.o
[175/506] Building CXX object unittests/CodeGen/CMakeFiles/CodeGenTests.dir/PassManagerTest.cpp.o
[176/506] Building CXX object unittests/CodeGen/CMakeFiles/CodeGenTests.dir/SchedBoundary.cpp.o
[177/506] Building CXX object unittests/CodeGen/CMakeFiles/CodeGenTests.dir/SelectionDAGAddressAnalysisTest.cpp.o
[178/506] Building CXX object unittests/CodeGen/CMakeFiles/CodeGenTests.dir/SelectionDAGPatternMatchTest.cpp.o
[179/506] Building CXX object unittests/CodeGen/CMakeFiles/CodeGenTests.dir/TypeTraitsTest.cpp.o
[180/506] Building CXX object unittests/CodeGen/CMakeFiles/CodeGenTests.dir/TestAsmPrinter.cpp.o
[181/506] Building CXX object unittests/CodeGen/CMakeFiles/CodeGenTests.dir/MLRegAllocDevelopmentFeatures.cpp.o
[182/506] Building CXX object unittests/CodeGen/GlobalISel/CMakeFiles/GlobalISelTests.dir/ConstantFoldingTest.cpp.o
[183/506] Building CXX object unittests/CodeGen/GlobalISel/CMakeFiles/GlobalISelTests.dir/CSETest.cpp.o
[184/506] Building CXX object unittests/CodeGen/GlobalISel/CMakeFiles/GlobalISelTests.dir/GIMatchTableExecutorTest.cpp.o
[185/506] Building CXX object unittests/CodeGen/GlobalISel/CMakeFiles/GlobalISelTests.dir/LegalizerTest.cpp.o
[186/506] Building CXX object unittests/CodeGen/GlobalISel/CMakeFiles/GlobalISelTests.dir/LegalizerHelperTest.cpp.o
[187/506] Building CXX object unittests/CodeGen/GlobalISel/CMakeFiles/GlobalISelTests.dir/LegalizerInfoTest.cpp.o
[188/506] Building CXX object unittests/CodeGen/GlobalISel/CMakeFiles/GlobalISelTests.dir/MachineIRBuilderTest.cpp.o
[189/506] Building CXX object unittests/CodeGen/GlobalISel/CMakeFiles/GlobalISelTests.dir/GISelMITest.cpp.o
[190/506] Building CXX object unittests/CodeGen/GlobalISel/CMakeFiles/GlobalISelTests.dir/PatternMatchTest.cpp.o
[191/506] Building CXX object unittests/CodeGen/GlobalISel/CMakeFiles/GlobalISelTests.dir/KnownBitsTest.cpp.o
[192/506] Building CXX object unittests/CodeGen/GlobalISel/CMakeFiles/GlobalISelTests.dir/GISelUtilsTest.cpp.o
[193/506] Building CXX object unittests/CodeGen/GlobalISel/CMakeFiles/GlobalISelTests.dir/KnownBitsVectorTest.cpp.o
[194/506] Building CXX object unittests/CodeGen/GlobalISel/CMakeFiles/GlobalISelTests.dir/GISelAliasTest.cpp.o
[195/506] Building CXX object unittests/CodeGen/GlobalISel/CMakeFiles/GlobalISelTests.dir/CallLowering.cpp.o
[196/506] Building CXX object unittests/CodeGen/GlobalISel/CMakeFiles/GlobalISelTests.dir/InstructionSelectTest.cpp.o
[197/506] Building CXX object unittests/DebugInfo/DWARF/CMakeFiles/DebugInfoDWARFTests.dir/DwarfGenerator.cpp.o
[198/506] Building CXX object unittests/DebugInfo/DWARF/CMakeFiles/DebugInfoDWARFTests.dir/DWARFDebugInfoTest.cpp.o
[199/506] Building CXX object unittests/DebugInfo/LogicalView/CMakeFiles/DebugInfoLogicalViewTests.dir/__/DWARF/DwarfGenerator.cpp.o
[200/506] Building CXX object unittests/ExecutionEngine/Orc/CMakeFiles/OrcJITTests.dir/ExecutorAddressTest.cpp.o
[201/506] Building CXX object unittests/ExecutionEngine/Orc/CMakeFiles/OrcJITTests.dir/EPCGenericJITLinkMemoryManagerTest.cpp.o
[202/506] Building CXX object unittests/ExecutionEngine/Orc/CMakeFiles/OrcJITTests.dir/EPCGenericMemoryAccessTest.cpp.o
[203/506] Building CXX object unittests/ExecutionEngine/Orc/CMakeFiles/OrcJITTests.dir/IndirectionUtilsTest.cpp.o
[204/506] Linking CXX static library lib/libLLVMFuzzMutate.a
[205/506] Building CXX object unittests/ExecutionEngine/Orc/CMakeFiles/OrcJITTests.dir/CoreAPIsTest.cpp.o
[206/506] Building CXX object unittests/ExecutionEngine/Orc/CMakeFiles/OrcJITTests.dir/JITTargetMachineBuilderTest.cpp.o
[207/506] Building CXX object unittests/ExecutionEngine/Orc/CMakeFiles/OrcJITTests.dir/LazyCallThroughAndReexportsTest.cpp.o
[208/506] Building CXX object unittests/ExecutionEngine/Orc/CMakeFiles/OrcJITTests.dir/LookupAndRecordAddrsTest.cpp.o
[209/506] Building CXX object unittests/ExecutionEngine/Orc/CMakeFiles/OrcJITTests.dir/MapperJITLinkMemoryManagerTest.cpp.o
[210/506] Building CXX object unittests/ExecutionEngine/Orc/CMakeFiles/OrcJITTests.dir/OrcCAPITest.cpp.o
[211/506] Building CXX object unittests/ExecutionEngine/Orc/CMakeFiles/OrcJITTests.dir/OrcTestCommon.cpp.o
[212/506] Building CXX object unittests/ExecutionEngine/Orc/CMakeFiles/OrcJITTests.dir/ResourceTrackerTest.cpp.o
[213/506] Building CXX object unittests/ExecutionEngine/Orc/CMakeFiles/OrcJITTests.dir/RTDyldObjectLinkingLayerTest.cpp.o
[214/506] Building CXX object unittests/ExecutionEngine/Orc/CMakeFiles/OrcJITTests.dir/SharedMemoryMapperTest.cpp.o
[215/506] Building CXX object unittests/ExecutionEngine/Orc/CMakeFiles/OrcJITTests.dir/JITLinkRedirectionManagerTest.cpp.o
[216/506] Building CXX object unittests/ExecutionEngine/Orc/CMakeFiles/OrcJITTests.dir/ReOptimizeLayerTest.cpp.o
[217/506] Building CXX object unittests/FuzzMutate/CMakeFiles/FuzzMutateTests.dir/OperationsTest.cpp.o
[218/506] Building CXX object unittests/FuzzMutate/CMakeFiles/FuzzMutateTests.dir/StrategiesTest.cpp.o
[219/506] Building CXX object unittests/FuzzMutate/CMakeFiles/FuzzMutateTests.dir/RandomIRBuilderTest.cpp.o
[220/506] Building CXX object unittests/IR/CMakeFiles/IRTests.dir/AbstractCallSiteTest.cpp.o
[221/506] Building CXX object unittests/IR/CMakeFiles/IRTests.dir/AsmWriterTest.cpp.o
[222/506] Building CXX object unittests/IR/CMakeFiles/IRTests.dir/BasicBlockDbgInfoTest.cpp.o
[223/506] Building CXX object unittests/Frontend/CMakeFiles/LLVMFrontendTests.dir/OpenMPIRBuilderTest.cpp.o
[224/506] Building CXX object unittests/IR/CMakeFiles/IRTests.dir/BasicBlockTest.cpp.o
[225/506] Building CXX object unittests/IR/CMakeFiles/IRTests.dir/CFGBuilder.cpp.o
[226/506] Building CXX object unittests/IR/CMakeFiles/IRTests.dir/ConstantFPRangeTest.cpp.o
[227/506] Building CXX object unittests/IR/CMakeFiles/IRTests.dir/ConstantRangeTest.cpp.o
[228/506] Building CXX object unittests/IR/CMakeFiles/IRTests.dir/ConstantsTest.cpp.o
[229/506] Building CXX object unittests/IR/CMakeFiles/IRTests.dir/DebugInfoTest.cpp.o
[230/506] Building CXX object unittests/IR/CMakeFiles/IRTests.dir/DebugTypeODRUniquingTest.cpp.o
[231/506] Building CXX object unittests/IR/CMakeFiles/IRTests.dir/DominatorTreeTest.cpp.o
[232/506] Building CXX object unittests/IR/CMakeFiles/IRTests.dir/DroppedVariableStatsIRTest.cpp.o
[233/506] Building CXX object unittests/IR/CMakeFiles/IRTests.dir/IRBuilderTest.cpp.o
[234/506] Building CXX object unittests/IR/CMakeFiles/IRTests.dir/IntrinsicsTest.cpp.o
[235/506] Building CXX object unittests/IR/CMakeFiles/IRTests.dir/LegacyPassManagerTest.cpp.o
[236/506] Building CXX object unittests/IR/CMakeFiles/IRTests.dir/MDBuilderTest.cpp.o
[237/506] Building CXX object unittests/IR/CMakeFiles/IRTests.dir/PassBuilderCallbacksTest.cpp.o
[238/506] Building CXX object unittests/IR/CMakeFiles/IRTests.dir/InstructionsTest.cpp.o
[239/506] Building CXX object unittests/IR/CMakeFiles/IRTests.dir/MetadataTest.cpp.o
[240/506] Building CXX object unittests/IR/CMakeFiles/IRTests.dir/ModuleTest.cpp.o
[241/506] Building CXX object unittests/IR/CMakeFiles/IRTests.dir/PassManagerTest.cpp.o
[242/506] Building CXX object unittests/IR/CMakeFiles/IRTests.dir/PatternMatch.cpp.o
[243/506] Building CXX object unittests/IR/CMakeFiles/IRTests.dir/ShuffleVectorInstTest.cpp.o
[244/506] Building CXX object unittests/IR/CMakeFiles/IRTests.dir/UserTest.cpp.o
[245/506] Building CXX object unittests/IR/CMakeFiles/IRTests.dir/ValueTest.cpp.o
[246/506] Linking CXX executable bin/llvm-as
[247/506] Building CXX object unittests/IR/CMakeFiles/IRTests.dir/ValueHandleTest.cpp.o
[248/506] Building CXX object unittests/IR/CMakeFiles/IRTests.dir/ValueMapTest.cpp.o
[249/506] Building CXX object unittests/IR/CMakeFiles/IRTests.dir/VectorBuilderTest.cpp.o
[250/506] Building CXX object unittests/IR/CMakeFiles/IRTests.dir/VerifierTest.cpp.o
[251/506] Building CXX object unittests/IR/CMakeFiles/IRTests.dir/VFABIDemanglerTest.cpp.o
[252/506] Building CXX object unittests/IR/CMakeFiles/IRTests.dir/VPIntrinsicTest.cpp.o
[253/506] Building CXX object unittests/Linker/CMakeFiles/LinkerTests.dir/LinkModulesTest.cpp.o
[254/506] Building CXX object unittests/MI/CMakeFiles/MITests.dir/LiveIntervalTest.cpp.o
[255/506] Building CXX object unittests/MIR/CMakeFiles/MIRTests.dir/MachineMetadata.cpp.o
[256/506] Building CXX object unittests/MIR/CMakeFiles/MIRTests.dir/MachineStableHashTest.cpp.o
[257/506] Building CXX object unittests/Passes/Plugins/CMakeFiles/PluginsTests.dir/PluginsTest.cpp.o
[258/506] Building CXX object unittests/Passes/Plugins/TestPlugin/CMakeFiles/TestPlugin.dir/TestPlugin.cpp.o
[259/506] Building CXX object unittests/Passes/Plugins/DoublerPlugin/CMakeFiles/DoublerPlugin.dir/DoublerPlugin.cpp.o
[260/506] Building CXX object unittests/ProfileData/CMakeFiles/ProfileDataTests.dir/InstrProfTest.cpp.o
[261/506] Building CXX object unittests/ProfileData/CMakeFiles/ProfileDataTests.dir/SampleProfTest.cpp.o
[262/506] Building CXX object unittests/SandboxIR/CMakeFiles/SandboxIRTests.dir/IntrinsicInstTest.cpp.o
[263/506] Building CXX object unittests/SandboxIR/CMakeFiles/SandboxIRTests.dir/PassTest.cpp.o
[264/506] Building CXX object unittests/SandboxIR/CMakeFiles/SandboxIRTests.dir/RegionTest.cpp.o
[265/506] Building CXX object unittests/SandboxIR/CMakeFiles/SandboxIRTests.dir/OperatorTest.cpp.o
[266/506] Linking CXX executable bin/llvm-cat
[267/506] Building CXX object unittests/SandboxIR/CMakeFiles/SandboxIRTests.dir/SandboxIRTest.cpp.o
[268/506] Building CXX object unittests/SandboxIR/CMakeFiles/SandboxIRTests.dir/TrackerTest.cpp.o
[269/506] Building CXX object unittests/SandboxIR/CMakeFiles/SandboxIRTests.dir/TypesTest.cpp.o
[270/506] Building CXX object unittests/SandboxIR/CMakeFiles/SandboxIRTests.dir/UtilsTest.cpp.o
[271/506] Building CXX object unittests/Target/RISCV/CMakeFiles/RISCVTests.dir/MCInstrAnalysisTest.cpp.o
[272/506] Building CXX object unittests/Target/RISCV/CMakeFiles/RISCVTests.dir/RISCVInstrInfoTest.cpp.o
[273/506] Building CXX object unittests/Transforms/Coroutines/CMakeFiles/CoroTests.dir/ExtraRematTest.cpp.o
[274/506] Building CXX object unittests/Transforms/IPO/CMakeFiles/IPOTests.dir/AttributorTest.cpp.o
[275/506] Building CXX object unittests/Transforms/Instrumentation/CMakeFiles/InstrumentationTests.dir/MemProfUseTest.cpp.o
[276/506] Building CXX object unittests/Transforms/Instrumentation/CMakeFiles/InstrumentationTests.dir/PGOInstrumentationTest.cpp.o
[277/506] Building CXX object unittests/Transforms/IPO/CMakeFiles/IPOTests.dir/FunctionSpecializationTest.cpp.o
[278/506] Building CXX object unittests/Transforms/Scalar/CMakeFiles/ScalarTests.dir/LICMTest.cpp.o
[279/506] Building CXX object unittests/Transforms/Utils/CMakeFiles/UtilsTests.dir/BasicBlockUtilsTest.cpp.o
[280/506] Building CXX object unittests/Transforms/Utils/CMakeFiles/UtilsTests.dir/CallPromotionUtilsTest.cpp.o
[281/506] Building CXX object unittests/Transforms/Utils/CMakeFiles/UtilsTests.dir/CloningTest.cpp.o
[282/506] Building CXX object unittests/Transforms/Utils/CMakeFiles/UtilsTests.dir/CodeExtractorTest.cpp.o
[283/506] Building CXX object unittests/Transforms/Utils/CMakeFiles/UtilsTests.dir/CodeMoverUtilsTest.cpp.o
[284/506] Linking CXX executable bin/llvm-ar
[285/506] Building CXX object unittests/Transforms/Scalar/CMakeFiles/ScalarTests.dir/LoopPassManagerTest.cpp.o
[286/506] Building CXX object unittests/Transforms/Utils/CMakeFiles/UtilsTests.dir/DebugifyTest.cpp.o
[287/506] Building CXX object unittests/Transforms/Utils/CMakeFiles/UtilsTests.dir/FunctionComparatorTest.cpp.o
[288/506] Building CXX object unittests/Transforms/Utils/CMakeFiles/UtilsTests.dir/IntegerDivisionTest.cpp.o
[289/506] Building CXX object unittests/Transforms/Utils/CMakeFiles/UtilsTests.dir/LocalTest.cpp.o
[290/506] Building CXX object unittests/Transforms/Utils/CMakeFiles/UtilsTests.dir/LoopRotationUtilsTest.cpp.o
[291/506] Building CXX object unittests/Transforms/Utils/CMakeFiles/UtilsTests.dir/LoopUtilsTest.cpp.o
[292/506] Building CXX object unittests/Transforms/Utils/CMakeFiles/UtilsTests.dir/MemTransferLowering.cpp.o
[293/506] Building CXX object unittests/Transforms/Utils/CMakeFiles/UtilsTests.dir/ModuleUtilsTest.cpp.o
[294/506] Building CXX object unittests/Transforms/Utils/CMakeFiles/UtilsTests.dir/ScalarEvolutionExpanderTest.cpp.o
[295/506] Linking CXX static library lib/libLLVMDWARFLinkerClassic.a
[296/506] Building CXX object unittests/Transforms/Utils/CMakeFiles/UtilsTests.dir/SizeOptsTest.cpp.o
[297/506] Building CXX object unittests/Transforms/Utils/CMakeFiles/UtilsTests.dir/SSAUpdaterBulkTest.cpp.o
[298/506] Building CXX object unittests/Transforms/Utils/CMakeFiles/UtilsTests.dir/UnrollLoopTest.cpp.o
[299/506] Building CXX object unittests/Transforms/Utils/CMakeFiles/UtilsTests.dir/ValueMapperTest.cpp.o
[300/506] Building CXX object unittests/Transforms/Utils/CMakeFiles/UtilsTests.dir/ProfDataUtilTest.cpp.o
[301/506] Building CXX object unittests/Transforms/Vectorize/CMakeFiles/VectorizeTests.dir/VPlanTest.cpp.o
[302/506] Building CXX object unittests/Transforms/Vectorize/CMakeFiles/VectorizeTests.dir/VPDomTreeTest.cpp.o
[303/506] Building CXX object unittests/Transforms/Vectorize/CMakeFiles/VectorizeTests.dir/VPlanHCFGTest.cpp.o
[304/506] Building CXX object unittests/Transforms/Vectorize/CMakeFiles/VectorizeTests.dir/VPlanVerifierTest.cpp.o
[305/506] Building CXX object unittests/Transforms/Vectorize/CMakeFiles/VectorizeTests.dir/VPlanSlpTest.cpp.o
[306/506] Generating ../../bin/llvm-ranlib
[307/506] Generating ../../bin/llvm-lib
[308/506] Generating ../../bin/llvm-dlltool
[309/506] Building CXX object unittests/Transforms/Vectorize/SandboxVectorizer/CMakeFiles/SandboxVectorizerTests.dir/DependencyGraphTest.cpp.o
[310/506] Building CXX object unittests/Transforms/Vectorize/SandboxVectorizer/CMakeFiles/SandboxVectorizerTests.dir/InstrMapsTest.cpp.o
[311/506] Building CXX object unittests/Transforms/Vectorize/SandboxVectorizer/CMakeFiles/SandboxVectorizerTests.dir/IntervalTest.cpp.o
[312/506] Building CXX object unittests/Transforms/Vectorize/SandboxVectorizer/CMakeFiles/SandboxVectorizerTests.dir/LegalityTest.cpp.o
[313/506] Building CXX object unittests/Transforms/Vectorize/SandboxVectorizer/CMakeFiles/SandboxVectorizerTests.dir/SandboxVectorizerTest.cpp.o
[314/506] Building CXX object unittests/Transforms/Vectorize/SandboxVectorizer/CMakeFiles/SandboxVectorizerTests.dir/SchedulerTest.cpp.o
[315/506] Building CXX object unittests/Transforms/Vectorize/SandboxVectorizer/CMakeFiles/SandboxVectorizerTests.dir/SeedCollectorTest.cpp.o
[316/506] Building CXX object unittests/Transforms/Vectorize/SandboxVectorizer/CMakeFiles/SandboxVectorizerTests.dir/VecUtilsTest.cpp.o
[317/506] Building CXX object unittests/tools/llvm-exegesis/CMakeFiles/LLVMExegesisTests.dir/BenchmarkRunnerTest.cpp.o
[318/506] Building CXX object unittests/tools/llvm-exegesis/CMakeFiles/LLVMExegesisTests.dir/RISCV/SnippetGeneratorTest.cpp.o
[319/506] Building CXX object unittests/tools/llvm-exegesis/CMakeFiles/LLVMExegesisTests.dir/RISCV/TargetTest.cpp.o
[320/506] Building CXX object unittests/tools/llvm-profgen/CMakeFiles/LLVMProfgenTests.dir/ContextCompressionTest.cpp.o
[321/506] Linking CXX executable bin/llvm-cfi-verify
[322/506] Linking CXX static library lib/libLLVMDWARFLinkerParallel.a
[323/506] Linking CXX static library lib/libLLVMExecutionEngine.a
[324/506] Linking CXX static library lib/libLLVMRISCVTargetMCA.a
[325/506] Linking CXX static library lib/libLLVMInterpreter.a
[326/506] Linking CXX executable bin/llvm-ctxprof-util
[327/506] Linking CXX executable bin/llvm-profdata
[328/506] Linking CXX static library lib/libLLVMOrcJIT.a
[329/506] Linking CXX executable bin/llvm-c-test
[330/506] Linking CXX static library lib/libLLVMOrcDebugging.a
[331/506] Building CXX object tools/clang/tools/clang-repl/CMakeFiles/clang-repl.dir/ClangRepl.cpp.o
[332/506] Building CXX object tools/clang/lib/Interpreter/CMakeFiles/obj.clangInterpreter.dir/Interpreter.cpp.o
[333/506] Building CXX object tools/clang/unittests/CodeGen/CMakeFiles/ClangCodeGenTests.dir/BufferSourceTest.cpp.o
[334/506] Building CXX object tools/clang/unittests/Interpreter/CMakeFiles/ClangReplInterpreterTests.dir/CodeCompletionTest.cpp.o
[335/506] Building CXX object tools/clang/unittests/Interpreter/CMakeFiles/ClangReplInterpreterTests.dir/IncrementalProcessingTest.cpp.o
[336/506] Linking CXX shared module lib/CheckerDependencyHandlingAnalyzerPlugin.so
[337/506] Linking CXX executable bin/llvm-lto
[338/506] Building CXX object tools/clang/unittests/CodeGen/CMakeFiles/ClangCodeGenTests.dir/CodeGenExternalTest.cpp.o
[339/506] Linking CXX shared module lib/SampleAnalyzerPlugin.so
[340/506] Linking CXX static library lib/libclangInterpreter.a
[341/506] Linking CXX shared library lib/libLTO.so.20.1
[342/506] Creating library symlink lib/libLTO.so
[343/506] Linking CXX shared module lib/CheckerOptionHandlingAnalyzerPlugin.so
[344/506] Linking CXX executable bin/apinotes-test
[345/506] Linking CXX executable bin/diagtool
[346/506] Linking CXX executable bin/clang-fuzzer-dictionary
[347/506] Linking CXX executable bin/clang-format
[348/506] Linking CXX executable bin/clang-offload-packager
[349/506] Linking CXX executable bin/clang-offload-bundler
[350/506] Linking CXX executable bin/clang-sycl-linker
[351/506] Linking CXX executable bin/clang-linker-wrapper
[352/506] Linking CXX executable bin/clang-diff
[353/506] Linking CXX executable bin/clang-import-test
[354/506] Linking CXX executable bin/clang-nvlink-wrapper
[355/506] Linking CXX executable bin/clang-installapi
[356/506] Linking CXX executable bin/clang-scan-deps
[357/506] Linking CXX executable bin/clang-refactor
[358/506] Linking CXX executable bin/arcmt-test
[359/506] Linking CXX executable tools/clang/unittests/Basic/BasicTests
[360/506] Linking CXX executable bin/clang-repl
[361/506] Linking CXX executable bin/clang-check
[362/506] Linking CXX executable bin/clang-extdef-mapping
[363/506] Linking CXX executable tools/clang/unittests/Lex/LexTests
[364/506] Linking CXX shared library lib/libclang.so.20.1.8
[365/506] Creating library symlink lib/libclang.so.20.1 lib/libclang.so
[366/506] Linking CXX executable tools/clang/unittests/Analysis/ClangAnalysisTests
[367/506] Linking CXX executable tools/clang/unittests/Analysis/FlowSensitive/ClangAnalysisFlowSensitiveTests
[368/506] Linking CXX executable tools/clang/unittests/Driver/ClangDriverTests
[369/506] Linking CXX executable bin/c-arcmt-test
[370/506] Linking CXX executable tools/clang/unittests/StaticAnalyzer/StaticAnalysisTests
[371/506] Linking CXX executable tools/clang/unittests/ASTMatchers/ASTMatchersTests
[372/506] Linking CXX executable bin/c-index-test
[373/506] Linking CXX executable tools/clang/unittests/ASTMatchers/Dynamic/DynamicASTMatchersTests
[374/506] Linking CXX executable tools/clang/unittests/AST/ByteCode/InterpTests
[375/506] Linking CXX executable tools/clang/unittests/AST/ASTTests
[376/506] Linking CXX executable tools/clang/unittests/Format/FormatTests
[377/506] Linking CXX executable tools/clang/unittests/CrossTU/CrossTUTests
[378/506] Linking CXX executable tools/clang/unittests/Tooling/Syntax/SyntaxTests
[379/506] Linking CXX executable tools/clang/unittests/Sema/SemaTests
[380/506] Linking CXX executable tools/clang/unittests/Rewrite/RewriteTests
[381/506] Linking CXX executable tools/clang/unittests/Tooling/ToolingTests
[382/506] Linking CXX executable tools/clang/unittests/libclang/libclangTests
[383/506] Linking CXX executable tools/clang/unittests/libclang/CrashTests/libclangCrashTests
[384/506] Linking CXX executable tools/clang/unittests/Frontend/FrontendTests
[385/506] Linking CXX executable tools/clang/unittests/InstallAPI/InstallAPITests
[386/506] Linking CXX executable tools/clang/unittests/CodeGen/ClangCodeGenTests
[387/506] Linking CXX executable tools/clang/unittests/Index/IndexTests
[388/506] Linking CXX executable tools/clang/unittests/Interpreter/ClangReplInterpreterTests
[389/506] Linking CXX executable bin/bugpoint
[390/506] Building CXX object tools/bugpoint-passes/CMakeFiles/BugpointPasses.dir/TestPasses.cpp.o
[391/506] Linking CXX executable tools/clang/unittests/Support/ClangSupportTests
[392/506] Linking CXX executable tools/clang/unittests/Serialization/SerializationTests
[393/506] Linking CXX shared module lib/BugpointPasses.so
[394/506] Linking CXX executable bin/lli-child-target
[395/506] Linking CXX executable bin/llvm-cgdata
[396/506] Linking CXX executable tools/clang/unittests/Interpreter/ExceptionTests/ClangReplInterpreterExceptionTests
[397/506] Linking CXX executable bin/llvm-cov
[398/506] Linking CXX executable bin/llvm-cvtres
[399/506] Linking CXX executable bin/llvm-cxxmap
[400/506] Linking CXX executable bin/dsymutil
[401/506] Linking CXX static library lib/libLLVMDiff.a
[402/506] Linking CXX executable bin/llvm-cxxdump
[403/506] Linking CXX executable bin/llvm-debuginfod-find
[404/506] Linking CXX executable bin/lli
[405/506] Linking CXX executable bin/llvm-dis
[406/506] Linking CXX executable bin/llvm-diff
[407/506] Linking CXX executable bin/llvm-debuginfo-analyzer
[408/506] Linking CXX static library lib/libLLVMExegesis.a
[409/506] Linking CXX executable bin/llvm-dwarfdump
[410/506] Copying llvm-locstats into /work/build/./bin
[411/506] Linking CXX static library lib/libLLVMExegesisRISCV.a
[412/506] Linking CXX executable bin/llvm-ifs
[413/506] Linking CXX executable bin/llvm-dwarfutil
[414/506] Linking CXX executable bin/llvm-dwp
[415/506] Linking CXX executable bin/llvm-extract
[416/506] Linking CXX executable bin/llvm-gsymutil
[417/506] Linking CXX executable bin/llvm-libtool-darwin
[418/506] Linking CXX executable bin/llvm-isel-fuzzer
[419/506] Linking CXX executable bin/llvm-jitlink
[420/506] Linking CXX executable bin/llvm-link
[421/506] Linking CXX executable bin/llvm-exegesis
[422/506] Linking CXX executable bin/llvm-mca
[423/506] Linking CXX executable bin/llvm-lipo
[424/506] Linking CXX executable bin/llvm-ml
[425/506] Linking CXX executable bin/llvm-modextract
[426/506] Linking CXX executable bin/llvm-objcopy
[427/506] Generating ../../bin/llvm-install-name-tool
[428/506] Linking CXX executable bin/llvm-nm
[429/506] Generating ../../bin/llvm-bitcode-strip
[430/506] Generating ../../bin/llvm-strip
[431/506] Linking CXX executable bin/llvm-pdbutil
[432/506] Linking CXX executable bin/llvm-profgen
[433/506] Linking CXX executable bin/llvm-rc
[434/506] Generating ../../bin/llvm-windres
[435/506] Linking CXX executable bin/llvm-lto2
[436/506] Linking CXX executable bin/llvm-readtapi
[437/506] Linking CXX executable bin/llvm-readobj
[438/506] Generating ../../bin/llvm-readelf
[439/506] Linking CXX executable bin/llvm-size
[440/506] Linking CXX executable bin/llvm-sim
[441/506] Linking CXX executable bin/llvm-rtdyld
[442/506] Linking CXX executable bin/llvm-strings
[443/506] Linking CXX executable bin/llvm-opt-fuzzer
[444/506] Linking CXX executable bin/llvm-stress
[445/506] Linking CXX executable bin/llvm-symbolizer
[446/506] Generating ../../bin/llvm-addr2line
[447/506] Linking CXX executable bin/llvm-tli-checker
[448/506] Linking CXX executable bin/llvm-split
[449/506] Linking CXX executable bin/llvm-reduce
[450/506] Linking CXX executable bin/obj2yaml
[451/506] Linking CXX executable bin/llvm-xray
[452/506] Linking CXX shared module unittests/Analysis/InlineOrderPlugin.so
[453/506] Linking CXX shared module unittests/Analysis/InlineAdvisorPlugin.so
[454/506] Linking CXX executable bin/yaml2obj
[455/506] Linking CXX executable bin/sanstats
[456/506] Linking CXX executable bin/sancov
[457/506] Linking CXX executable unittests/AsmParser/AsmParserTests
[458/506] Linking CXX executable bin/verify-uselistorder
[459/506] Linking CXX executable unittests/Bitcode/BitcodeTests
[460/506] Linking CXX executable unittests/CGData/CGDataTests
[461/506] Linking CXX executable unittests/DebugInfo/BTF/DebugInfoBTFTests
[462/506] Linking CXX executable unittests/DebugInfo/GSYM/DebugInfoGSYMTests
[463/506] Linking CXX executable unittests/CodeGen/GlobalISel/GlobalISelTests
[464/506] Linking CXX executable unittests/CodeGen/CodeGenTests
[465/506] Linking CXX executable unittests/Analysis/AnalysisTests
[466/506] Linking CXX executable unittests/DebugInfo/PDB/DebugInfoPDBTests
[467/506] Linking CXX executable unittests/DebugInfo/DWARF/DebugInfoDWARFTests
[468/506] Linking CXX executable unittests/DebugInfo/Symbolizer/DebugInfoSymbolizerTests
[469/506] Linking CXX executable unittests/DWARFLinkerParallel/DWARFLinkerParallelTests
[470/506] Linking CXX executable unittests/Debuginfod/DebuginfodTests
[471/506] Linking CXX executable unittests/DebugInfo/LogicalView/DebugInfoLogicalViewTests
[472/506] Linking CXX executable unittests/ExecutionEngine/ExecutionEngineTests
[473/506] Linking CXX executable unittests/ExecutionEngine/JITLink/JITLinkTests
[474/506] Linking CXX executable unittests/InterfaceStub/InterfaceStubTests
[475/506] Linking CXX executable unittests/FuzzMutate/FuzzMutateTests
[476/506] Linking CXX executable unittests/Linker/LinkerTests
[477/506] Linking CXX executable unittests/ExecutionEngine/Orc/OrcJITTests
[478/506] Linking CXX executable unittests/Frontend/LLVMFrontendTests
[479/506] Linking CXX executable unittests/MC/MCTests
[480/506] Linking CXX executable unittests/Object/ObjectTests
[481/506] Linking CXX executable unittests/ObjCopy/ObjCopyTests
[482/506] Linking CXX executable unittests/IR/IRTests
[483/506] Linking CXX executable unittests/Remarks/RemarksTests
[484/506] Linking CXX executable unittests/ObjectYAML/ObjectYAMLTests
[485/506] Linking CXX executable unittests/MIR/MIRTests
[486/506] Linking CXX shared module unittests/Passes/Plugins/TestPlugin.so
[487/506] Linking CXX executable unittests/MI/MITests
[488/506] Linking CXX shared module unittests/Passes/Plugins/DoublerPlugin.so
[489/506] Linking CXX executable unittests/Telemetry/TelemetryTests
[490/506] Linking CXX executable unittests/ProfileData/ProfileDataTests
[491/506] Linking CXX executable unittests/SandboxIR/SandboxIRTests
[492/506] Linking CXX executable unittests/Passes/PassBuilderBindings/PassesBindingsTests
[493/506] Linking CXX executable unittests/Target/TargetMachineCTests
[494/506] Linking CXX executable unittests/Target/RISCV/RISCVTests
[495/506] Linking CXX executable unittests/Transforms/Instrumentation/InstrumentationTests
[496/506] Linking CXX executable unittests/Transforms/IPO/IPOTests
[497/506] Linking CXX executable unittests/Transforms/Coroutines/CoroTests
[498/506] Linking CXX executable unittests/XRay/XRayTests
[499/506] Linking CXX executable unittests/Transforms/Vectorize/SandboxVectorizer/SandboxVectorizerTests
[500/506] Linking CXX executable unittests/Passes/Plugins/PluginsTests
[501/506] Linking CXX executable unittests/Transforms/Vectorize/VectorizeTests
[502/506] Linking CXX executable unittests/tools/llvm-profgen/LLVMProfgenTests
[503/506] Linking CXX executable unittests/tools/llvm-profdata/LLVMProfdataTests
[504/506] Linking CXX executable unittests/Transforms/Utils/UtilsTests
[505/506] Linking CXX executable unittests/Transforms/Scalar/ScalarTests
[506/506] Linking CXX executable unittests/tools/llvm-exegesis/LLVMExegesisTests
********************
Failed Tests (1):
  LLVM :: CodeGen/RISCV/rvv/vsetvli-insert-zve64f.mir


Total Discovered Tests: 4730
  Failed: 1 (0.02%)
unit (TargetParserTests) exit 0, 84 tests
{"green": true, "totals": {"FAIL": 1, "PASS": 4729}, "problems": 0, "upstream_removed": 125}
