ninja: Entering directory `/work/build'
[1/172] Generating ../../bin/llvm-otool
[2/172] Linking CXX executable bin/lli-child-target
[3/172] Linking CXX executable bin/llvm-as
[4/172] Linking CXX executable bin/llvm-ar
[5/172] Generating ../../bin/llvm-lib
[6/172] Generating ../../bin/llvm-ranlib
[7/172] Generating ../../bin/llvm-dlltool
[8/172] Linking CXX executable bin/llvm-ctxprof-util
[9/172] Building CXX object unittests/Target/RISCV/CMakeFiles/RISCVTests.dir/MCInstrAnalysisTest.cpp.o
[10/172] Building CXX object lib/Target/RISCV/MCA/CMakeFiles/LLVMRISCVTargetMCA.dir/RISCVCustomBehaviour.cpp.o
[11/172] Linking CXX executable bin/bugpoint
[12/172] Linking CXX executable bin/llvm-c-test
[13/172] Linking CXX executable bin/lli
[14/172] Linking CXX executable bin/llvm-profdata
[15/172] Linking CXX static library lib/libLLVMRISCVTargetMCA.a
[16/172] Building CXX object unittests/tools/llvm-exegesis/CMakeFiles/LLVMExegesisTests.dir/RISCV/TargetTest.cpp.o
[17/172] Building CXX object unittests/Target/RISCV/CMakeFiles/RISCVTests.dir/RISCVInstrInfoTest.cpp.o
[18/172] Building CXX object tools/llvm-exegesis/lib/RISCV/CMakeFiles/LLVMExegesisRISCV.dir/Target.cpp.o
[19/172] Building CXX object unittests/tools/llvm-exegesis/CMakeFiles/LLVMExegesisTests.dir/RISCV/SnippetGeneratorTest.cpp.o
[20/172] Linking CXX executable bin/llvm-lto
[21/172] Linking CXX executable bin/diagtool
[22/172] Linking CXX shared module lib/CheckerDependencyHandlingAnalyzerPlugin.so
[23/172] Linking CXX shared module lib/CheckerOptionHandlingAnalyzerPlugin.so
[24/172] Linking CXX shared module lib/SampleAnalyzerPlugin.so
[25/172] Linking CXX shared library lib/libLTO.so.20.1
[26/172] Creating library symlink lib/libLTO.so
[27/172] Linking CXX executable bin/apinotes-test
[28/172] Linking CXX executable bin/clang-format
[29/172] Linking CXX executable bin/clang-fuzzer-dictionary
[30/172] Linking CXX executable bin/clang-offload-bundler
[31/172] Linking CXX executable bin/clang-offload-packager
[32/172] Linking CXX executable bin/clang-sycl-linker
[33/172] Linking CXX executable bin/clang-linker-wrapper
[34/172] Linking CXX executable bin/clang-diff
[35/172] Linking CXX executable bin/clang-nvlink-wrapper
[36/172] Linking CXX executable bin/clang-import-test
[37/172] Linking CXX executable bin/clang-installapi
[38/172] Linking CXX executable bin/clang-scan-deps
[39/172] Linking CXX executable bin/clang-refactor
[40/172] Linking CXX executable bin/arcmt-test
[41/172] Linking CXX executable tools/clang/unittests/Basic/BasicTests
[42/172] Linking CXX executable bin/clang-extdef-mapping
[43/172] Linking CXX executable bin/clang-check
[44/172] Linking CXX executable bin/clang-repl
[45/172] Linking CXX executable tools/clang/unittests/Lex/LexTests
[46/172] Linking CXX shared library lib/libclang.so.20.1.8
[47/172] Creating library symlink lib/libclang.so.20.1 lib/libclang.so
[48/172] Linking CXX executable tools/clang/unittests/Driver/ClangDriverTests
[49/172] Linking CXX executable tools/clang/unittests/Analysis/ClangAnalysisTests
[50/172] Linking CXX executable tools/clang/unittests/Analysis/FlowSensitive/ClangAnalysisFlowSensitiveTests
[51/172] Linking CXX executable bin/c-arcmt-test
[52/172] Linking CXX executable tools/clang/unittests/StaticAnalyzer/StaticAnalysisTests
[53/172] Linking CXX executable tools/clang/unittests/ASTMatchers/ASTMatchersTests
[54/172] Linking CXX executable tools/clang/unittests/ASTMatchers/Dynamic/DynamicASTMatchersTests
[55/172] Linking CXX executable bin/c-index-test
[56/172] Linking CXX executable tools/clang/unittests/AST/ByteCode/InterpTests
[57/172] Linking CXX executable tools/clang/unittests/AST/ASTTests
[58/172] Linking CXX executable tools/clang/unittests/CrossTU/CrossTUTests
[59/172] Linking CXX executable tools/clang/unittests/Format/FormatTests
[60/172] Linking CXX executable tools/clang/unittests/Tooling/Syntax/SyntaxTests
[61/172] Linking CXX executable tools/clang/unittests/Tooling/ToolingTests
[62/172] Linking CXX executable tools/clang/unittests/Rewrite/RewriteTests
[63/172] Linking CXX executable tools/clang/unittests/Sema/SemaTests
[64/172] Linking CXX executable tools/clang/unittests/libclang/libclangTests
[65/172] Linking CXX executable tools/clang/unittests/libclang/CrashTests/libclangCrashTests
[66/172] Linking CXX executable tools/clang/unittests/CodeGen/ClangCodeGenTests
[67/172] Linking CXX executable tools/clang/unittests/InstallAPI/InstallAPITests
[68/172] Linking CXX executable tools/clang/unittests/Frontend/FrontendTests
[69/172] Linking CXX executable tools/clang/unittests/Index/IndexTests
[70/172] Linking CXX executable tools/clang/unittests/Support/ClangSupportTests
[71/172] Linking CXX executable bin/llvm-cat
[72/172] Linking CXX executable tools/clang/unittests/Serialization/SerializationTests
[73/172] Linking CXX executable tools/clang/unittests/Interpreter/ClangReplInterpreterTests
[74/172] Linking CXX executable bin/dsymutil
[75/172] Linking CXX executable tools/clang/unittests/Interpreter/ExceptionTests/ClangReplInterpreterExceptionTests
[76/172] Linking CXX executable bin/llvm-cvtres
[77/172] Linking CXX executable bin/llvm-cfi-verify
[78/172] Linking CXX executable bin/llvm-cov
[79/172] Linking CXX executable bin/llvm-cxxmap
[80/172] Linking CXX executable bin/llvm-cgdata
[81/172] Linking CXX executable bin/llvm-cxxdump
[82/172] Linking CXX static library lib/libLLVMExegesisRISCV.a
[83/172] Linking CXX executable bin/llvm-debuginfod-find
[84/172] Linking CXX executable bin/llvm-debuginfo-analyzer
[85/172] Linking CXX executable bin/llvm-dwarfdump
[86/172] Copying llvm-locstats into /work/build/./bin
[87/172] Linking CXX executable bin/llvm-ifs
[88/172] Linking CXX executable bin/llvm-dwp
[89/172] Linking CXX executable bin/llvm-dwarfutil
[90/172] Linking CXX executable bin/llvm-extract
[91/172] Linking CXX executable bin/llvm-exegesis
[92/172] Linking CXX executable bin/llvm-gsymutil
[93/172] Linking CXX executable bin/llvm-link
[94/172] Linking CXX executable bin/llvm-libtool-darwin
[95/172] Linking CXX executable bin/llvm-jitlink
[96/172] Linking CXX executable bin/llvm-mca
[97/172] Linking CXX executable bin/llvm-isel-fuzzer
[98/172] Linking CXX executable bin/llvm-ml
[99/172] Linking CXX executable bin/llvm-lipo
[100/172] Linking CXX executable bin/llvm-modextract
[101/172] Linking CXX executable bin/llvm-objcopy
[102/172] Generating ../../bin/llvm-install-name-tool
[103/172] Generating ../../bin/llvm-bitcode-strip
[104/172] Generating ../../bin/llvm-strip
[105/172] Linking CXX executable bin/llvm-pdbutil
[106/172] Linking CXX executable bin/llvm-nm
[107/172] Linking CXX executable bin/llvm-rc
[108/172] Generating ../../bin/llvm-windres
[109/172] Linking CXX executable bin/llvm-readtapi
[110/172] Linking CXX executable bin/llvm-readobj
[111/172] Generating ../../bin/llvm-readelf
[112/172] Linking CXX executable bin/llvm-profgen
[113/172] Linking CXX executable bin/llvm-lto2
[114/172] Linking CXX executable bin/llvm-sim
[115/172] Linking CXX executable bin/llvm-size
[116/172] Linking CXX executable bin/llvm-rtdyld
[117/172] Linking CXX executable bin/llvm-strings
[118/172] Linking CXX executable bin/llvm-opt-fuzzer
[119/172] Linking CXX executable bin/llvm-symbolizer
[120/172] Generating ../../bin/llvm-addr2line
[121/172] Linking CXX executable bin/llvm-tli-checker
[122/172] Linking CXX executable bin/obj2yaml
[123/172] Linking CXX executable bin/llvm-xray
[124/172] Linking CXX executable bin/llvm-split
[125/172] Linking CXX executable bin/sancov
[126/172] Linking CXX executable bin/llvm-reduce
[127/172] Linking CXX executable bin/sanstats
[128/172] Linking CXX executable bin/yaml2obj
[129/172] Linking CXX executable bin/verify-uselistorder
[130/172] Linking CXX executable unittests/CGData/CGDataTests
[131/172] Linking CXX executable unittests/Bitcode/BitcodeTests
[132/172] Linking CXX executable unittests/DebugInfo/BTF/DebugInfoBTFTests
[133/172] Linking CXX executable unittests/DebugInfo/GSYM/DebugInfoGSYMTests
[134/172] Linking CXX executable unittests/CodeGen/GlobalISel/GlobalISelTests
[135/172] Linking CXX executable unittests/Analysis/AnalysisTests
[136/172] Linking CXX executable unittests/DebugInfo/PDB/DebugInfoPDBTests
[137/172] Linking CXX executable unittests/DebugInfo/Symbolizer/DebugInfoSymbolizerTests
[138/172] Linking CXX executable unittests/CodeGen/CodeGenTests
[139/172] Linking CXX executable unittests/Debuginfod/DebuginfodTests
[140/172] Linking CXX executable unittests/DebugInfo/DWARF/DebugInfoDWARFTests
[141/172] Linking CXX executable unittests/DWARFLinkerParallel/DWARFLinkerParallelTests
[142/172] Linking CXX executable unittests/DebugInfo/LogicalView/DebugInfoLogicalViewTests
[143/172] Linking CXX executable unittests/ExecutionEngine/JITLink/JITLinkTests
[144/172] Linking CXX executable unittests/ExecutionEngine/ExecutionEngineTests
[145/172] Linking CXX executable unittests/FuzzMutate/FuzzMutateTests
[146/172] Linking CXX executable unittests/InterfaceStub/InterfaceStubTests
[147/172] Linking CXX executable unittests/ExecutionEngine/Orc/OrcJITTests
[148/172] Linking CXX executable unittests/Linker/LinkerTests
[149/172] Linking CXX executable unittests/Frontend/LLVMFrontendTests
[150/172] Linking CXX executable unittests/MC/MCTests
[151/172] Linking CXX executable unittests/ObjCopy/ObjCopyTests
[152/172] Linking CXX executable unittests/Object/ObjectTests
[153/172] Linking CXX executable unittests/ObjectYAML/ObjectYAMLTests
[154/172] Linking CXX executable unittests/IR/IRTests
[155/172] Linking CXX executable unittests/MI/MITests
[156/172] Linking CXX executable unittests/MIR/MIRTests
[157/172] Linking CXX executable unittests/ProfileData/ProfileDataTests
[158/172] Linking CXX executable unittests/SandboxIR/SandboxIRTests
[159/172] Linking CXX executable unittests/Passes/PassBuilderBindings/PassesBindingsTests
[160/172] Linking CXX executable unittests/Passes/Plugins/PluginsTests
[161/172] Linking CXX executable unittests/Target/TargetMachineCTests
[162/172] Linking CXX executable unittests/Transforms/IPO/IPOTests
[163/172] Linking CXX executable unittests/Transforms/Coroutines/CoroTests
[164/172] Linking CXX executable unittests/Target/RISCV/RISCVTests
[165/172] Linking CXX executable unittests/Transforms/Instrumentation/InstrumentationTests
[166/172] Linking CXX executable unittests/XRay/XRayTests
[167/172] Linking CXX executable unittests/Transforms/Vectorize/VectorizeTests
[168/172] Linking CXX executable unittests/Transforms/Vectorize/SandboxVectorizer/SandboxVectorizerTests
[169/172] Linking CXX executable unittests/tools/llvm-profdata/LLVMProfdataTests
[170/172] Linking CXX executable unittests/Transforms/Scalar/ScalarTests
[171/172] Linking CXX executable unittests/Transforms/Utils/UtilsTests
[172/172] Linking CXX executable unittests/tools/llvm-exegesis/LLVMExegesisTests
********************
Failed Tests (1):
  LLVM :: CodeGen/RISCV/rvv/vsetvli-insert-zve64f.mir


Total Discovered Tests: 4730
  Failed: 1 (0.02%)
unit (TargetParserTests) exit 0, 84 tests
{"green": true, "totals": {"FAIL": 1, "PASS": 4729}, "problems": 0, "upstream_removed": 125}
