ninja: Entering directory `/work/build'
[1/743] Building CXX object lib/FuzzMutate/CMakeFiles/LLVMFuzzMutate.dir/OpDescriptor.cpp.o
[2/743] Building CXX object lib/FuzzMutate/CMakeFiles/LLVMFuzzMutate.dir/Operations.cpp.o
[3/743] Building CXX object lib/ExecutionEngine/Orc/CMakeFiles/LLVMOrcJIT.dir/Mangling.cpp.o
[4/743] Building CXX object lib/FuzzMutate/CMakeFiles/LLVMFuzzMutate.dir/RandomIRBuilder.cpp.o
[5/743] Building CXX object lib/ExecutionEngine/Interpreter/CMakeFiles/LLVMInterpreter.dir/Interpreter.cpp.o
[6/743] Linking CXX executable bin/llvm-ar
[7/743] Generating ../../bin/llvm-ranlib
[8/743] Generating ../../bin/llvm-lib
[9/743] Generating ../../bin/llvm-dlltool
[10/743] Building CXX object lib/ExecutionEngine/Orc/CMakeFiles/LLVMOrcJIT.dir/CompileOnDemandLayer.cpp.o
[11/743] Linking CXX executable bin/llvm-ctxprof-util
[12/743] Building CXX object lib/ExecutionEngine/Interpreter/CMakeFiles/LLVMInterpreter.dir/ExternalFunctions.cpp.o
[13/743] Building CXX object lib/DWARFLinker/Parallel/CMakeFiles/LLVMDWARFLinkerParallel.dir/AcceleratorRecordsSaver.cpp.o
[14/743] Building CXX object lib/DWARFLinker/Parallel/CMakeFiles/LLVMDWARFLinkerParallel.dir/DependencyTracker.cpp.o
[15/743] Linking CXX executable bin/llvm-profdata
[16/743] Building CXX object lib/ExecutionEngine/Orc/CMakeFiles/LLVMOrcJIT.dir/Layer.cpp.o
[17/743] Building CXX object lib/DWARFLinker/Parallel/CMakeFiles/LLVMDWARFLinkerParallel.dir/OutputSections.cpp.o
[18/743] Building CXX object lib/ExecutionEngine/Orc/CMakeFiles/LLVMOrcJIT.dir/UnwindInfoRegistrationPlugin.cpp.o
[19/743] Building CXX object tools/clang/lib/Tooling/CMakeFiles/obj.clangTooling.dir/AllTUsExecution.cpp.o
[20/743] Building CXX object tools/clang/lib/Tooling/CMakeFiles/obj.clangTooling.dir/CommonOptionsParser.cpp.o
[21/743] Building CXX object lib/DWARFLinker/Parallel/CMakeFiles/LLVMDWARFLinkerParallel.dir/DIEAttributeCloner.cpp.o
[22/743] Building CXX object tools/clang/lib/Tooling/CMakeFiles/obj.clangTooling.dir/CompilationDatabase.cpp.o
[23/743] Building CXX object lib/ExecutionEngine/Orc/CMakeFiles/LLVMOrcJIT.dir/Speculation.cpp.o
[24/743] Linking CXX shared module lib/SampleAnalyzerPlugin.so
[25/743] Building CXX object lib/DWARFLinker/Parallel/CMakeFiles/LLVMDWARFLinkerParallel.dir/SyntheticTypeNameBuilder.cpp.o
[26/743] Building CXX object tools/clang/lib/Tooling/CMakeFiles/obj.clangTooling.dir/InterpolatingCompilationDatabase.cpp.o
[27/743] Building CXX object tools/clang/lib/Tooling/CMakeFiles/obj.clangTooling.dir/Execution.cpp.o
[28/743] Building CXX object tools/clang/lib/Tooling/CMakeFiles/obj.clangTooling.dir/ExpandResponseFilesCompilationDatabase.cpp.o
[29/743] Building CXX object tools/clang/lib/Tooling/CMakeFiles/obj.clangTooling.dir/GuessTargetAndModeCompilationDatabase.cpp.o
[30/743] Building CXX object lib/DWARFLinker/Parallel/CMakeFiles/LLVMDWARFLinkerParallel.dir/DWARFLinker.cpp.o
[31/743] Building CXX object tools/clang/lib/Tooling/CMakeFiles/obj.clangTooling.dir/JSONCompilationDatabase.cpp.o
[32/743] Building CXX object tools/clang/lib/Tooling/CMakeFiles/obj.clangTooling.dir/LocateToolCompilationDatabase.cpp.o
[33/743] Building CXX object lib/DWARFLinker/Parallel/CMakeFiles/LLVMDWARFLinkerParallel.dir/DWARFEmitterImpl.cpp.o
[34/743] Building CXX object lib/ExecutionEngine/Orc/CMakeFiles/LLVMOrcJIT.dir/IRPartitionLayer.cpp.o
[35/743] Building CXX object lib/ExecutionEngine/CMakeFiles/LLVMExecutionEngine.dir/ExecutionEngine.cpp.o
[36/743] Building CXX object tools/clang/lib/Tooling/CMakeFiles/obj.clangTooling.dir/Refactoring.cpp.o
[37/743] Linking CXX shared module lib/CheckerDependencyHandlingAnalyzerPlugin.so
[38/743] Building CXX object tools/clang/lib/Tooling/CMakeFiles/obj.clangTooling.dir/StandaloneExecution.cpp.o
[39/743] Linking CXX static library lib/libLLVMExecutionEngine.a
[40/743] Building CXX object tools/clang/lib/Tooling/CMakeFiles/obj.clangTooling.dir/RefactoringCallbacks.cpp.o
[41/743] Building CXX object tools/clang/lib/Tooling/CMakeFiles/obj.clangTooling.dir/Tooling.cpp.o
[42/743] Building CXX object lib/DWARFLinker/Classic/CMakeFiles/LLVMDWARFLinkerClassic.dir/DWARFStreamer.cpp.o
[43/743] Building CXX object lib/DWARFLinker/Parallel/CMakeFiles/LLVMDWARFLinkerParallel.dir/DWARFLinkerUnit.cpp.o
[44/743] Linking CXX shared module lib/CheckerOptionHandlingAnalyzerPlugin.so
[45/743] Linking CXX static library lib/libclangTooling.a
[46/743] Linking CXX executable bin/apinotes-test
[47/743] Building CXX object lib/FuzzMutate/CMakeFiles/LLVMFuzzMutate.dir/IRMutator.cpp.o
[48/743] Linking CXX executable bin/clang-format
[49/743] Linking CXX static library lib/libLLVMFuzzMutate.a
[50/743] Linking CXX executable bin/clang-fuzzer-dictionary
[51/743] Building CXX object lib/DWARFLinker/Parallel/CMakeFiles/LLVMDWARFLinkerParallel.dir/DWARFLinkerCompileUnit.cpp.o
[52/743] Building CXX object lib/ExecutionEngine/Interpreter/CMakeFiles/LLVMInterpreter.dir/Execution.cpp.o
[53/743] Building CXX object lib/ExecutionEngine/Orc/CMakeFiles/LLVMOrcJIT.dir/ReOptimizeLayer.cpp.o
[54/743] Building CXX object lib/DWARFLinker/Parallel/CMakeFiles/LLVMDWARFLinkerParallel.dir/DWARFLinkerTypeUnit.cpp.o
[55/743] Linking CXX executable bin/clang-offload-packager
[56/743] Building CXX object lib/ExecutionEngine/Orc/CMakeFiles/LLVMOrcJIT.dir/ExecutionUtils.cpp.o
[57/743] Linking CXX static library lib/libLLVMInterpreter.a
[58/743] Linking CXX executable bin/clang-offload-bundler
[59/743] Building CXX object lib/ExecutionEngine/Orc/CMakeFiles/LLVMOrcJIT.dir/SpeculateAnalyses.cpp.o
[60/743] Building CXX object lib/ExecutionEngine/Orc/CMakeFiles/LLVMOrcJIT.dir/OrcV2CBindings.cpp.o
[61/743] Building CXX object lib/ExecutionEngine/Orc/Debugging/CMakeFiles/LLVMOrcDebugging.dir/LLJITUtilsCBindings.cpp.o
[62/743] Building CXX object lib/DWARFLinker/Parallel/CMakeFiles/LLVMDWARFLinkerParallel.dir/DWARFLinkerImpl.cpp.o
[63/743] Building CXX object lib/ExecutionEngine/Orc/Debugging/CMakeFiles/LLVMOrcDebugging.dir/DebuggerSupport.cpp.o
[64/743] Building CXX object tools/clang/tools/c-index-test/CMakeFiles/c-index-test.dir/core_main.cpp.o
[65/743] Linking CXX executable bin/arcmt-test
[66/743] Linking CXX static library lib/libLLVMDWARFLinkerParallel.a
[67/743] Building CXX object lib/ExecutionEngine/Orc/CMakeFiles/LLVMOrcJIT.dir/IndirectionUtils.cpp.o
[68/743] Building CXX object tools/clang/tools/libclang/CMakeFiles/libclang.dir/CIndex.cpp.o
[69/743] Building CXX object lib/DWARFLinker/Classic/CMakeFiles/LLVMDWARFLinkerClassic.dir/DWARFLinker.cpp.o
[70/743] Building CXX object tools/clang/tools/libclang/CMakeFiles/libclang.dir/CIndexDiagnostic.cpp.o
[71/743] Building CXX object tools/clang/tools/libclang/CMakeFiles/libclang.dir/CIndexCodeCompletion.cpp.o
[72/743] Building CXX object tools/clang/tools/libclang/CMakeFiles/libclang.dir/CIndexHigh.cpp.o
[73/743] Building CXX object tools/clang/tools/libclang/CMakeFiles/libclang.dir/CIndexInclusionStack.cpp.o
[74/743] Building CXX object lib/ExecutionEngine/Orc/CMakeFiles/LLVMOrcJIT.dir/LLJIT.cpp.o
[75/743] Building CXX object tools/clang/tools/libclang/CMakeFiles/libclang.dir/CIndexer.cpp.o
[76/743] Building CXX object tools/clang/tools/libclang/CMakeFiles/libclang.dir/CIndexUSRs.cpp.o
[77/743] Building CXX object tools/clang/tools/libclang/CMakeFiles/libclang.dir/CXComment.cpp.o
[78/743] Building CXX object tools/clang/tools/libclang/CMakeFiles/libclang.dir/CXCursor.cpp.o
[79/743] Building CXX object tools/clang/tools/libclang/CMakeFiles/libclang.dir/CXExtractAPI.cpp.o
[80/743] Building CXX object tools/clang/tools/libclang/CMakeFiles/libclang.dir/CXIndexDataConsumer.cpp.o
[81/743] Building CXX object tools/clang/tools/libclang/CMakeFiles/libclang.dir/CXSourceLocation.cpp.o
[82/743] Building CXX object tools/clang/tools/libclang/CMakeFiles/libclang.dir/CXStoredDiagnostic.cpp.o
[83/743] Building CXX object tools/clang/lib/Interpreter/CMakeFiles/obj.clangInterpreter.dir/IncrementalExecutor.cpp.o
[84/743] Building CXX object tools/clang/tools/libclang/CMakeFiles/libclang.dir/CXString.cpp.o
[85/743] Building CXX object tools/lto/CMakeFiles/LTO.dir/lto.cpp.o
[86/743] Building CXX object tools/clang/tools/libclang/CMakeFiles/libclang.dir/CXType.cpp.o
[87/743] Building CXX object tools/clang/tools/diagtool/CMakeFiles/diagtool.dir/ShowEnabledWarnings.cpp.o
[88/743] Building CXX object tools/clang/tools/libclang/CMakeFiles/libclang.dir/Rewrite.cpp.o
[89/743] Building CXX object tools/clang/tools/libclang/CMakeFiles/libclang.dir/Indexing.cpp.o
[90/743] Building CXX object tools/clang/lib/Interpreter/CMakeFiles/obj.clangInterpreter.dir/DeviceOffload.cpp.o
[91/743] Building CXX object tools/clang/lib/Tooling/Refactoring/CMakeFiles/obj.clangToolingRefactoring.dir/AtomicChange.cpp.o
[92/743] Building CXX object tools/clang/lib/Testing/CMakeFiles/clangTesting.dir/TestAST.cpp.o
[93/743] Building CXX object tools/clang/lib/Tooling/Refactoring/CMakeFiles/obj.clangToolingRefactoring.dir/RefactoringActions.cpp.o
[94/743] Building CXX object tools/clang/tools/clang-diff/CMakeFiles/clang-diff.dir/ClangDiff.cpp.o
[95/743] Building CXX object tools/llvm-lto/CMakeFiles/llvm-lto.dir/llvm-lto.cpp.o
[96/743] Building CXX object tools/clang/lib/Tooling/Refactoring/CMakeFiles/obj.clangToolingRefactoring.dir/Rename/RenamingAction.cpp.o
[97/743] Building CXX object tools/clang/lib/Interpreter/CMakeFiles/obj.clangInterpreter.dir/InterpreterUtils.cpp.o
[98/743] Building CXX object tools/clang/tools/clang-import-test/CMakeFiles/clang-import-test.dir/clang-import-test.cpp.o
[99/743] Building CXX object tools/clang/lib/Interpreter/CMakeFiles/obj.clangInterpreter.dir/IncrementalParser.cpp.o
[100/743] Building CXX object tools/clang/tools/clang-installapi/CMakeFiles/clang-installapi.dir/Options.cpp.o
[101/743] Building CXX object tools/clang/lib/Interpreter/CMakeFiles/obj.clangInterpreter.dir/CodeCompletion.cpp.o
[102/743] Building CXX object tools/clang/lib/Interpreter/CMakeFiles/obj.clangInterpreter.dir/InterpreterValuePrinter.cpp.o
[103/743] Building CXX object tools/clang/unittests/Lex/CMakeFiles/LexTests.dir/HeaderSearchTest.cpp.o
[104/743] Building CXX object tools/clang/unittests/Driver/CMakeFiles/ClangDriverTests.dir/GCCVersionTest.cpp.o
[105/743] Building CXX object tools/clang/tools/clang-sycl-linker/CMakeFiles/clang-sycl-linker.dir/ClangSYCLLinker.cpp.o
[106/743] Building CXX object tools/clang/unittests/Lex/CMakeFiles/LexTests.dir/PPConditionalDirectiveRecordTest.cpp.o
[107/743] Building CXX object tools/clang/unittests/Driver/CMakeFiles/ClangDriverTests.dir/ModuleCacheTest.cpp.o
[108/743] Building CXX object tools/clang/tools/clang-check/CMakeFiles/clang-check.dir/ClangCheck.cpp.o
[109/743] Building CXX object tools/clang/unittests/Lex/CMakeFiles/LexTests.dir/ModuleDeclStateTest.cpp.o
[110/743] Building CXX object tools/clang/tools/clang-extdef-mapping/CMakeFiles/clang-extdef-mapping.dir/ClangExtDefMapGen.cpp.o
[111/743] Building CXX object tools/clang/lib/Tooling/DependencyScanning/CMakeFiles/obj.clangDependencyScanning.dir/DependencyScanningWorker.cpp.o
[112/743] Building CXX object tools/clang/lib/Tooling/DependencyScanning/CMakeFiles/obj.clangDependencyScanning.dir/ModuleDepCollector.cpp.o
[113/743] Building CXX object tools/clang/unittests/Basic/CMakeFiles/BasicTests.dir/SourceManagerTest.cpp.o
[114/743] Building CXX object tools/clang/tools/clang-nvlink-wrapper/CMakeFiles/clang-nvlink-wrapper.dir/ClangNVLinkWrapper.cpp.o
[115/743] Building CXX object tools/clang/unittests/Lex/CMakeFiles/LexTests.dir/PPMemoryAllocationsTest.cpp.o
[116/743] Building CXX object tools/clang/unittests/Lex/CMakeFiles/LexTests.dir/PPDependencyDirectivesTest.cpp.o
[117/743] Building CXX object tools/clang/unittests/Driver/CMakeFiles/ClangDriverTests.dir/MultilibBuilderTest.cpp.o
[118/743] Building CXX object tools/clang/tools/clang-installapi/CMakeFiles/clang-installapi.dir/ClangInstallAPI.cpp.o
[119/743] Building CXX object tools/clang/tools/clang-refactor/CMakeFiles/clang-refactor.dir/ClangRefactor.cpp.o
[120/743] Building CXX object tools/clang/unittests/Lex/CMakeFiles/LexTests.dir/LexerTest.cpp.o
[121/743] Building CXX object tools/clang/unittests/Driver/CMakeFiles/ClangDriverTests.dir/SanitizerArgsTest.cpp.o
[122/743] Building CXX object tools/clang/unittests/Driver/CMakeFiles/ClangDriverTests.dir/MultilibTest.cpp.o
[123/743] Building CXX object tools/clang/tools/clang-linker-wrapper/CMakeFiles/clang-linker-wrapper.dir/ClangLinkerWrapper.cpp.o
[124/743] Building CXX object tools/clang/lib/Interpreter/CMakeFiles/obj.clangInterpreter.dir/Interpreter.cpp.o
[125/743] Building CXX object tools/clang/unittests/Driver/CMakeFiles/ClangDriverTests.dir/DXCModeTest.cpp.o
[126/743] Building CXX object tools/clang/tools/clang-repl/CMakeFiles/clang-repl.dir/ClangRepl.cpp.o
[127/743] Building CXX object tools/clang/unittests/Lex/CMakeFiles/LexTests.dir/PPCallbacksTest.cpp.o
[128/743] Building CXX object tools/clang/tools/clang-scan-deps/CMakeFiles/clang-scan-deps.dir/ClangScanDeps.cpp.o
[129/743] Building CXX object tools/clang/unittests/Driver/CMakeFiles/ClangDriverTests.dir/ToolChainTest.cpp.o
[130/743] Building CXX object tools/clang/lib/Tooling/Refactoring/CMakeFiles/obj.clangToolingRefactoring.dir/Rename/USRFindingAction.cpp.o
[131/743] Building CXX object tools/clang/unittests/Analysis/CMakeFiles/ClangAnalysisTests.dir/CloneDetectionTest.cpp.o
[132/743] Building CXX object tools/clang/unittests/Analysis/CMakeFiles/ClangAnalysisTests.dir/MacroExpansionContextTest.cpp.o
[133/743] Building CXX object tools/clang/unittests/Analysis/CMakeFiles/ClangAnalysisTests.dir/CFGTest.cpp.o
[134/743] Building CXX object tools/clang/unittests/Analysis/FlowSensitive/CMakeFiles/ClangAnalysisFlowSensitiveTests.dir/SmartPointerAccessorCachingTest.cpp.o
[135/743] Building CXX object tools/clang/unittests/Analysis/FlowSensitive/CMakeFiles/ClangAnalysisFlowSensitiveTests.dir/CFGMatchSwitchTest.cpp.o
[136/743] Building CXX object tools/clang/unittests/Analysis/FlowSensitive/CMakeFiles/ClangAnalysisFlowSensitiveTests.dir/DeterminismTest.cpp.o
[137/743] Building CXX object tools/clang/unittests/Analysis/FlowSensitive/CMakeFiles/ClangAnalysisFlowSensitiveTests.dir/CachedConstAccessorsLatticeTest.cpp.o
[138/743] Building CXX object tools/clang/unittests/Analysis/CMakeFiles/ClangAnalysisTests.dir/CFGDominatorTree.cpp.o
[139/743] Building CXX object tools/clang/unittests/Analysis/FlowSensitive/CMakeFiles/ClangAnalysisFlowSensitiveTests.dir/DebugSupportTest.cpp.o
[140/743] Building CXX object tools/clang/unittests/StaticAnalyzer/CMakeFiles/StaticAnalysisTests.dir/APSIntTypeTest.cpp.o
[141/743] Building CXX object tools/clang/unittests/Analysis/FlowSensitive/CMakeFiles/ClangAnalysisFlowSensitiveTests.dir/MatchSwitchTest.cpp.o
[142/743] Building CXX object tools/clang/unittests/Analysis/FlowSensitive/CMakeFiles/ClangAnalysisFlowSensitiveTests.dir/ASTOpsTest.cpp.o
[143/743] Building CXX object tools/clang/unittests/Analysis/FlowSensitive/CMakeFiles/ClangAnalysisFlowSensitiveTests.dir/RecordOpsTest.cpp.o
[144/743] Building CXX object tools/clang/unittests/Analysis/FlowSensitive/CMakeFiles/ClangAnalysisFlowSensitiveTests.dir/ChromiumCheckModelTest.cpp.o
[145/743] Building CXX object tools/clang/unittests/Analysis/FlowSensitive/CMakeFiles/ClangAnalysisFlowSensitiveTests.dir/LoggerTest.cpp.o
[146/743] Building CXX object tools/clang/unittests/Analysis/FlowSensitive/CMakeFiles/ClangAnalysisFlowSensitiveTests.dir/SimplifyConstraintsTest.cpp.o
[147/743] Building CXX object tools/clang/unittests/Analysis/FlowSensitive/CMakeFiles/ClangAnalysisFlowSensitiveTests.dir/TestingSupport.cpp.o
[148/743] Building CXX object tools/clang/unittests/Analysis/FlowSensitive/CMakeFiles/ClangAnalysisFlowSensitiveTests.dir/DataflowEnvironmentTest.cpp.o
[149/743] Building CXX object tools/clang/unittests/Analysis/FlowSensitive/CMakeFiles/ClangAnalysisFlowSensitiveTests.dir/TestingSupportTest.cpp.o
[150/743] Building CXX object tools/clang/unittests/Analysis/CMakeFiles/ClangAnalysisTests.dir/IntervalPartitionTest.cpp.o
[151/743] Building CXX object tools/clang/unittests/StaticAnalyzer/CMakeFiles/StaticAnalysisTests.dir/CallEventTest.cpp.o
[152/743] Building CXX object tools/clang/unittests/Analysis/CMakeFiles/ClangAnalysisTests.dir/ExprMutationAnalyzerTest.cpp.o
[153/743] Building CXX object tools/clang/unittests/Analysis/FlowSensitive/CMakeFiles/ClangAnalysisFlowSensitiveTests.dir/TransferBranchTest.cpp.o
[154/743] Building CXX object tools/clang/unittests/StaticAnalyzer/CMakeFiles/StaticAnalysisTests.dir/ConflictingEvalCallsTest.cpp.o
[155/743] Building CXX object tools/clang/unittests/Analysis/FlowSensitive/CMakeFiles/ClangAnalysisFlowSensitiveTests.dir/SingleVarConstantPropagationTest.cpp.o
[156/743] Building CXX object tools/clang/unittests/Analysis/FlowSensitive/CMakeFiles/ClangAnalysisFlowSensitiveTests.dir/SignAnalysisTest.cpp.o
[157/743] Building CXX object tools/clang/unittests/Analysis/FlowSensitive/CMakeFiles/ClangAnalysisFlowSensitiveTests.dir/MultiVarConstantPropagationTest.cpp.o
[158/743] Building CXX object tools/clang/unittests/StaticAnalyzer/CMakeFiles/StaticAnalysisTests.dir/ExprEngineVisitTest.cpp.o
[159/743] Building CXX object tools/clang/unittests/StaticAnalyzer/CMakeFiles/StaticAnalysisTests.dir/BugReportInterestingnessTest.cpp.o
[160/743] Building CXX object tools/clang/unittests/Analysis/FlowSensitive/CMakeFiles/ClangAnalysisFlowSensitiveTests.dir/WatchedLiteralsSolverTest.cpp.o
[161/743] Building CXX object tools/clang/unittests/StaticAnalyzer/CMakeFiles/StaticAnalysisTests.dir/CallDescriptionTest.cpp.o
[162/743] Building CXX object tools/clang/unittests/StaticAnalyzer/CMakeFiles/StaticAnalysisTests.dir/MemRegionDescriptiveNameTest.cpp.o
[163/743] Building CXX object tools/clang/unittests/StaticAnalyzer/CMakeFiles/StaticAnalysisTests.dir/NoStateChangeFuncVisitorTest.cpp.o
[164/743] Building CXX object tools/clang/unittests/StaticAnalyzer/CMakeFiles/StaticAnalysisTests.dir/TestReturnValueUnderConstruction.cpp.o
[165/743] Building CXX object tools/clang/unittests/StaticAnalyzer/CMakeFiles/StaticAnalysisTests.dir/SValSimplifyerTest.cpp.o
[166/743] Building CXX object tools/clang/unittests/Analysis/FlowSensitive/CMakeFiles/ClangAnalysisFlowSensitiveTests.dir/UncheckedOptionalAccessModelTest.cpp.o
[167/743] Building CXX object tools/clang/unittests/StaticAnalyzer/CMakeFiles/StaticAnalysisTests.dir/RegisterCustomCheckersTest.cpp.o
[168/743] Building CXX object tools/clang/unittests/StaticAnalyzer/CMakeFiles/StaticAnalysisTests.dir/IsCLibraryFunctionTest.cpp.o
[169/743] Building CXX object tools/clang/unittests/StaticAnalyzer/CMakeFiles/StaticAnalysisTests.dir/FalsePositiveRefutationBRVisitorTest.cpp.o
[170/743] Building CXX object tools/clang/unittests/StaticAnalyzer/CMakeFiles/StaticAnalysisTests.dir/ParamRegionTest.cpp.o
[171/743] Building CXX object tools/clang/unittests/StaticAnalyzer/CMakeFiles/StaticAnalysisTests.dir/StoreTest.cpp.o
[172/743] Building CXX object tools/clang/unittests/StaticAnalyzer/CMakeFiles/StaticAnalysisTests.dir/SymbolReaperTest.cpp.o
[173/743] Building CXX object tools/clang/unittests/StaticAnalyzer/CMakeFiles/StaticAnalysisTests.dir/SValTest.cpp.o
[174/743] Building CXX object tools/clang/unittests/Analysis/FlowSensitive/CMakeFiles/ClangAnalysisFlowSensitiveTests.dir/TypeErasedDataflowAnalysisTest.cpp.o
[175/743] Building CXX object tools/clang/unittests/ASTMatchers/CMakeFiles/ASTMatchersTests.dir/ASTMatchersInternalTest.cpp.o
[176/743] Building CXX object tools/clang/unittests/ASTMatchers/CMakeFiles/ASTMatchersTests.dir/GtestMatchersTest.cpp.o
[177/743] Building CXX object tools/clang/unittests/ASTMatchers/Dynamic/CMakeFiles/DynamicASTMatchersTests.dir/VariantValueTest.cpp.o
[178/743] Building CXX object tools/clang/unittests/AST/CMakeFiles/ASTTests.dir/ASTExprTest.cpp.o
[179/743] Building CXX object tools/clang/unittests/AST/CMakeFiles/ASTTests.dir/ASTDumperTest.cpp.o
[180/743] Building CXX object tools/clang/unittests/AST/CMakeFiles/ASTTests.dir/ASTContextParentMapTest.cpp.o
[181/743] Building CXX object tools/clang/unittests/ASTMatchers/Dynamic/CMakeFiles/DynamicASTMatchersTests.dir/RegistryTest.cpp.o
[182/743] Building CXX object tools/clang/unittests/ASTMatchers/Dynamic/CMakeFiles/DynamicASTMatchersTests.dir/ParserTest.cpp.o
[183/743] Building CXX object tools/clang/unittests/AST/CMakeFiles/ASTTests.dir/ASTImporterFixtures.cpp.o
[184/743] Building CXX object tools/clang/unittests/AST/CMakeFiles/ASTTests.dir/ASTImporterObjCTest.cpp.o
[185/743] Building CXX object tools/clang/unittests/AST/CMakeFiles/ASTTests.dir/EvaluateAsRValueTest.cpp.o
[186/743] Building CXX object tools/clang/unittests/Analysis/FlowSensitive/CMakeFiles/ClangAnalysisFlowSensitiveTests.dir/TransferTest.cpp.o
[187/743] Building CXX object tools/clang/unittests/AST/CMakeFiles/ASTTests.dir/ExternalASTSourceTest.cpp.o
[188/743] Building CXX object tools/clang/unittests/AST/CMakeFiles/ASTTests.dir/ConceptPrinterTest.cpp.o
[189/743] Building CXX object tools/clang/unittests/AST/CMakeFiles/ASTTests.dir/ASTTypeTraitsTest.cpp.o
[190/743] Building CXX object tools/clang/unittests/AST/CMakeFiles/ASTTests.dir/DeclBaseTest.cpp.o
[191/743] Building CXX object tools/clang/unittests/AST/CMakeFiles/ASTTests.dir/AttrTest.cpp.o
[192/743] Building CXX object tools/clang/unittests/AST/CMakeFiles/ASTTests.dir/DataCollectionTest.cpp.o
[193/743] Building CXX object tools/clang/unittests/AST/CMakeFiles/ASTTests.dir/SizelessTypesTest.cpp.o
[194/743] Building CXX object tools/clang/unittests/AST/CMakeFiles/ASTTests.dir/RawCommentForDeclTest.cpp.o
[195/743] Building CXX object tools/clang/unittests/AST/CMakeFiles/ASTTests.dir/NamedDeclPrinterTest.cpp.o
[196/743] Building CXX object tools/clang/unittests/AST/CMakeFiles/ASTTests.dir/DeclTest.cpp.o
[197/743] Building CXX object tools/clang/unittests/AST/CMakeFiles/ASTTests.dir/ProfilingTest.cpp.o
[198/743] Building CXX object tools/clang/unittests/AST/CMakeFiles/ASTTests.dir/DeclPrinterTest.cpp.o
[199/743] Building CXX object tools/clang/unittests/AST/CMakeFiles/ASTTests.dir/ASTTraverserTest.cpp.o
[200/743] Building CXX object tools/clang/unittests/StaticAnalyzer/CMakeFiles/StaticAnalysisTests.dir/RangeSetTest.cpp.o
[201/743] Building CXX object tools/clang/unittests/AST/CMakeFiles/ASTTests.dir/RandstructTest.cpp.o
[202/743] Building CXX object tools/clang/unittests/AST/CMakeFiles/ASTTests.dir/ASTImporterVisibilityTest.cpp.o
[203/743] Building CXX object tools/clang/unittests/AST/CMakeFiles/ASTTests.dir/StmtPrinterTest.cpp.o
[204/743] Building CXX object tools/clang/unittests/AST/CMakeFiles/ASTTests.dir/TemplateNameTest.cpp.o
[205/743] Building CXX object tools/clang/unittests/AST/CMakeFiles/ASTTests.dir/ASTImporterGenericRedeclTest.cpp.o
[206/743] Building CXX object tools/clang/unittests/CrossTU/CMakeFiles/CrossTUTests.dir/CrossTranslationUnitTest.cpp.o
[207/743] Building CXX object tools/clang/unittests/AST/CMakeFiles/ASTTests.dir/TypePrinterTest.cpp.o
[208/743] Building CXX object tools/clang/unittests/Tooling/CMakeFiles/ToolingTests.dir/CastExprTest.cpp.o
[209/743] Building CXX object tools/clang/unittests/AST/ByteCode/CMakeFiles/InterpTests.dir/Descriptor.cpp.o
[210/743] Building CXX object tools/clang/unittests/Tooling/CMakeFiles/ToolingTests.dir/CommentHandlerTest.cpp.o
[211/743] Building CXX object tools/clang/unittests/AST/ByteCode/CMakeFiles/InterpTests.dir/toAPValue.cpp.o
[212/743] Building CXX object tools/clang/unittests/Tooling/CMakeFiles/ToolingTests.dir/ASTSelectionTest.cpp.o
[213/743] Building CXX object tools/clang/unittests/AST/CMakeFiles/ASTTests.dir/ASTImporterODRStrategiesTest.cpp.o
[214/743] Building CXX object tools/clang/unittests/Tooling/CMakeFiles/ToolingTests.dir/DiagnosticsYamlTest.cpp.o
[215/743] Building CXX object tools/clang/unittests/Tooling/CMakeFiles/ToolingTests.dir/HeaderAnalysisTest.cpp.o
[216/743] Building CXX object tools/clang/unittests/Tooling/CMakeFiles/ToolingTests.dir/StandardLibraryTest.cpp.o
[217/743] Building CXX object tools/clang/unittests/Tooling/CMakeFiles/ToolingTests.dir/ExecutionTest.cpp.o
[218/743] Building CXX object tools/clang/unittests/AST/CMakeFiles/ASTTests.dir/SourceLocationTest.cpp.o
[219/743] Building CXX object tools/clang/unittests/ASTMatchers/CMakeFiles/ASTMatchersTests.dir/ASTMatchersNodeTest.cpp.o
[220/743] Building CXX object tools/clang/unittests/Tooling/CMakeFiles/ToolingTests.dir/FixItTest.cpp.o
[221/743] Building CXX object tools/clang/unittests/Tooling/CMakeFiles/ToolingTests.dir/CompilationDatabaseTest.cpp.o
[222/743] Building CXX object tools/clang/unittests/Tooling/CMakeFiles/ToolingTests.dir/LookupTest.cpp.o
[223/743] Building CXX object tools/clang/unittests/Tooling/CMakeFiles/ToolingTests.dir/QualTypeNamesTest.cpp.o
[224/743] Building CXX object tools/clang/unittests/AST/CMakeFiles/ASTTests.dir/RecursiveASTVisitorTest.cpp.o
[225/743] Building CXX object tools/clang/unittests/AST/CMakeFiles/ASTTests.dir/StructuralEquivalenceTest.cpp.o
[226/743] Building CXX object tools/clang/unittests/Tooling/CMakeFiles/ToolingTests.dir/RecursiveASTVisitorTests/BitfieldInitializer.cpp.o
[227/743] Building CXX object tools/clang/unittests/Tooling/CMakeFiles/ToolingTests.dir/DependencyScanning/DependencyScannerTest.cpp.o
[228/743] Building CXX object tools/clang/unittests/Tooling/CMakeFiles/ToolingTests.dir/RecursiveASTVisitorTests/Class.cpp.o
[229/743] Building CXX object tools/clang/unittests/Tooling/CMakeFiles/ToolingTests.dir/RecursiveASTVisitorTests/Concept.cpp.o
[230/743] Building CXX object tools/clang/unittests/Tooling/CMakeFiles/ToolingTests.dir/RecursiveASTVisitorTests/ConstructExpr.cpp.o
[231/743] Building CXX object tools/clang/unittests/Tooling/CMakeFiles/ToolingTests.dir/RecursiveASTVisitorTests/CXXBoolLiteralExpr.cpp.o
[232/743] Building CXX object tools/clang/unittests/ASTMatchers/CMakeFiles/ASTMatchersTests.dir/ASTMatchersNarrowingTest.cpp.o
[233/743] Building CXX object tools/clang/unittests/Tooling/CMakeFiles/ToolingTests.dir/RecursiveASTVisitorTests/CXXMemberCall.cpp.o
[234/743] Building CXX object tools/clang/unittests/Tooling/CMakeFiles/ToolingTests.dir/RecursiveASTVisitorTests/CXXMethodDecl.cpp.o
[235/743] Building CXX object tools/clang/unittests/Tooling/CMakeFiles/ToolingTests.dir/RecursiveASTVisitorTests/CXXOperatorCallExprTraverser.cpp.o
[236/743] Building CXX object tools/clang/unittests/Tooling/CMakeFiles/ToolingTests.dir/RecursiveASTVisitorTests/DeclRefExpr.cpp.o
[237/743] Building CXX object tools/clang/unittests/Tooling/CMakeFiles/ToolingTests.dir/RecursiveASTVisitorTests/DeductionGuide.cpp.o
[238/743] Building CXX object tools/clang/unittests/Tooling/CMakeFiles/ToolingTests.dir/RecursiveASTVisitorTests/ImplicitCtor.cpp.o
[239/743] Building CXX object tools/clang/unittests/Tooling/CMakeFiles/ToolingTests.dir/RecursiveASTVisitorTests/ImplicitCtorInitializer.cpp.o
[240/743] Building CXX object tools/clang/unittests/Tooling/CMakeFiles/ToolingTests.dir/RangeSelectorTest.cpp.o
[241/743] Building CXX object tools/clang/unittests/Tooling/CMakeFiles/ToolingTests.dir/RecursiveASTVisitorTests/InitListExprPreOrder.cpp.o
[242/743] Building CXX object tools/clang/unittests/Tooling/CMakeFiles/ToolingTests.dir/RecursiveASTVisitorTests/InitListExprPreOrderNoQueue.cpp.o
[243/743] Building CXX object tools/clang/unittests/Tooling/CMakeFiles/ToolingTests.dir/RecursiveASTVisitorTests/IntegerLiteral.cpp.o
[244/743] Building CXX object tools/clang/unittests/Tooling/CMakeFiles/ToolingTests.dir/RecursiveASTVisitorTests/LambdaDefaultCapture.cpp.o
[245/743] Building CXX object tools/clang/unittests/Tooling/CMakeFiles/ToolingTests.dir/RecursiveASTVisitorTests/LambdaTemplateParams.cpp.o
[246/743] Linking CXX executable tools/clang/unittests/Format/FormatTests
[247/743] Linking CXX static library lib/libLLVMDWARFLinkerClassic.a
[248/743] Building CXX object tools/clang/unittests/Tooling/CMakeFiles/ToolingTests.dir/RecursiveASTVisitorTests/LambdaExpr.cpp.o
[249/743] Linking CXX static library lib/libLLVMOrcJIT.a
[250/743] Building CXX object tools/clang/unittests/Tooling/CMakeFiles/ToolingTests.dir/RecursiveASTVisitorTests/MemberPointerTypeLoc.cpp.o
[251/743] Linking CXX shared library lib/libLTO.so.20.1
[252/743] Linking CXX static library lib/libLLVMOrcDebugging.a
[253/743] Creating library symlink lib/libLTO.so
[254/743] Linking CXX executable bin/llvm-lto
[255/743] Linking CXX static library lib/libclangToolingRefactoring.a
[256/743] Linking CXX static library lib/libclangDependencyScanning.a
[257/743] Linking CXX static library lib/libclangTesting.a
[258/743] Linking CXX static library lib/libclangInterpreter.a
[259/743] Linking CXX executable bin/diagtool
[260/743] Building CXX object tools/clang/unittests/Tooling/CMakeFiles/ToolingTests.dir/RecursiveASTVisitorTests/Attr.cpp.o
[261/743] Building CXX object tools/clang/unittests/Tooling/CMakeFiles/ToolingTests.dir/RecursiveASTVisitorTests/ParenExpr.cpp.o
[262/743] Building CXX object tools/clang/unittests/Tooling/CMakeFiles/ToolingTests.dir/RecursiveASTVisitorTests/NestedNameSpecifiers.cpp.o
[263/743] Linking CXX executable bin/clang-diff
[264/743] Building CXX object tools/clang/unittests/Tooling/CMakeFiles/ToolingTests.dir/LexicallyOrderedRecursiveASTVisitorTest.cpp.o
[265/743] Building CXX object tools/clang/unittests/Tooling/CMakeFiles/ToolingTests.dir/RecursiveASTVisitorTests/TemplateArgumentLocTraverser.cpp.o
[266/743] Building CXX object tools/clang/unittests/Tooling/CMakeFiles/ToolingTests.dir/RecursiveASTVisitorTests/TraversalScope.cpp.o
[267/743] Building CXX object tools/clang/unittests/Tooling/CMakeFiles/ToolingTests.dir/RecursiveASTVisitorTestDeclVisitor.cpp.o
[268/743] Linking CXX executable bin/clang-import-test
[269/743] Building CXX object tools/clang/unittests/Tooling/CMakeFiles/ToolingTests.dir/RecursiveASTVisitorTestTypeLocVisitor.cpp.o
[270/743] Linking CXX executable bin/clang-linker-wrapper
[271/743] Building CXX object tools/clang/unittests/Tooling/CMakeFiles/ToolingTests.dir/ReplacementsYamlTest.cpp.o
[272/743] Linking CXX executable bin/clang-nvlink-wrapper
[273/743] Building CXX object tools/clang/unittests/Tooling/CMakeFiles/ToolingTests.dir/RefactoringActionRulesTest.cpp.o
[274/743] Linking CXX executable bin/clang-scan-deps
[275/743] Linking CXX executable bin/clang-sycl-linker
[276/743] Linking CXX executable bin/clang-installapi
[277/743] Linking CXX executable bin/clang-repl
[278/743] Linking CXX executable bin/clang-refactor
[279/743] Building CXX object tools/clang/unittests/Tooling/CMakeFiles/ToolingTests.dir/RefactoringCallbacksTest.cpp.o
[280/743] Building CXX object tools/clang/unittests/Tooling/CMakeFiles/ToolingTests.dir/RecursiveASTVisitorTests/InitListExprPostOrder.cpp.o
[281/743] Building CXX object tools/clang/unittests/Tooling/Syntax/CMakeFiles/SyntaxTests.dir/TreeTestBase.cpp.o
[282/743] Building CXX object tools/clang/unittests/Tooling/CMakeFiles/ToolingTests.dir/RefactoringTest.cpp.o
[283/743] Linking CXX executable bin/clang-check
[284/743] Building CXX object tools/clang/unittests/Frontend/CMakeFiles/FrontendTests.dir/ASTUnitTest.cpp.o
[285/743] Building CXX object tools/clang/unittests/ASTMatchers/CMakeFiles/ASTMatchersTests.dir/ASTMatchersTraversalTest.cpp.o
[286/743] Linking CXX executable bin/clang-extdef-mapping
[287/743] Building CXX object tools/clang/unittests/Tooling/CMakeFiles/ToolingTests.dir/RecursiveASTVisitorTests/InitListExprPostOrderNoQueue.cpp.o
[288/743] Building CXX object tools/clang/unittests/Tooling/CMakeFiles/ToolingTests.dir/ToolingTest.cpp.o
[289/743] Building CXX object tools/clang/unittests/Frontend/CMakeFiles/FrontendTests.dir/CompilerInstanceTest.cpp.o
[290/743] Linking CXX shared library lib/libclang.so.20.1.8
[291/743] Creating library symlink lib/libclang.so.20.1 lib/libclang.so
[292/743] Linking CXX executable tools/clang/unittests/Basic/BasicTests
[293/743] Building CXX object tools/clang/unittests/Tooling/CMakeFiles/ToolingTests.dir/SourceCodeBuildersTest.cpp.o
[294/743] Linking CXX executable bin/c-index-test
[295/743] Linking CXX executable bin/c-arcmt-test
[296/743] Building CXX object tools/clang/unittests/Frontend/CMakeFiles/FrontendTests.dir/UtilsTest.cpp.o
[297/743] Building CXX object tools/clang/unittests/Frontend/CMakeFiles/FrontendTests.dir/ReparseWorkingDirTest.cpp.o
[298/743] Linking CXX executable tools/clang/unittests/Lex/LexTests
[299/743] Building CXX object tools/clang/unittests/Frontend/CMakeFiles/FrontendTests.dir/PCHPreambleTest.cpp.o
[300/743] Building CXX object tools/clang/unittests/Rewrite/CMakeFiles/RewriteTests.dir/RewriterTest.cpp.o
[301/743] Linking CXX executable tools/clang/unittests/Driver/ClangDriverTests
[302/743] Building CXX object tools/clang/unittests/Frontend/CMakeFiles/FrontendTests.dir/CompilerInvocationTest.cpp.o
[303/743] Building CXX object tools/clang/unittests/Frontend/CMakeFiles/FrontendTests.dir/CodeGenActionTest.cpp.o
[304/743] Linking CXX executable tools/clang/unittests/Analysis/ClangAnalysisTests
[305/743] Building CXX object tools/clang/unittests/Frontend/CMakeFiles/FrontendTests.dir/FrontendActionTest.cpp.o
[306/743] Linking CXX executable tools/clang/unittests/Analysis/FlowSensitive/ClangAnalysisFlowSensitiveTests
[307/743] Building CXX object tools/clang/unittests/Frontend/CMakeFiles/FrontendTests.dir/OutputStreamTest.cpp.o
[308/743] Building CXX object tools/clang/unittests/Tooling/Syntax/CMakeFiles/SyntaxTests.dir/TokensTest.cpp.o
[309/743] Building CXX object tools/clang/unittests/Tooling/CMakeFiles/ToolingTests.dir/SourceCodeTest.cpp.o
[310/743] Linking CXX executable tools/clang/unittests/StaticAnalyzer/StaticAnalysisTests
[311/743] Building CXX object tools/clang/unittests/Tooling/CMakeFiles/ToolingTests.dir/RecursiveASTVisitorTestPostOrderVisitor.cpp.o
[312/743] Linking CXX executable tools/clang/unittests/ASTMatchers/ASTMatchersTests
[313/743] Building CXX object tools/clang/unittests/Sema/CMakeFiles/SemaTests.dir/ExternalSemaSourceTest.cpp.o
[314/743] Linking CXX executable tools/clang/unittests/ASTMatchers/Dynamic/DynamicASTMatchersTests
[315/743] Building CXX object tools/clang/unittests/Tooling/CMakeFiles/ToolingTests.dir/StencilTest.cpp.o
[316/743] Linking CXX executable tools/clang/unittests/AST/ByteCode/InterpTests
[317/743] Building CXX object tools/clang/unittests/Tooling/CMakeFiles/ToolingTests.dir/RecursiveASTVisitorTests/CallbacksLeaf.cpp.o
[318/743] Linking CXX executable tools/clang/unittests/CrossTU/CrossTUTests
[319/743] Linking CXX executable tools/clang/unittests/Tooling/Syntax/SyntaxTests
[320/743] Building CXX object tools/clang/unittests/Sema/CMakeFiles/SemaTests.dir/CodeCompleteTest.cpp.o
[321/743] Building CXX object tools/clang/unittests/Tooling/CMakeFiles/ToolingTests.dir/RecursiveASTVisitorTests/CallbacksUnaryOperator.cpp.o
[322/743] Building CXX object tools/clang/unittests/Interpreter/CMakeFiles/ClangReplInterpreterTests.dir/IncrementalCompilerBuilderTest.cpp.o
[323/743] Building CXX object tools/clang/unittests/Tooling/CMakeFiles/ToolingTests.dir/RecursiveASTVisitorTests/CallbacksCallExpr.cpp.o
[324/743] Linking CXX executable tools/clang/unittests/Frontend/FrontendTests
[325/743] Building CXX object tools/clang/unittests/Tooling/CMakeFiles/ToolingTests.dir/RecursiveASTVisitorTests/CallbacksCompoundAssignOperator.cpp.o
[326/743] Building CXX object tools/clang/unittests/Tooling/CMakeFiles/ToolingTests.dir/RecursiveASTVisitorTests/CallbacksBinaryOperator.cpp.o
[327/743] Building CXX object tools/clang/unittests/Sema/CMakeFiles/SemaTests.dir/SemaLookupTest.cpp.o
[328/743] Linking CXX executable bin/llvm-bcanalyzer
[329/743] Linking CXX executable bin/llvm-as
[330/743] Linking CXX executable tools/clang/unittests/Rewrite/RewriteTests
[331/743] Linking CXX executable tools/clang/unittests/libclang/libclangTests
[332/743] Linking CXX executable tools/clang/unittests/libclang/CrashTests/libclangCrashTests
[333/743] Linking CXX executable tools/clang/unittests/InstallAPI/InstallAPITests
[334/743] Linking CXX executable bin/lli-child-target
[335/743] Linking CXX executable bin/llvm-cat
[336/743] Linking CXX executable bin/llvm-cfi-verify
[337/743] Linking CXX executable bin/llvm-c-test
[338/743] Building CXX object tools/clang/unittests/AST/CMakeFiles/ASTTests.dir/ASTImporterTest.cpp.o
[339/743] Linking CXX executable bin/llvm-cov
[340/743] Building CXX object tools/bugpoint/CMakeFiles/bugpoint.dir/ExtractFunction.cpp.o
[341/743] Linking CXX executable bin/llvm-cgdata
[342/743] Linking CXX executable bin/llvm-cvtres
[343/743] Linking CXX executable bin/llvm-cxxmap
[344/743] Linking CXX executable bin/llvm-cxxdump
[345/743] Linking CXX executable bin/llvm-debuginfod-find
[346/743] Building CXX object tools/llvm-dis/CMakeFiles/llvm-dis.dir/llvm-dis.cpp.o
[347/743] Linking CXX executable bin/llvm-debuginfo-analyzer
[348/743] Linking CXX executable bin/llvm-dwarfdump
[349/743] Linking CXX executable bin/llvm-dis
[350/743] Linking CXX executable tools/clang/unittests/AST/ASTTests
[351/743] Linking CXX executable bin/llvm-dwp
[352/743] Building CXX object tools/llvm-diff/lib/CMakeFiles/LLVMDiff.dir/DiffConsumer.cpp.o
[353/743] Building CXX object tools/clang/unittests/Sema/CMakeFiles/SemaTests.dir/GslOwnerPointerInference.cpp.o
[354/743] Building CXX object tools/clang/unittests/Serialization/CMakeFiles/SerializationTests.dir/ModuleCacheTest.cpp.o
[355/743] Building CXX object tools/clang/unittests/Tooling/CMakeFiles/ToolingTests.dir/TransformerTest.cpp.o
[356/743] Building CXX object tools/clang/unittests/CodeGen/CMakeFiles/ClangCodeGenTests.dir/BufferSourceTest.cpp.o
[357/743] Building CXX object tools/clang/unittests/CodeGen/CMakeFiles/ClangCodeGenTests.dir/TBAAMetadataTest.cpp.o
[358/743] Building CXX object tools/bugpoint/CMakeFiles/bugpoint.dir/Miscompilation.cpp.o
[359/743] Building CXX object tools/bugpoint/CMakeFiles/bugpoint.dir/bugpoint.cpp.o
[360/743] Building CXX object tools/clang/unittests/Serialization/CMakeFiles/SerializationTests.dir/PreambleInNamedModulesTest.cpp.o
[361/743] Building CXX object tools/clang/unittests/CodeGen/CMakeFiles/ClangCodeGenTests.dir/CodeGenExternalTest.cpp.o
[362/743] Building CXX object tools/bugpoint/CMakeFiles/bugpoint.dir/CrashDebugger.cpp.o
[363/743] Building CXX object tools/llvm-diff/lib/CMakeFiles/LLVMDiff.dir/DifferenceEngine.cpp.o
[364/743] Building CXX object tools/clang/unittests/Sema/CMakeFiles/SemaTests.dir/SemaNoloadLookupTest.cpp.o
[365/743] Building CXX object tools/clang/unittests/Serialization/CMakeFiles/SerializationTests.dir/LoadSpecLazilyTest.cpp.o
[366/743] Linking CXX executable bin/llvm-gsymutil
[367/743] Linking CXX executable tools/clang/unittests/Tooling/ToolingTests
[368/743] Building CXX object tools/clang/unittests/Support/CMakeFiles/ClangSupportTests.dir/TimeProfilerTest.cpp.o
[369/743] Building CXX object tools/clang/unittests/Index/CMakeFiles/IndexTests.dir/IndexTests.cpp.o
[370/743] Linking CXX executable bin/llvm-ifs
[371/743] Building CXX object tools/dsymutil/CMakeFiles/dsymutil.dir/MachOUtils.cpp.o
[372/743] Linking CXX executable tools/clang/unittests/CodeGen/ClangCodeGenTests
[373/743] Linking CXX executable bin/llvm-jitlink
[374/743] Building CXX object tools/clang/unittests/Interpreter/ExceptionTests/CMakeFiles/ClangReplInterpreterExceptionTests.dir/InterpreterExceptionTest.cpp.o
[375/743] Linking CXX executable tools/clang/unittests/Index/IndexTests
[376/743] Linking CXX executable bin/llvm-libtool-darwin
[377/743] Linking CXX static library lib/libLLVMDiff.a
[378/743] Linking CXX executable bin/bugpoint
[379/743] Linking CXX executable tools/clang/unittests/Support/ClangSupportTests
[380/743] Linking CXX executable bin/llvm-link
[381/743] Linking CXX executable bin/llvm-diff
[382/743] Linking CXX executable bin/llvm-lipo
[383/743] Building CXX object tools/clang/unittests/Serialization/CMakeFiles/SerializationTests.dir/NoCommentsTest.cpp.o
[384/743] Building CXX object tools/dsymutil/CMakeFiles/dsymutil.dir/dsymutil.cpp.o
[385/743] Linking CXX executable bin/llvm-modextract
[386/743] Generating ../../bin/llvm-otool
[387/743] Linking CXX executable bin/llvm-nm
[388/743] Building CXX object tools/clang/unittests/Interpreter/CMakeFiles/ClangReplInterpreterTests.dir/IncrementalProcessingTest.cpp.o
[389/743] Linking CXX executable tools/clang/unittests/Interpreter/ExceptionTests/ClangReplInterpreterExceptionTests
[390/743] Linking CXX executable bin/llvm-objcopy
[391/743] Generating ../../bin/llvm-install-name-tool
[392/743] Generating ../../bin/llvm-bitcode-strip
[393/743] Generating ../../bin/llvm-strip
[394/743] Building CXX object tools/llvm-dwarfutil/CMakeFiles/llvm-dwarfutil.dir/DebugInfoLinker.cpp.o
[395/743] Linking CXX executable bin/llvm-pdbutil
[396/743] Building CXX object tools/dsymutil/CMakeFiles/dsymutil.dir/DwarfLinkerForBinary.cpp.o
[397/743] Linking CXX executable bin/llvm-rc
[398/743] Building CXX object tools/clang/unittests/Interpreter/CMakeFiles/ClangReplInterpreterTests.dir/InterpreterExtensionsTest.cpp.o
[399/743] Generating ../../bin/llvm-windres
[400/743] Building CXX object tools/clang/unittests/Interpreter/CMakeFiles/ClangReplInterpreterTests.dir/InterpreterTest.cpp.o
[401/743] Linking CXX executable bin/llvm-dwarfutil
[402/743] Building CXX object tools/clang/unittests/Serialization/CMakeFiles/SerializationTests.dir/ForceCheckFileInputTest.cpp.o
[403/743] Building CXX object tools/clang/unittests/Sema/CMakeFiles/SemaTests.dir/HeuristicResolverTest.cpp.o
[404/743] Linking CXX executable bin/llvm-readobj
[405/743] Linking CXX executable bin/llvm-readtapi
[406/743] Generating ../../bin/llvm-readelf
[407/743] Linking CXX executable bin/dsymutil
[408/743] Building CXX object tools/clang/unittests/Serialization/CMakeFiles/SerializationTests.dir/VarDeclConstantInitTest.cpp.o
[409/743] Linking CXX executable tools/clang/unittests/Sema/SemaTests
[410/743] Building CXX object tools/clang/unittests/Interpreter/CMakeFiles/ClangReplInterpreterTests.dir/CodeCompletionTest.cpp.o
[411/743] Linking CXX executable tools/clang/unittests/Serialization/SerializationTests
[412/743] Building CXX object tools/llvm-reduce/CMakeFiles/llvm-reduce.dir/deltas/Utils.cpp.o
[413/743] Building CXX object tools/bugpoint-passes/CMakeFiles/BugpointPasses.dir/TestPasses.cpp.o
[414/743] Building CXX object tools/llvm-reduce/CMakeFiles/llvm-reduce.dir/deltas/ReduceAliases.cpp.o
[415/743] Linking CXX executable tools/clang/unittests/Interpreter/ClangReplInterpreterTests
[416/743] Building CXX object tools/llvm-isel-fuzzer/CMakeFiles/llvm-isel-fuzzer.dir/llvm-isel-fuzzer.cpp.o
[417/743] Linking CXX shared module lib/BugpointPasses.so
[418/743] Building CXX object tools/llvm-exegesis/lib/CMakeFiles/LLVMExegesis.dir/SerialSnippetGenerator.cpp.o
[419/743] Linking CXX executable bin/llvm-isel-fuzzer
[420/743] Building CXX object tools/llvm-exegesis/lib/CMakeFiles/LLVMExegesis.dir/LatencyBenchmarkRunner.cpp.o
[421/743] Building CXX object tools/llvm-exegesis/lib/CMakeFiles/LLVMExegesis.dir/ParallelSnippetGenerator.cpp.o
[422/743] Building CXX object tools/llvm-exegesis/lib/CMakeFiles/LLVMExegesis.dir/BenchmarkResult.cpp.o
[423/743] Building CXX object tools/llvm-exegesis/lib/CMakeFiles/LLVMExegesis.dir/LlvmState.cpp.o
[424/743] Building CXX object tools/lli/CMakeFiles/lli.dir/lli.cpp.o
[425/743] Building CXX object tools/llvm-exegesis/lib/CMakeFiles/LLVMExegesis.dir/BenchmarkRunner.cpp.o
[426/743] Building CXX object tools/llvm-exegesis/lib/CMakeFiles/LLVMExegesis.dir/SnippetFile.cpp.o
[427/743] Building CXX object tools/llvm-reduce/CMakeFiles/llvm-reduce.dir/deltas/ReduceArguments.cpp.o
[428/743] Building CXX object tools/llvm-reduce/CMakeFiles/llvm-reduce.dir/deltas/ReduceFunctionBodies.cpp.o
[429/743] Building CXX object tools/llvm-exegesis/lib/CMakeFiles/LLVMExegesis.dir/UopsBenchmarkRunner.cpp.o
[430/743] Building CXX object tools/llvm-exegesis/lib/CMakeFiles/LLVMExegesis.dir/Target.cpp.o
[431/743] Building CXX object tools/llvm-exegesis/lib/CMakeFiles/LLVMExegesis.dir/Assembler.cpp.o
[432/743] Building CXX object tools/llvm-extract/CMakeFiles/llvm-extract.dir/llvm-extract.cpp.o
[433/743] Building CXX object tools/llvm-reduce/CMakeFiles/llvm-reduce.dir/deltas/ReduceBasicBlocks.cpp.o
[434/743] Building CXX object tools/llvm-exegesis/lib/CMakeFiles/LLVMExegesis.dir/SnippetGenerator.cpp.o
[435/743] Building CXX object tools/llvm-reduce/CMakeFiles/llvm-reduce.dir/deltas/ReduceGlobalVarInitializers.cpp.o
[436/743] Building CXX object tools/llvm-reduce/CMakeFiles/llvm-reduce.dir/deltas/ReduceAttributes.cpp.o
[437/743] Building CXX object tools/llvm-exegesis/CMakeFiles/llvm-exegesis.dir/llvm-exegesis.cpp.o
[438/743] Building CXX object tools/llvm-reduce/CMakeFiles/llvm-reduce.dir/deltas/ReduceGlobalVars.cpp.o
[439/743] Building CXX object tools/llvm-exegesis/lib/RISCV/CMakeFiles/LLVMExegesisRISCV.dir/Target.cpp.o
[440/743] Building CXX object tools/llvm-exegesis/lib/CMakeFiles/LLVMExegesis.dir/SnippetRepetitor.cpp.o
[441/743] Linking CXX executable bin/llvm-rtdyld
[442/743] Building CXX object tools/llvm-reduce/CMakeFiles/llvm-reduce.dir/deltas/ReduceSpecialGlobals.cpp.o
[443/743] Building CXX object tools/llvm-reduce/CMakeFiles/llvm-reduce.dir/deltas/ReduceInstructions.cpp.o
[444/743] Linking CXX executable bin/lli
[445/743] Linking CXX executable bin/llvm-size
[446/743] Linking CXX static library lib/libLLVMExegesis.a
[447/743] Building CXX object tools/llvm-reduce/CMakeFiles/llvm-reduce.dir/deltas/ReduceDIMetadata.cpp.o
[448/743] Linking CXX executable bin/llvm-extract
[449/743] Linking CXX static library lib/libLLVMExegesisRISCV.a
[450/743] Linking CXX executable bin/llvm-split
[451/743] Linking CXX executable bin/llvm-strings
[452/743] Building CXX object tools/llvm-reduce/CMakeFiles/llvm-reduce.dir/deltas/ReduceInstructionFlags.cpp.o
[453/743] Building CXX object tools/llvm-reduce/CMakeFiles/llvm-reduce.dir/deltas/ReduceInvokes.cpp.o
[454/743] Linking CXX executable bin/llvm-symbolizer
[455/743] Generating ../../bin/llvm-addr2line
[456/743] Linking CXX executable bin/llvm-xray
[457/743] Linking CXX executable bin/obj2yaml
[458/743] Linking CXX executable bin/llvm-exegesis
[459/743] Building CXX object tools/llvm-reduce/CMakeFiles/llvm-reduce.dir/deltas/Delta.cpp.o
[460/743] Linking CXX executable bin/sancov
[461/743] Linking CXX executable bin/verify-uselistorder
[462/743] Linking CXX executable bin/yaml2obj
[463/743] Building CXX object tools/llvm-reduce/CMakeFiles/llvm-reduce.dir/deltas/SimplifyInstructions.cpp.o
[464/743] Building CXX object tools/llvm-reduce/CMakeFiles/llvm-reduce.dir/deltas/ReduceOperands.cpp.o
[465/743] Building CXX object tools/llvm-reduce/CMakeFiles/llvm-reduce.dir/deltas/ReduceOperandsSkip.cpp.o
[466/743] Building CXX object tools/llvm-reduce/CMakeFiles/llvm-reduce.dir/deltas/ReduceMetadata.cpp.o
[467/743] Building CXX object tools/llvm-reduce/CMakeFiles/llvm-reduce.dir/deltas/ReduceUsingSimplifyCFG.cpp.o
[468/743] Building CXX object tools/llvm-profgen/CMakeFiles/llvm-profgen.dir/llvm-profgen.cpp.o
[469/743] Building CXX object tools/llvm-reduce/CMakeFiles/llvm-reduce.dir/deltas/ReduceInstructionFlagsMIR.cpp.o
[470/743] Building CXX object tools/llvm-reduce/CMakeFiles/llvm-reduce.dir/deltas/ReduceMemoryOperations.cpp.o
[471/743] Building CXX object tools/llvm-reduce/CMakeFiles/llvm-reduce.dir/deltas/ReduceIRReferences.cpp.o
[472/743] Building CXX object tools/llvm-reduce/CMakeFiles/llvm-reduce.dir/deltas/ReduceOperandsToArgs.cpp.o
[473/743] Building CXX object tools/llvm-opt-fuzzer/CMakeFiles/llvm-opt-fuzzer.dir/llvm-opt-fuzzer.cpp.o
[474/743] Building CXX object tools/llvm-reduce/CMakeFiles/llvm-reduce.dir/deltas/ReduceVirtualRegisters.cpp.o
[475/743] Building CXX object tools/llvm-reduce/CMakeFiles/llvm-reduce.dir/deltas/ReduceOperandBundles.cpp.o
[476/743] Building CXX object tools/llvm-reduce/CMakeFiles/llvm-reduce.dir/deltas/StripDebugInfo.cpp.o
[477/743] Building CXX object tools/llvm-reduce/CMakeFiles/llvm-reduce.dir/deltas/ReduceOpcodes.cpp.o
[478/743] Building CXX object tools/llvm-reduce/CMakeFiles/llvm-reduce.dir/deltas/ReduceRegisterMasks.cpp.o
[479/743] Building CXX object tools/llvm-reduce/CMakeFiles/llvm-reduce.dir/deltas/ReduceRegisterUses.cpp.o
[480/743] Building CXX object tools/llvm-lto2/CMakeFiles/llvm-lto2.dir/llvm-lto2.cpp.o
[481/743] Building CXX object tools/llvm-reduce/CMakeFiles/llvm-reduce.dir/deltas/ReduceInstructionsMIR.cpp.o
[482/743] Building CXX object tools/llvm-reduce/CMakeFiles/llvm-reduce.dir/deltas/ReduceRegisterDefs.cpp.o
[483/743] Building CXX object tools/llvm-profgen/CMakeFiles/llvm-profgen.dir/PerfReader.cpp.o
[484/743] Building CXX object tools/llvm-stress/CMakeFiles/llvm-stress.dir/llvm-stress.cpp.o
[485/743] Building CXX object tools/sanstats/CMakeFiles/sanstats.dir/sanstats.cpp.o
[486/743] Building CXX object tools/llvm-sim/CMakeFiles/llvm-sim.dir/llvm-sim.cpp.o
[487/743] Building CXX object unittests/Analysis/CMakeFiles/AnalysisTests.dir/AliasSetTrackerTest.cpp.o
[488/743] Building CXX object tools/llvm-profgen/CMakeFiles/llvm-profgen.dir/ProfileGenerator.cpp.o
[489/743] Building CXX object tools/llvm-tli-checker/CMakeFiles/llvm-tli-checker.dir/llvm-tli-checker.cpp.o
[490/743] Building CXX object unittests/Analysis/CMakeFiles/AnalysisTests.dir/CaptureTrackingTest.cpp.o
[491/743] Building CXX object unittests/Analysis/CMakeFiles/AnalysisTests.dir/CFGTest.cpp.o
[492/743] Building CXX object unittests/Analysis/CMakeFiles/AnalysisTests.dir/BlockFrequencyInfoTest.cpp.o
[493/743] Building CXX object unittests/Analysis/CMakeFiles/AnalysisTests.dir/BranchProbabilityInfoTest.cpp.o
[494/743] Building CXX object unittests/Analysis/CMakeFiles/AnalysisTests.dir/BasicAliasAnalysisTest.cpp.o
[495/743] Building CXX object tools/llvm-reduce/CMakeFiles/llvm-reduce.dir/ReducerWorkItem.cpp.o
[496/743] Building CXX object tools/llvm-profgen/CMakeFiles/llvm-profgen.dir/ProfiledBinary.cpp.o
[497/743] Building CXX object unittests/Analysis/CMakeFiles/AnalysisTests.dir/AliasAnalysisTest.cpp.o
[498/743] Building CXX object unittests/Analysis/CMakeFiles/AnalysisTests.dir/DXILResourceTest.cpp.o
[499/743] Building CXX object unittests/Analysis/CMakeFiles/AnalysisTests.dir/GlobalsModRefTest.cpp.o
[500/743] Building CXX object tools/llvm-reduce/CMakeFiles/llvm-reduce.dir/deltas/RunIRPasses.cpp.o
[501/743] Building CXX object unittests/Analysis/CMakeFiles/AnalysisTests.dir/DomTreeUpdaterTest.cpp.o
[502/743] Building CXX object unittests/Analysis/CMakeFiles/AnalysisTests.dir/GraphWriterTest.cpp.o
[503/743] Building CXX object unittests/Analysis/CMakeFiles/AnalysisTests.dir/DDGTest.cpp.o
[504/743] Building CXX object unittests/Analysis/CMakeFiles/AnalysisTests.dir/InlineCostTest.cpp.o
[505/743] Linking CXX executable unittests/CGData/CGDataTests
[506/743] Building CXX object unittests/Analysis/CMakeFiles/AnalysisTests.dir/LoadsTest.cpp.o
[507/743] Building CXX object unittests/Analysis/CMakeFiles/AnalysisTests.dir/AssumeBundleQueriesTest.cpp.o
[508/743] Building CXX object unittests/Analysis/CMakeFiles/AnalysisTests.dir/IVDescriptorsTest.cpp.o
[509/743] Building CXX object unittests/Analysis/CMakeFiles/AnalysisTests.dir/MemoryBuiltinsTest.cpp.o
[510/743] Linking CXX executable bin/llvm-lto2
[511/743] Building CXX object unittests/Analysis/CMakeFiles/AnalysisTests.dir/LoopNestTest.cpp.o
[512/743] Linking CXX executable bin/llvm-opt-fuzzer
[513/743] Building CXX object unittests/Analysis/CMakeFiles/AnalysisTests.dir/PhiValuesTest.cpp.o
[514/743] Building CXX object unittests/Analysis/CMakeFiles/AnalysisTests.dir/TBAATest.cpp.o
[515/743] Linking CXX executable bin/llvm-profgen
[516/743] Building CXX object unittests/Analysis/CMakeFiles/AnalysisTests.dir/MemoryProfileInfoTest.cpp.o
[517/743] Building CXX object unittests/Analysis/CMakeFiles/AnalysisTests.dir/ValueLatticeTest.cpp.o
[518/743] Building CXX object unittests/Analysis/CMakeFiles/AnalysisTests.dir/TargetLibraryInfoTest.cpp.o
[519/743] Linking CXX executable bin/llvm-reduce
[520/743] Linking CXX executable bin/llvm-sim
[521/743] Linking CXX executable bin/llvm-stress
[522/743] Building CXX object unittests/Analysis/CMakeFiles/AnalysisTests.dir/SparsePropagation.cpp.o
[523/743] Building CXX object unittests/Analysis/CMakeFiles/AnalysisTests.dir/LoopInfoTest.cpp.o
[524/743] Building CXX object unittests/Analysis/CMakeFiles/AnalysisTests.dir/LastRunTrackingAnalysisTest.cpp.o
[525/743] Linking CXX executable bin/llvm-tli-checker
[526/743] Linking CXX executable bin/sanstats
[527/743] Building CXX object unittests/Analysis/CMakeFiles/AnalysisTests.dir/ProfileSummaryInfoTest.cpp.o
[528/743] Building CXX object unittests/Analysis/CMakeFiles/AnalysisTests.dir/UnrollAnalyzerTest.cpp.o
[529/743] Building CXX object unittests/Analysis/CMakeFiles/AnalysisTests.dir/IRSimilarityIdentifierTest.cpp.o
[530/743] Building CXX object unittests/Bitcode/CMakeFiles/BitcodeTests.dir/BitReaderTest.cpp.o
[531/743] Building CXX object unittests/Analysis/CMakeFiles/AnalysisTests.dir/CtxProfAnalysisTest.cpp.o
[532/743] Building CXX object unittests/AsmParser/CMakeFiles/AsmParserTests.dir/AsmParserTest.cpp.o
[533/743] Building CXX object unittests/Analysis/CMakeFiles/AnalysisTests.dir/VectorUtilsTest.cpp.o
[534/743] Building CXX object unittests/Analysis/CMakeFiles/AnalysisTests.dir/FunctionPropertiesAnalysisTest.cpp.o
[535/743] Building CXX object unittests/Analysis/InlineAdvisorPlugin/CMakeFiles/InlineAdvisorPlugin.dir/InlineAdvisorPlugin.cpp.o
[536/743] Building CXX object unittests/Analysis/CMakeFiles/AnalysisTests.dir/MemorySSATest.cpp.o
[537/743] Building CXX object unittests/Analysis/CMakeFiles/AnalysisTests.dir/ReplaceWithVecLibTest.cpp.o
[538/743] Building CXX object unittests/Analysis/CMakeFiles/AnalysisTests.dir/ScalarEvolutionTest.cpp.o
[539/743] Building CXX object unittests/Analysis/CMakeFiles/AnalysisTests.dir/CGSCCPassManagerTest.cpp.o
[540/743] Building CXX object unittests/Analysis/InlineOrderPlugin/CMakeFiles/InlineOrderPlugin.dir/InlineOrderPlugin.cpp.o
[541/743] Building CXX object unittests/Analysis/CMakeFiles/AnalysisTests.dir/PluginInlineAdvisorAnalysisTest.cpp.o
[542/743] Building CXX object unittests/Analysis/CMakeFiles/AnalysisTests.dir/PluginInlineOrderAnalysisTest.cpp.o
[543/743] Building CXX object unittests/Analysis/CMakeFiles/AnalysisTests.dir/LazyCallGraphTest.cpp.o
[544/743] Building CXX object unittests/CodeGen/CMakeFiles/CodeGenTests.dir/CCStateTest.cpp.o
[545/743] Building CXX object unittests/Analysis/CMakeFiles/AnalysisTests.dir/ValueTrackingTest.cpp.o
[546/743] Building CXX object unittests/CodeGen/CMakeFiles/CodeGenTests.dir/AArch64SelectionDAGTest.cpp.o
[547/743] Linking CXX executable unittests/DebugInfo/BTF/DebugInfoBTFTests
[548/743] Linking CXX shared module unittests/Analysis/InlineAdvisorPlugin.so
[549/743] Linking CXX shared module unittests/Analysis/InlineOrderPlugin.so
[550/743] Linking CXX executable unittests/AsmParser/AsmParserTests
[551/743] Building CXX object unittests/CodeGen/GlobalISel/CMakeFiles/GlobalISelTests.dir/GIMatchTableExecutorTest.cpp.o
[552/743] Building CXX object unittests/CodeGen/CMakeFiles/CodeGenTests.dir/DIETest.cpp.o
[553/743] Building CXX object unittests/CodeGen/CMakeFiles/CodeGenTests.dir/TypeTraitsTest.cpp.o
[554/743] Linking CXX executable unittests/Analysis/AnalysisTests
[555/743] Linking CXX executable unittests/DebugInfo/GSYM/DebugInfoGSYMTests
[556/743] Building CXX object unittests/CodeGen/CMakeFiles/CodeGenTests.dir/SchedBoundary.cpp.o
[557/743] Linking CXX executable unittests/Bitcode/BitcodeTests
[558/743] Linking CXX executable unittests/DebugInfo/PDB/DebugInfoPDBTests
[559/743] Linking CXX executable unittests/DebugInfo/Symbolizer/DebugInfoSymbolizerTests
[560/743] Linking CXX executable unittests/DWARFLinkerParallel/DWARFLinkerParallelTests
[561/743] Linking CXX executable unittests/Debuginfod/DebuginfodTests
[562/743] Building CXX object unittests/CodeGen/CMakeFiles/CodeGenTests.dir/SelectionDAGAddressAnalysisTest.cpp.o
[563/743] Linking CXX executable unittests/ExecutionEngine/JITLink/JITLinkTests
[564/743] Linking CXX executable unittests/ExecutionEngine/ExecutionEngineTests
[565/743] Building CXX object unittests/CodeGen/CMakeFiles/CodeGenTests.dir/MachineOperandTest.cpp.o
[566/743] Building CXX object unittests/CodeGen/CMakeFiles/CodeGenTests.dir/AsmPrinterDwarfTest.cpp.o
[567/743] Building CXX object unittests/CodeGen/CMakeFiles/CodeGenTests.dir/MachineBasicBlockTest.cpp.o
[568/743] Building CXX object unittests/CodeGen/CMakeFiles/CodeGenTests.dir/RegAllocScoreTest.cpp.o
[569/743] Building CXX object unittests/CodeGen/GlobalISel/CMakeFiles/GlobalISelTests.dir/CallLowering.cpp.o
[570/743] Building CXX object unittests/CodeGen/CMakeFiles/CodeGenTests.dir/LexicalScopesTest.cpp.o
[571/743] Building CXX object unittests/CodeGen/CMakeFiles/CodeGenTests.dir/SelectionDAGPatternMatchTest.cpp.o
[572/743] Building CXX object unittests/CodeGen/CMakeFiles/CodeGenTests.dir/MachineDomTreeUpdaterTest.cpp.o
[573/743] Building CXX object unittests/CodeGen/CMakeFiles/CodeGenTests.dir/MachineInstrTest.cpp.o
[574/743] Building CXX object unittests/CodeGen/CMakeFiles/CodeGenTests.dir/TestAsmPrinter.cpp.o
[575/743] Building CXX object unittests/CodeGen/CMakeFiles/CodeGenTests.dir/PassManagerTest.cpp.o
[576/743] Building CXX object unittests/CodeGen/GlobalISel/CMakeFiles/GlobalISelTests.dir/ConstantFoldingTest.cpp.o
[577/743] Building CXX object unittests/CodeGen/GlobalISel/CMakeFiles/GlobalISelTests.dir/LegalizerTest.cpp.o
[578/743] Building CXX object unittests/CodeGen/GlobalISel/CMakeFiles/GlobalISelTests.dir/GISelMITest.cpp.o
[579/743] Building CXX object unittests/CodeGen/GlobalISel/CMakeFiles/GlobalISelTests.dir/CSETest.cpp.o
[580/743] Building CXX object unittests/CodeGen/CMakeFiles/CodeGenTests.dir/MLRegAllocDevelopmentFeatures.cpp.o
[581/743] Building CXX object unittests/CodeGen/GlobalISel/CMakeFiles/GlobalISelTests.dir/MachineIRBuilderTest.cpp.o
[582/743] Building CXX object unittests/CodeGen/GlobalISel/CMakeFiles/GlobalISelTests.dir/LegalizerInfoTest.cpp.o
[583/743] Linking CXX executable unittests/InterfaceStub/InterfaceStubTests
[584/743] Building CXX object unittests/CodeGen/GlobalISel/CMakeFiles/GlobalISelTests.dir/GISelAliasTest.cpp.o
[585/743] Building CXX object unittests/CodeGen/GlobalISel/CMakeFiles/GlobalISelTests.dir/GISelUtilsTest.cpp.o
[586/743] Building CXX object unittests/CodeGen/GlobalISel/CMakeFiles/GlobalISelTests.dir/KnownBitsVectorTest.cpp.o
[587/743] Building CXX object unittests/CodeGen/GlobalISel/CMakeFiles/GlobalISelTests.dir/PatternMatchTest.cpp.o
[588/743] Building CXX object unittests/DebugInfo/DWARF/CMakeFiles/DebugInfoDWARFTests.dir/DwarfGenerator.cpp.o
[589/743] Building CXX object unittests/DebugInfo/LogicalView/CMakeFiles/DebugInfoLogicalViewTests.dir/__/DWARF/DwarfGenerator.cpp.o
[590/743] Building CXX object unittests/ExecutionEngine/Orc/CMakeFiles/OrcJITTests.dir/ExecutorAddressTest.cpp.o
[591/743] Building CXX object unittests/ExecutionEngine/Orc/CMakeFiles/OrcJITTests.dir/IndirectionUtilsTest.cpp.o
[592/743] Building CXX object unittests/CodeGen/GlobalISel/CMakeFiles/GlobalISelTests.dir/KnownBitsTest.cpp.o
[593/743] Building CXX object unittests/CodeGen/GlobalISel/CMakeFiles/GlobalISelTests.dir/InstructionSelectTest.cpp.o
[594/743] Building CXX object unittests/ExecutionEngine/Orc/CMakeFiles/OrcJITTests.dir/JITTargetMachineBuilderTest.cpp.o
[595/743] Building CXX object unittests/IR/CMakeFiles/IRTests.dir/AbstractCallSiteTest.cpp.o
[596/743] Building CXX object unittests/ExecutionEngine/Orc/CMakeFiles/OrcJITTests.dir/OrcTestCommon.cpp.o
[597/743] Building CXX object unittests/CodeGen/GlobalISel/CMakeFiles/GlobalISelTests.dir/LegalizerHelperTest.cpp.o
[598/743] Building CXX object unittests/ExecutionEngine/Orc/CMakeFiles/OrcJITTests.dir/EPCGenericJITLinkMemoryManagerTest.cpp.o
[599/743] Building CXX object unittests/ExecutionEngine/Orc/CMakeFiles/OrcJITTests.dir/LookupAndRecordAddrsTest.cpp.o
[600/743] Building CXX object unittests/ExecutionEngine/Orc/CMakeFiles/OrcJITTests.dir/EPCGenericMemoryAccessTest.cpp.o
[601/743] Building CXX object unittests/CodeGen/CMakeFiles/CodeGenTests.dir/InstrRefLDVTest.cpp.o
[602/743] Building CXX object unittests/FuzzMutate/CMakeFiles/FuzzMutateTests.dir/RandomIRBuilderTest.cpp.o
[603/743] Building CXX object unittests/ExecutionEngine/Orc/CMakeFiles/OrcJITTests.dir/MapperJITLinkMemoryManagerTest.cpp.o
[604/743] Building CXX object unittests/FuzzMutate/CMakeFiles/FuzzMutateTests.dir/StrategiesTest.cpp.o
[605/743] Building CXX object unittests/IR/CMakeFiles/IRTests.dir/CFGBuilder.cpp.o
[606/743] Building CXX object unittests/ExecutionEngine/Orc/CMakeFiles/OrcJITTests.dir/SharedMemoryMapperTest.cpp.o
[607/743] Building CXX object unittests/IR/CMakeFiles/IRTests.dir/AsmWriterTest.cpp.o
[608/743] Building CXX object unittests/ExecutionEngine/Orc/CMakeFiles/OrcJITTests.dir/RTDyldObjectLinkingLayerTest.cpp.o
[609/743] Building CXX object unittests/IR/CMakeFiles/IRTests.dir/DebugTypeODRUniquingTest.cpp.o
[610/743] Building CXX object unittests/IR/CMakeFiles/IRTests.dir/ConstantFPRangeTest.cpp.o
[611/743] Building CXX object unittests/ExecutionEngine/Orc/CMakeFiles/OrcJITTests.dir/OrcCAPITest.cpp.o
[612/743] Building CXX object unittests/IR/CMakeFiles/IRTests.dir/ConstantsTest.cpp.o
[613/743] Building CXX object unittests/IR/CMakeFiles/IRTests.dir/BasicBlockTest.cpp.o
[614/743] Building CXX object unittests/FuzzMutate/CMakeFiles/FuzzMutateTests.dir/OperationsTest.cpp.o
[615/743] Building CXX object unittests/ExecutionEngine/Orc/CMakeFiles/OrcJITTests.dir/JITLinkRedirectionManagerTest.cpp.o
[616/743] Building CXX object unittests/ExecutionEngine/Orc/CMakeFiles/OrcJITTests.dir/ResourceTrackerTest.cpp.o
[617/743] Building CXX object unittests/ExecutionEngine/Orc/CMakeFiles/OrcJITTests.dir/LazyCallThroughAndReexportsTest.cpp.o
[618/743] Linking CXX executable unittests/MC/MCTests
[619/743] Linking CXX executable unittests/CodeGen/CodeGenTests
[620/743] Building CXX object unittests/IR/CMakeFiles/IRTests.dir/BasicBlockDbgInfoTest.cpp.o
[621/743] Linking CXX executable unittests/CodeGen/GlobalISel/GlobalISelTests
[622/743] Building CXX object unittests/ExecutionEngine/Orc/CMakeFiles/OrcJITTests.dir/ReOptimizeLayerTest.cpp.o
[623/743] Linking CXX executable unittests/ObjCopy/ObjCopyTests
[624/743] Building CXX object unittests/IR/CMakeFiles/IRTests.dir/MDBuilderTest.cpp.o
[625/743] Building CXX object unittests/IR/CMakeFiles/IRTests.dir/ShuffleVectorInstTest.cpp.o
[626/743] Linking CXX executable unittests/DebugInfo/LogicalView/DebugInfoLogicalViewTests
[627/743] Linking CXX executable unittests/FuzzMutate/FuzzMutateTests
[628/743] Linking CXX executable unittests/ObjectYAML/ObjectYAMLTests
[629/743] Linking CXX executable unittests/Object/ObjectTests
[630/743] Linking CXX executable unittests/Remarks/RemarksTests
[631/743] Linking CXX executable unittests/Passes/PassBuilderBindings/PassesBindingsTests
[632/743] Building CXX object unittests/IR/CMakeFiles/IRTests.dir/UserTest.cpp.o
[633/743] Building CXX object unittests/IR/CMakeFiles/IRTests.dir/DominatorTreeTest.cpp.o
[634/743] Building CXX object unittests/IR/CMakeFiles/IRTests.dir/LegacyPassManagerTest.cpp.o
[635/743] Building CXX object unittests/IR/CMakeFiles/IRTests.dir/IntrinsicsTest.cpp.o
[636/743] Building CXX object unittests/IR/CMakeFiles/IRTests.dir/DroppedVariableStatsIRTest.cpp.o
[637/743] Building CXX object unittests/IR/CMakeFiles/IRTests.dir/ValueHandleTest.cpp.o
[638/743] Building CXX object unittests/IR/CMakeFiles/IRTests.dir/ModuleTest.cpp.o
[639/743] Building CXX object unittests/IR/CMakeFiles/IRTests.dir/DebugInfoTest.cpp.o
[640/743] Building CXX object unittests/Linker/CMakeFiles/LinkerTests.dir/LinkModulesTest.cpp.o
[641/743] Building CXX object unittests/IR/CMakeFiles/IRTests.dir/ValueTest.cpp.o
[642/743] Building CXX object unittests/IR/CMakeFiles/IRTests.dir/VerifierTest.cpp.o
[643/743] Linking CXX executable unittests/Linker/LinkerTests
[644/743] Building CXX object unittests/DebugInfo/DWARF/CMakeFiles/DebugInfoDWARFTests.dir/DWARFDebugInfoTest.cpp.o
[645/743] Linking CXX executable unittests/Target/TargetMachineCTests
[646/743] Linking CXX executable unittests/Telemetry/TelemetryTests
[647/743] Building CXX object unittests/IR/CMakeFiles/IRTests.dir/VectorBuilderTest.cpp.o
[648/743] Linking CXX executable unittests/DebugInfo/DWARF/DebugInfoDWARFTests
[649/743] Building CXX object unittests/IR/CMakeFiles/IRTests.dir/IRBuilderTest.cpp.o
[650/743] Building CXX object unittests/ExecutionEngine/Orc/CMakeFiles/OrcJITTests.dir/CoreAPIsTest.cpp.o
[651/743] Building CXX object unittests/MIR/CMakeFiles/MIRTests.dir/MachineStableHashTest.cpp.o
[652/743] Building CXX object unittests/IR/CMakeFiles/IRTests.dir/VFABIDemanglerTest.cpp.o
[653/743] Linking CXX executable unittests/ExecutionEngine/Orc/OrcJITTests
[654/743] Building CXX object unittests/MI/CMakeFiles/MITests.dir/LiveIntervalTest.cpp.o
[655/743] Building CXX object unittests/SandboxIR/CMakeFiles/SandboxIRTests.dir/IntrinsicInstTest.cpp.o
[656/743] Building CXX object unittests/IR/CMakeFiles/IRTests.dir/InstructionsTest.cpp.o
[657/743] Building CXX object unittests/IR/CMakeFiles/IRTests.dir/ConstantRangeTest.cpp.o
[658/743] Building CXX object unittests/IR/CMakeFiles/IRTests.dir/VPIntrinsicTest.cpp.o
[659/743] Linking CXX executable unittests/MI/MITests
[660/743] Building CXX object unittests/SandboxIR/CMakeFiles/SandboxIRTests.dir/OperatorTest.cpp.o
[661/743] Building CXX object unittests/Passes/Plugins/TestPlugin/CMakeFiles/TestPlugin.dir/TestPlugin.cpp.o
[662/743] Linking CXX shared module unittests/Passes/Plugins/TestPlugin.so
[663/743] Building CXX object unittests/MIR/CMakeFiles/MIRTests.dir/MachineMetadata.cpp.o
[664/743] Building CXX object unittests/SandboxIR/CMakeFiles/SandboxIRTests.dir/TypesTest.cpp.o
[665/743] Building CXX object unittests/Passes/Plugins/DoublerPlugin/CMakeFiles/DoublerPlugin.dir/DoublerPlugin.cpp.o
[666/743] Linking CXX shared module unittests/Passes/Plugins/DoublerPlugin.so
[667/743] Linking CXX executable unittests/MIR/MIRTests
[668/743] Building CXX object unittests/SandboxIR/CMakeFiles/SandboxIRTests.dir/PassTest.cpp.o
[669/743] Building CXX object unittests/IR/CMakeFiles/IRTests.dir/ValueMapTest.cpp.o
[670/743] Building CXX object unittests/SandboxIR/CMakeFiles/SandboxIRTests.dir/RegionTest.cpp.o
[671/743] Building CXX object unittests/ProfileData/CMakeFiles/ProfileDataTests.dir/SampleProfTest.cpp.o
[672/743] Building CXX object unittests/IR/CMakeFiles/IRTests.dir/PassManagerTest.cpp.o
[673/743] Building CXX object unittests/Passes/Plugins/CMakeFiles/PluginsTests.dir/PluginsTest.cpp.o
[674/743] Building CXX object unittests/SandboxIR/CMakeFiles/SandboxIRTests.dir/UtilsTest.cpp.o
[675/743] Linking CXX executable unittests/Passes/Plugins/PluginsTests
[676/743] Building CXX object unittests/IR/CMakeFiles/IRTests.dir/PatternMatch.cpp.o
[677/743] Building CXX object unittests/Transforms/Utils/CMakeFiles/UtilsTests.dir/FunctionComparatorTest.cpp.o
[678/743] Building CXX object unittests/Transforms/Utils/CMakeFiles/UtilsTests.dir/IntegerDivisionTest.cpp.o
[679/743] Building CXX object unittests/SandboxIR/CMakeFiles/SandboxIRTests.dir/TrackerTest.cpp.o
[680/743] Building CXX object unittests/Transforms/Utils/CMakeFiles/UtilsTests.dir/CodeExtractorTest.cpp.o
[681/743] Building CXX object unittests/Transforms/Utils/CMakeFiles/UtilsTests.dir/DebugifyTest.cpp.o
[682/743] Building CXX object unittests/IR/CMakeFiles/IRTests.dir/MetadataTest.cpp.o
[683/743] Building CXX object unittests/Transforms/Utils/CMakeFiles/UtilsTests.dir/LoopRotationUtilsTest.cpp.o
[684/743] Building CXX object unittests/Transforms/Utils/CMakeFiles/UtilsTests.dir/BasicBlockUtilsTest.cpp.o
[685/743] Building CXX object unittests/Transforms/Coroutines/CMakeFiles/CoroTests.dir/ExtraRematTest.cpp.o
[686/743] Building CXX object unittests/Transforms/Utils/CMakeFiles/UtilsTests.dir/ModuleUtilsTest.cpp.o
[687/743] Building CXX object unittests/Transforms/IPO/CMakeFiles/IPOTests.dir/FunctionSpecializationTest.cpp.o
[688/743] Building CXX object unittests/Transforms/Utils/CMakeFiles/UtilsTests.dir/CodeMoverUtilsTest.cpp.o
[689/743] Building CXX object unittests/Transforms/IPO/CMakeFiles/IPOTests.dir/AttributorTest.cpp.o
[690/743] Linking CXX executable unittests/Transforms/Coroutines/CoroTests
[691/743] Linking CXX executable unittests/Transforms/IPO/IPOTests
[692/743] Building CXX object unittests/Transforms/Utils/CMakeFiles/UtilsTests.dir/CallPromotionUtilsTest.cpp.o
[693/743] Building CXX object unittests/Transforms/Utils/CMakeFiles/UtilsTests.dir/SizeOptsTest.cpp.o
[694/743] Linking CXX executable unittests/XRay/XRayTests
[695/743] Building CXX object unittests/Transforms/Utils/CMakeFiles/UtilsTests.dir/LoopUtilsTest.cpp.o
[696/743] Building CXX object unittests/Target/RISCV/CMakeFiles/RISCVTests.dir/RISCVInstrInfoTest.cpp.o
[697/743] Building CXX object unittests/Transforms/Utils/CMakeFiles/UtilsTests.dir/ProfDataUtilTest.cpp.o
[698/743] Building CXX object unittests/Transforms/Scalar/CMakeFiles/ScalarTests.dir/LICMTest.cpp.o
[699/743] Linking CXX executable unittests/tools/llvm-profdata/LLVMProfdataTests
[700/743] Linking CXX executable unittests/Target/RISCV/RISCVTests
[701/743] Copying llvm-locstats into /work/build/./bin
[702/743] Building CXX object unittests/Transforms/Utils/CMakeFiles/UtilsTests.dir/SSAUpdaterBulkTest.cpp.o
[703/743] Building CXX object unittests/Transforms/Utils/CMakeFiles/UtilsTests.dir/UnrollLoopTest.cpp.o
[704/743] Building CXX object unittests/Transforms/Utils/CMakeFiles/UtilsTests.dir/LocalTest.cpp.o
[705/743] Building CXX object unittests/Transforms/Instrumentation/CMakeFiles/InstrumentationTests.dir/PGOInstrumentationTest.cpp.o
[706/743] Building CXX object unittests/Transforms/Utils/CMakeFiles/UtilsTests.dir/CloningTest.cpp.o
[707/743] Building CXX object unittests/Transforms/Utils/CMakeFiles/UtilsTests.dir/ValueMapperTest.cpp.o
[708/743] Building CXX object unittests/Transforms/Utils/CMakeFiles/UtilsTests.dir/ScalarEvolutionExpanderTest.cpp.o
[709/743] Building CXX object unittests/Transforms/Instrumentation/CMakeFiles/InstrumentationTests.dir/MemProfUseTest.cpp.o
[710/743] Linking CXX executable unittests/Transforms/Instrumentation/InstrumentationTests
[711/743] Building CXX object unittests/Transforms/Vectorize/SandboxVectorizer/CMakeFiles/SandboxVectorizerTests.dir/InstrMapsTest.cpp.o
[712/743] Building CXX object unittests/Transforms/Utils/CMakeFiles/UtilsTests.dir/MemTransferLowering.cpp.o
[713/743] Building CXX object unittests/Transforms/Vectorize/SandboxVectorizer/CMakeFiles/SandboxVectorizerTests.dir/IntervalTest.cpp.o
[714/743] Linking CXX executable unittests/Transforms/Utils/UtilsTests
[715/743] Building CXX object unittests/Transforms/Vectorize/CMakeFiles/VectorizeTests.dir/VPDomTreeTest.cpp.o
[716/743] Building CXX object unittests/Transforms/Vectorize/CMakeFiles/VectorizeTests.dir/VPlanVerifierTest.cpp.o
[717/743] Building CXX object unittests/Transforms/Vectorize/CMakeFiles/VectorizeTests.dir/VPlanHCFGTest.cpp.o
[718/743] Building CXX object unittests/ProfileData/CMakeFiles/ProfileDataTests.dir/InstrProfTest.cpp.o
[719/743] Linking CXX executable unittests/ProfileData/ProfileDataTests
[720/743] Building CXX object unittests/Transforms/Vectorize/SandboxVectorizer/CMakeFiles/SandboxVectorizerTests.dir/SandboxVectorizerTest.cpp.o
[721/743] Building CXX object unittests/Transforms/Vectorize/SandboxVectorizer/CMakeFiles/SandboxVectorizerTests.dir/SchedulerTest.cpp.o
[722/743] Building CXX object unittests/Transforms/Vectorize/CMakeFiles/VectorizeTests.dir/VPlanSlpTest.cpp.o
[723/743] Building CXX object unittests/Frontend/CMakeFiles/LLVMFrontendTests.dir/OpenMPIRBuilderTest.cpp.o
[724/743] Building CXX object unittests/Transforms/Vectorize/SandboxVectorizer/CMakeFiles/SandboxVectorizerTests.dir/DependencyGraphTest.cpp.o
[725/743] Linking CXX executable unittests/Frontend/LLVMFrontendTests
[726/743] Building CXX object unittests/tools/llvm-exegesis/CMakeFiles/LLVMExegesisTests.dir/BenchmarkRunnerTest.cpp.o
[727/743] Building CXX object unittests/Transforms/Vectorize/SandboxVectorizer/CMakeFiles/SandboxVectorizerTests.dir/VecUtilsTest.cpp.o
[728/743] Building CXX object unittests/Transforms/Vectorize/SandboxVectorizer/CMakeFiles/SandboxVectorizerTests.dir/LegalityTest.cpp.o
[729/743] Building CXX object unittests/IR/CMakeFiles/IRTests.dir/PassBuilderCallbacksTest.cpp.o
[730/743] Building CXX object unittests/Transforms/Vectorize/SandboxVectorizer/CMakeFiles/SandboxVectorizerTests.dir/SeedCollectorTest.cpp.o
[731/743] Linking CXX executable unittests/Transforms/Vectorize/SandboxVectorizer/SandboxVectorizerTests
[732/743] Linking CXX executable unittests/IR/IRTests
[733/743] Building CXX object unittests/tools/llvm-exegesis/CMakeFiles/LLVMExegesisTests.dir/RISCV/TargetTest.cpp.o
[734/743] Building CXX object unittests/tools/llvm-profgen/CMakeFiles/LLVMProfgenTests.dir/ContextCompressionTest.cpp.o
[735/743] Linking CXX executable unittests/tools/llvm-profgen/LLVMProfgenTests
[736/743] Building CXX object unittests/Transforms/Vectorize/CMakeFiles/VectorizeTests.dir/VPlanTest.cpp.o
[737/743] Linking CXX executable unittests/Transforms/Vectorize/VectorizeTests
[738/743] Building CXX object unittests/tools/llvm-exegesis/CMakeFiles/LLVMExegesisTests.dir/RISCV/SnippetGeneratorTest.cpp.o
[739/743] Linking CXX executable unittests/tools/llvm-exegesis/LLVMExegesisTests
[740/743] Building CXX object unittests/SandboxIR/CMakeFiles/SandboxIRTests.dir/SandboxIRTest.cpp.o
[741/743] Linking CXX executable unittests/SandboxIR/SandboxIRTests
[742/743] Building CXX object unittests/Transforms/Scalar/CMakeFiles/ScalarTests.dir/LoopPassManagerTest.cpp.o
[743/743] Linking CXX executable unittests/Transforms/Scalar/ScalarTests
********************
Failed Tests (1):
  LLVM :: CodeGen/RISCV/rvv/vsetvli-insert-zve64f.mir


Total Discovered Tests: 4730
  Failed: 1 (0.02%)
unit (TargetParserTests) exit 0, 84 tests
{"green": true, "totals": {"FAIL": 1, "PASS": 4729}, "problems": 0, "upstream_removed": 125}
