ninja: Entering directory `build/int-20'
[1/21] Generating VCSRevision.h
[2/21] Generating VCSVersion.inc
[3/21] Building CXX object tools/clang/lib/Basic/CMakeFiles/obj.clangBasic.dir/Version.cpp.o
[4/21] Building CXX object lib/Object/CMakeFiles/LLVMObject.dir/IRSymtab.cpp.o
[5/21] Linking CXX static library lib/libLLVMObject.a
[6/21] Generating VCSVersion.inc
[7/21] Linking CXX static library lib/libclangBasic.a
[8/21] Linking CXX executable bin/llvm-objdump
[9/21] Building CXX object tools/lld/Common/CMakeFiles/lldCommon.dir/Version.cpp.o
[10/21] Linking CXX static library lib/liblldCommon.a
[11/21] Building CXX object lib/Target/RISCV/CMakeFiles/LLVMRISCVCodeGen.dir/RISCVInstrInfo.cpp.o
[12/21] Building CXX object lib/CodeGen/AsmPrinter/CMakeFiles/LLVMAsmPrinter.dir/AsmPrinter.cpp.o
[13/21] Linking CXX static library lib/libLLVMAsmPrinter.a
[14/21] Linking CXX static library lib/libLLVMRISCVCodeGen.a
[15/21] Linking CXX executable bin/opt
[16/21] Linking CXX executable bin/llc
[17/21] Building CXX object lib/LTO/CMakeFiles/LLVMLTO.dir/LTO.cpp.o
[18/21] Linking CXX static library lib/libLLVMLTO.a
[19/21] Linking CXX executable bin/lld
[20/21] Linking CXX executable bin/clang-20
[21/21] Creating executable symlink bin/clang
