ninja: Entering directory `/work/build'
[1/501] Building CXX object lib/FuzzMutate/CMakeFiles/LLVMFuzzMutate.dir/IRMutator.cpp.o
[2/501] Building CXX object lib/FuzzMutate/CMakeFiles/LLVMFuzzMutate.dir/OpDescriptor.cpp.o
[3/501] Building CXX object lib/FuzzMutate/CMakeFiles/LLVMFuzzMutate.dir/Operations.cpp.o
[4/501] Building CXX object lib/FuzzMutate/CMakeFiles/LLVMFuzzMutate.dir/RandomIRBuilder.cpp.o
[5/501] Building CXX object lib/DWARFLinker/Classic/CMakeFiles/LLVMDWARFLinkerClassic.dir/DWARFLinker.cpp.o
[6/501] Building CXX object lib/DWARFLinker/Classic/CMakeFiles/LLVMDWARFLinkerClassic.dir/DWARFStreamer.cpp.o
[7/501] Building CXX object lib/DWARFLinker/Parallel/CMakeFiles/LLVMDWARFLinkerParallel.dir/AcceleratorRecordsSaver.cpp.o
[8/501] Building CXX object lib/DWARFLinker/Parallel/CMakeFiles/LLVMDWARFLinkerParallel.dir/DependencyTracker.cpp.o
[9/501] Building CXX object lib/DWARFLinker/Parallel/CMakeFiles/LLVMDWARFLinkerParallel.dir/DIEAttributeCloner.cpp.o
[10/501] Building CXX object lib/DWARFLinker/Parallel/CMakeFiles/LLVMDWARFLinkerParallel.dir/DWARFEmitterImpl.cpp.o
[11/501] Building CXX object lib/DWARFLinker/Parallel/CMakeFiles/LLVMDWARFLinkerParallel.dir/DWARFLinker.cpp.o
[12/501] Building CXX object lib/DWARFLinker/Parallel/CMakeFiles/LLVMDWARFLinkerParallel.dir/DWARFLinkerCompileUnit.cpp.o
[13/501] Building CXX object lib/DWARFLinker/Parallel/CMakeFiles/LLVMDWARFLinkerParallel.dir/DWARFLinkerTypeUnit.cpp.o
[14/501] Building CXX object lib/DWARFLinker/Parallel/CMakeFiles/LLVMDWARFLinkerParallel.dir/DWARFLinkerImpl.cpp.o
[15/501] Building CXX object lib/DWARFLinker/Parallel/CMakeFiles/LLVMDWARFLinkerParallel.dir/SyntheticTypeNameBuilder.cpp.o
[16/501] Building CXX object lib/DWARFLinker/Parallel/CMakeFiles/LLVMDWARFLinkerParallel.dir/DWARFLinkerUnit.cpp.o
[17/501] Building CXX object lib/DWARFLinker/Parallel/CMakeFiles/LLVMDWARFLinkerParallel.dir/OutputSections.cpp.o
[18/501] Building CXX object lib/ExecutionEngine/CMakeFiles/LLVMExecutionEngine.dir/ExecutionEngine.cpp.o
[19/501] Building CXX object lib/ExecutionEngine/Interpreter/CMakeFiles/LLVMInterpreter.dir/Execution.cpp.o
[20/501] Building CXX object lib/ExecutionEngine/Interpreter/CMakeFiles/LLVMInterpreter.dir/ExternalFunctions.cpp.o
[21/501] Building CXX object lib/ExecutionEngine/Interpreter/CMakeFiles/LLVMInterpreter.dir/Interpreter.cpp.o
[22/501] Building CXX object lib/ExecutionEngine/Orc/CMakeFiles/LLVMOrcJIT.dir/CompileOnDemandLayer.cpp.o
[23/501] Building CXX object lib/ExecutionEngine/Orc/CMakeFiles/LLVMOrcJIT.dir/ExecutionUtils.cpp.o
[24/501] Building CXX object lib/ExecutionEngine/Orc/CMakeFiles/LLVMOrcJIT.dir/IndirectionUtils.cpp.o
[25/501] Building CXX object lib/ExecutionEngine/Orc/CMakeFiles/LLVMOrcJIT.dir/IRPartitionLayer.cpp.o
[26/501] Building CXX object lib/ExecutionEngine/Orc/CMakeFiles/LLVMOrcJIT.dir/Layer.cpp.o
[27/501] Building CXX object lib/ExecutionEngine/Orc/CMakeFiles/LLVMOrcJIT.dir/LLJIT.cpp.o
[28/501] Building CXX object lib/ExecutionEngine/Orc/CMakeFiles/LLVMOrcJIT.dir/Mangling.cpp.o
[29/501] Building CXX object lib/ExecutionEngine/Orc/CMakeFiles/LLVMOrcJIT.dir/OrcV2CBindings.cpp.o
[30/501] Building CXX object lib/ExecutionEngine/Orc/CMakeFiles/LLVMOrcJIT.dir/Speculation.cpp.o
[31/501] Building CXX object lib/ExecutionEngine/Orc/CMakeFiles/LLVMOrcJIT.dir/SpeculateAnalyses.cpp.o
[32/501] Building CXX object lib/ExecutionEngine/Orc/CMakeFiles/LLVMOrcJIT.dir/UnwindInfoRegistrationPlugin.cpp.o
[33/501] Building CXX object lib/ExecutionEngine/Orc/CMakeFiles/LLVMOrcJIT.dir/ReOptimizeLayer.cpp.o
[34/501] Building CXX object lib/ExecutionEngine/Orc/Debugging/CMakeFiles/LLVMOrcDebugging.dir/DebuggerSupport.cpp.o
[35/501] Building CXX object lib/ExecutionEngine/Orc/Debugging/CMakeFiles/LLVMOrcDebugging.dir/LLJITUtilsCBindings.cpp.o
[36/501] Building CXX object tools/lto/CMakeFiles/LTO.dir/lto.cpp.o
[37/501] Building CXX object tools/llvm-lto/CMakeFiles/llvm-lto.dir/llvm-lto.cpp.o
[38/501] Building CXX object tools/clang/lib/Interpreter/CMakeFiles/obj.clangInterpreter.dir/IncrementalExecutor.cpp.o
[39/501] Building CXX object tools/clang/tools/clang-linker-wrapper/CMakeFiles/clang-linker-wrapper.dir/ClangLinkerWrapper.cpp.o
[40/501] Building CXX object tools/clang/tools/clang-nvlink-wrapper/CMakeFiles/clang-nvlink-wrapper.dir/ClangNVLinkWrapper.cpp.o
[41/501] Building CXX object tools/clang/tools/clang-sycl-linker/CMakeFiles/clang-sycl-linker.dir/ClangSYCLLinker.cpp.o
[42/501] Building CXX object tools/clang/unittests/CodeGen/CMakeFiles/ClangCodeGenTests.dir/TBAAMetadataTest.cpp.o
[43/501] Building CXX object tools/clang/unittests/Interpreter/CMakeFiles/ClangReplInterpreterTests.dir/InterpreterTest.cpp.o
[44/501] Building CXX object tools/clang/unittests/Interpreter/CMakeFiles/ClangReplInterpreterTests.dir/InterpreterExtensionsTest.cpp.o
[45/501] Building CXX object tools/clang/unittests/Interpreter/ExceptionTests/CMakeFiles/ClangReplInterpreterExceptionTests.dir/InterpreterExceptionTest.cpp.o
[46/501] Building CXX object tools/bugpoint/CMakeFiles/bugpoint.dir/CrashDebugger.cpp.o
[47/501] Building CXX object tools/bugpoint/CMakeFiles/bugpoint.dir/ExtractFunction.cpp.o
[48/501] Building CXX object tools/bugpoint/CMakeFiles/bugpoint.dir/Miscompilation.cpp.o
[49/501] Building CXX object tools/bugpoint/CMakeFiles/bugpoint.dir/bugpoint.cpp.o
[50/501] Building CXX object tools/dsymutil/CMakeFiles/dsymutil.dir/dsymutil.cpp.o
[51/501] Building CXX object tools/dsymutil/CMakeFiles/dsymutil.dir/DwarfLinkerForBinary.cpp.o
[52/501] Building CXX object tools/dsymutil/CMakeFiles/dsymutil.dir/MachOUtils.cpp.o
[53/501] Building CXX object tools/lli/CMakeFiles/lli.dir/lli.cpp.o
[54/501] Building CXX object tools/llvm-diff/lib/CMakeFiles/LLVMDiff.dir/DiffConsumer.cpp.o
[55/501] Building CXX object tools/llvm-diff/lib/CMakeFiles/LLVMDiff.dir/DifferenceEngine.cpp.o
[56/501] Building CXX object tools/llvm-dis/CMakeFiles/llvm-dis.dir/llvm-dis.cpp.o
[57/501] Building CXX object tools/llvm-dwarfutil/CMakeFiles/llvm-dwarfutil.dir/DebugInfoLinker.cpp.o
[58/501] Building CXX object tools/llvm-exegesis/CMakeFiles/llvm-exegesis.dir/llvm-exegesis.cpp.o
[59/501] Building CXX object tools/llvm-exegesis/lib/CMakeFiles/LLVMExegesis.dir/Assembler.cpp.o
[60/501] Building CXX object tools/llvm-exegesis/lib/CMakeFiles/LLVMExegesis.dir/BenchmarkResult.cpp.o
[61/501] Building CXX object tools/llvm-exegesis/lib/CMakeFiles/LLVMExegesis.dir/BenchmarkRunner.cpp.o
[62/501] Building CXX object tools/llvm-exegesis/lib/CMakeFiles/LLVMExegesis.dir/LatencyBenchmarkRunner.cpp.o
[63/501] Building CXX object tools/llvm-exegesis/lib/CMakeFiles/LLVMExegesis.dir/LlvmState.cpp.o
[64/501] Building CXX object tools/llvm-exegesis/lib/CMakeFiles/LLVMExegesis.dir/ParallelSnippetGenerator.cpp.o
[65/501] Building CXX object tools/llvm-exegesis/lib/CMakeFiles/LLVMExegesis.dir/SerialSnippetGenerator.cpp.o
[66/501] Building CXX object tools/llvm-exegesis/lib/CMakeFiles/LLVMExegesis.dir/SnippetFile.cpp.o
[67/501] Building CXX object tools/llvm-exegesis/lib/CMakeFiles/LLVMExegesis.dir/SnippetGenerator.cpp.o
[68/501] Building CXX object tools/llvm-exegesis/lib/CMakeFiles/LLVMExegesis.dir/SnippetRepetitor.cpp.o
[69/501] Building CXX object tools/llvm-exegesis/lib/CMakeFiles/LLVMExegesis.dir/Target.cpp.o
[70/501] Building CXX object tools/llvm-exegesis/lib/CMakeFiles/LLVMExegesis.dir/UopsBenchmarkRunner.cpp.o
[71/501] Building CXX object tools/llvm-exegesis/lib/RISCV/CMakeFiles/LLVMExegesisRISCV.dir/Target.cpp.o
[72/501] Building CXX object tools/llvm-extract/CMakeFiles/llvm-extract.dir/llvm-extract.cpp.o
[73/501] Building CXX object tools/llvm-isel-fuzzer/CMakeFiles/llvm-isel-fuzzer.dir/llvm-isel-fuzzer.cpp.o
[74/501] Building CXX object tools/llvm-lto2/CMakeFiles/llvm-lto2.dir/llvm-lto2.cpp.o
[75/501] Generating ../../bin/llvm-otool
[76/501] Building CXX object tools/llvm-opt-fuzzer/CMakeFiles/llvm-opt-fuzzer.dir/llvm-opt-fuzzer.cpp.o
[77/501] Building CXX object tools/llvm-profgen/CMakeFiles/llvm-profgen.dir/llvm-profgen.cpp.o
[78/501] Building CXX object tools/llvm-profgen/CMakeFiles/llvm-profgen.dir/PerfReader.cpp.o
[79/501] Building CXX object tools/llvm-profgen/CMakeFiles/llvm-profgen.dir/ProfiledBinary.cpp.o
[80/501] Building CXX object tools/llvm-profgen/CMakeFiles/llvm-profgen.dir/ProfileGenerator.cpp.o
[81/501] Building CXX object tools/llvm-reduce/CMakeFiles/llvm-reduce.dir/ReducerWorkItem.cpp.o
[82/501] Building CXX object tools/llvm-reduce/CMakeFiles/llvm-reduce.dir/deltas/Delta.cpp.o
[83/501] Building CXX object tools/llvm-reduce/CMakeFiles/llvm-reduce.dir/deltas/Utils.cpp.o
[84/501] Building CXX object tools/llvm-reduce/CMakeFiles/llvm-reduce.dir/deltas/ReduceAliases.cpp.o
[85/501] Building CXX object tools/llvm-reduce/CMakeFiles/llvm-reduce.dir/deltas/ReduceArguments.cpp.o
[86/501] Building CXX object tools/llvm-reduce/CMakeFiles/llvm-reduce.dir/deltas/ReduceAttributes.cpp.o
[87/501] Building CXX object tools/llvm-reduce/CMakeFiles/llvm-reduce.dir/deltas/ReduceBasicBlocks.cpp.o
[88/501] Building CXX object tools/llvm-reduce/CMakeFiles/llvm-reduce.dir/deltas/ReduceDIMetadata.cpp.o
[89/501] Building CXX object tools/llvm-reduce/CMakeFiles/llvm-reduce.dir/deltas/ReduceFunctionBodies.cpp.o
[90/501] Building CXX object tools/llvm-reduce/CMakeFiles/llvm-reduce.dir/deltas/ReduceGlobalVarInitializers.cpp.o
[91/501] Linking CXX executable bin/llvm-bcanalyzer
[92/501] Building CXX object tools/llvm-reduce/CMakeFiles/llvm-reduce.dir/deltas/ReduceGlobalVars.cpp.o
[93/501] Building CXX object tools/llvm-reduce/CMakeFiles/llvm-reduce.dir/deltas/ReduceInstructions.cpp.o
[94/501] Building CXX object tools/llvm-reduce/CMakeFiles/llvm-reduce.dir/deltas/ReduceInstructionFlags.cpp.o
[95/501] Building CXX object tools/llvm-reduce/CMakeFiles/llvm-reduce.dir/deltas/ReduceInvokes.cpp.o
[96/501] Building CXX object tools/llvm-reduce/CMakeFiles/llvm-reduce.dir/deltas/ReduceMetadata.cpp.o
[97/501] Building CXX object tools/llvm-reduce/CMakeFiles/llvm-reduce.dir/deltas/ReduceMemoryOperations.cpp.o
[98/501] Building CXX object tools/llvm-reduce/CMakeFiles/llvm-reduce.dir/deltas/ReduceOperandBundles.cpp.o
[99/501] Building CXX object tools/llvm-reduce/CMakeFiles/llvm-reduce.dir/deltas/ReduceOpcodes.cpp.o
[100/501] Building CXX object tools/llvm-reduce/CMakeFiles/llvm-reduce.dir/deltas/ReduceSpecialGlobals.cpp.o
[101/501] Building CXX object tools/llvm-reduce/CMakeFiles/llvm-reduce.dir/deltas/ReduceOperands.cpp.o
[102/501] Building CXX object tools/llvm-reduce/CMakeFiles/llvm-reduce.dir/deltas/ReduceOperandsSkip.cpp.o
[103/501] Building CXX object tools/llvm-reduce/CMakeFiles/llvm-reduce.dir/deltas/ReduceInstructionsMIR.cpp.o
[104/501] Building CXX object tools/llvm-reduce/CMakeFiles/llvm-reduce.dir/deltas/ReduceOperandsToArgs.cpp.o
[105/501] Building CXX object tools/llvm-reduce/CMakeFiles/llvm-reduce.dir/deltas/ReduceInstructionFlagsMIR.cpp.o
[106/501] Building CXX object tools/llvm-reduce/CMakeFiles/llvm-reduce.dir/deltas/ReduceIRReferences.cpp.o
[107/501] Building CXX object tools/llvm-reduce/CMakeFiles/llvm-reduce.dir/deltas/ReduceVirtualRegisters.cpp.o
[108/501] Building CXX object tools/llvm-reduce/CMakeFiles/llvm-reduce.dir/deltas/ReduceRegisterMasks.cpp.o
[109/501] Building CXX object tools/llvm-reduce/CMakeFiles/llvm-reduce.dir/deltas/ReduceRegisterDefs.cpp.o
[110/501] Building CXX object tools/llvm-reduce/CMakeFiles/llvm-reduce.dir/deltas/ReduceRegisterUses.cpp.o
[111/501] Building CXX object tools/llvm-reduce/CMakeFiles/llvm-reduce.dir/deltas/ReduceUsingSimplifyCFG.cpp.o
[112/501] Building CXX object tools/llvm-reduce/CMakeFiles/llvm-reduce.dir/deltas/RunIRPasses.cpp.o
[113/501] Building CXX object tools/llvm-reduce/CMakeFiles/llvm-reduce.dir/deltas/SimplifyInstructions.cpp.o
[114/501] Building CXX object tools/llvm-reduce/CMakeFiles/llvm-reduce.dir/deltas/StripDebugInfo.cpp.o
[115/501] Building CXX object tools/llvm-sim/CMakeFiles/llvm-sim.dir/llvm-sim.cpp.o
[116/501] Building CXX object tools/llvm-stress/CMakeFiles/llvm-stress.dir/llvm-stress.cpp.o
[117/501] Building CXX object tools/sanstats/CMakeFiles/sanstats.dir/sanstats.cpp.o
[118/501] Building CXX object tools/llvm-tli-checker/CMakeFiles/llvm-tli-checker.dir/llvm-tli-checker.cpp.o
[119/501] Building CXX object unittests/Analysis/CMakeFiles/AnalysisTests.dir/AliasAnalysisTest.cpp.o
[120/501] Building CXX object unittests/Analysis/CMakeFiles/AnalysisTests.dir/AliasSetTrackerTest.cpp.o
[121/501] Building CXX object unittests/Analysis/CMakeFiles/AnalysisTests.dir/AssumeBundleQueriesTest.cpp.o
[122/501] Building CXX object unittests/Analysis/CMakeFiles/AnalysisTests.dir/BasicAliasAnalysisTest.cpp.o
[123/501] Building CXX object unittests/Analysis/CMakeFiles/AnalysisTests.dir/BlockFrequencyInfoTest.cpp.o
[124/501] Building CXX object unittests/Analysis/CMakeFiles/AnalysisTests.dir/BranchProbabilityInfoTest.cpp.o
[125/501] Building CXX object unittests/Analysis/CMakeFiles/AnalysisTests.dir/CaptureTrackingTest.cpp.o
[126/501] Building CXX object unittests/Analysis/CMakeFiles/AnalysisTests.dir/CFGTest.cpp.o
[127/501] Linking CXX executable bin/llvm-ar
[128/501] Building CXX object unittests/Analysis/CMakeFiles/AnalysisTests.dir/CGSCCPassManagerTest.cpp.o
[129/501] Building CXX object unittests/Analysis/CMakeFiles/AnalysisTests.dir/CtxProfAnalysisTest.cpp.o
[130/501] Building CXX object unittests/Analysis/CMakeFiles/AnalysisTests.dir/DDGTest.cpp.o
[131/501] Building CXX object unittests/Analysis/CMakeFiles/AnalysisTests.dir/DomTreeUpdaterTest.cpp.o
[132/501] Building CXX object unittests/Analysis/CMakeFiles/AnalysisTests.dir/DXILResourceTest.cpp.o
[133/501] Building CXX object unittests/Analysis/CMakeFiles/AnalysisTests.dir/GraphWriterTest.cpp.o
[134/501] Building CXX object unittests/Analysis/CMakeFiles/AnalysisTests.dir/GlobalsModRefTest.cpp.o
[135/501] Building CXX object unittests/Analysis/CMakeFiles/AnalysisTests.dir/FunctionPropertiesAnalysisTest.cpp.o
[136/501] Building CXX object unittests/Analysis/CMakeFiles/AnalysisTests.dir/InlineCostTest.cpp.o
[137/501] Building CXX object unittests/Analysis/CMakeFiles/AnalysisTests.dir/IRSimilarityIdentifierTest.cpp.o
[138/501] Linking CXX static library lib/libLLVMFuzzMutate.a
[139/501] Building CXX object unittests/Analysis/CMakeFiles/AnalysisTests.dir/IVDescriptorsTest.cpp.o
[140/501] Building CXX object unittests/Analysis/CMakeFiles/AnalysisTests.dir/LastRunTrackingAnalysisTest.cpp.o
[141/501] Building CXX object unittests/Analysis/CMakeFiles/AnalysisTests.dir/LazyCallGraphTest.cpp.o
[142/501] Building CXX object unittests/Analysis/CMakeFiles/AnalysisTests.dir/LoadsTest.cpp.o
[143/501] Building CXX object unittests/Analysis/CMakeFiles/AnalysisTests.dir/LoopInfoTest.cpp.o
[144/501] Building CXX object unittests/Analysis/CMakeFiles/AnalysisTests.dir/LoopNestTest.cpp.o
[145/501] Building CXX object unittests/Analysis/CMakeFiles/AnalysisTests.dir/MemoryBuiltinsTest.cpp.o
[146/501] Building CXX object unittests/Analysis/CMakeFiles/AnalysisTests.dir/MemoryProfileInfoTest.cpp.o
[147/501] Building CXX object unittests/Analysis/CMakeFiles/AnalysisTests.dir/MemorySSATest.cpp.o
[148/501] Building CXX object unittests/Analysis/CMakeFiles/AnalysisTests.dir/PhiValuesTest.cpp.o
[149/501] Generating ../../bin/llvm-dlltool
[150/501] Linking CXX executable bin/llvm-cat
[151/501] Generating ../../bin/llvm-ranlib
[152/501] Generating ../../bin/llvm-lib
[153/501] Building CXX object unittests/Analysis/CMakeFiles/AnalysisTests.dir/PluginInlineAdvisorAnalysisTest.cpp.o
[154/501] Building CXX object unittests/Analysis/CMakeFiles/AnalysisTests.dir/PluginInlineOrderAnalysisTest.cpp.o
[155/501] Building CXX object unittests/Analysis/CMakeFiles/AnalysisTests.dir/ProfileSummaryInfoTest.cpp.o
[156/501] Building CXX object unittests/Analysis/CMakeFiles/AnalysisTests.dir/ReplaceWithVecLibTest.cpp.o
[157/501] Building CXX object unittests/Analysis/CMakeFiles/AnalysisTests.dir/ScalarEvolutionTest.cpp.o
[158/501] Building CXX object unittests/Analysis/CMakeFiles/AnalysisTests.dir/SparsePropagation.cpp.o
[159/501] Building CXX object unittests/Analysis/CMakeFiles/AnalysisTests.dir/TargetLibraryInfoTest.cpp.o
[160/501] Building CXX object unittests/Analysis/CMakeFiles/AnalysisTests.dir/TBAATest.cpp.o
[161/501] Building CXX object unittests/Analysis/CMakeFiles/AnalysisTests.dir/UnrollAnalyzerTest.cpp.o
[162/501] Building CXX object unittests/Analysis/CMakeFiles/AnalysisTests.dir/ValueLatticeTest.cpp.o
[163/501] Building CXX object unittests/Analysis/CMakeFiles/AnalysisTests.dir/ValueTrackingTest.cpp.o
[164/501] Building CXX object unittests/Analysis/CMakeFiles/AnalysisTests.dir/VectorUtilsTest.cpp.o
[165/501] Building CXX object unittests/Analysis/InlineAdvisorPlugin/CMakeFiles/InlineAdvisorPlugin.dir/InlineAdvisorPlugin.cpp.o
[166/501] Building CXX object unittests/Analysis/InlineOrderPlugin/CMakeFiles/InlineOrderPlugin.dir/InlineOrderPlugin.cpp.o
[167/501] Building CXX object unittests/AsmParser/CMakeFiles/AsmParserTests.dir/AsmParserTest.cpp.o
[168/501] Building CXX object unittests/Bitcode/CMakeFiles/BitcodeTests.dir/BitReaderTest.cpp.o
[169/501] Building CXX object unittests/CodeGen/CMakeFiles/CodeGenTests.dir/AArch64SelectionDAGTest.cpp.o
[170/501] Building CXX object unittests/CodeGen/CMakeFiles/CodeGenTests.dir/AsmPrinterDwarfTest.cpp.o
[171/501] Building CXX object unittests/CodeGen/CMakeFiles/CodeGenTests.dir/CCStateTest.cpp.o
[172/501] Building CXX object unittests/CodeGen/CMakeFiles/CodeGenTests.dir/DIETest.cpp.o
[173/501] Building CXX object unittests/CodeGen/CMakeFiles/CodeGenTests.dir/InstrRefLDVTest.cpp.o
[174/501] Linking CXX executable bin/llvm-as
[175/501] Linking CXX executable bin/llvm-cfi-verify
[176/501] Building CXX object unittests/CodeGen/CMakeFiles/CodeGenTests.dir/LexicalScopesTest.cpp.o
[177/501] Building CXX object unittests/CodeGen/CMakeFiles/CodeGenTests.dir/MachineBasicBlockTest.cpp.o
[178/501] Building CXX object unittests/CodeGen/CMakeFiles/CodeGenTests.dir/MachineDomTreeUpdaterTest.cpp.o
[179/501] Building CXX object unittests/CodeGen/CMakeFiles/CodeGenTests.dir/MachineOperandTest.cpp.o
[180/501] Building CXX object unittests/CodeGen/CMakeFiles/CodeGenTests.dir/SelectionDAGAddressAnalysisTest.cpp.o
[181/501] Building CXX object unittests/CodeGen/CMakeFiles/CodeGenTests.dir/SelectionDAGPatternMatchTest.cpp.o
[182/501] Building CXX object unittests/CodeGen/CMakeFiles/CodeGenTests.dir/TypeTraitsTest.cpp.o
[183/501] Building CXX object unittests/CodeGen/CMakeFiles/CodeGenTests.dir/TestAsmPrinter.cpp.o
[184/501] Building CXX object unittests/CodeGen/CMakeFiles/CodeGenTests.dir/MLRegAllocDevelopmentFeatures.cpp.o
[185/501] Building CXX object unittests/CodeGen/GlobalISel/CMakeFiles/GlobalISelTests.dir/GIMatchTableExecutorTest.cpp.o
[186/501] Building CXX object unittests/CodeGen/CMakeFiles/CodeGenTests.dir/MachineInstrTest.cpp.o
[187/501] Building CXX object unittests/CodeGen/CMakeFiles/CodeGenTests.dir/RegAllocScoreTest.cpp.o
[188/501] Building CXX object unittests/CodeGen/CMakeFiles/CodeGenTests.dir/PassManagerTest.cpp.o
[189/501] Building CXX object unittests/CodeGen/CMakeFiles/CodeGenTests.dir/SchedBoundary.cpp.o
[190/501] Building CXX object unittests/CodeGen/GlobalISel/CMakeFiles/GlobalISelTests.dir/ConstantFoldingTest.cpp.o
[191/501] Building CXX object unittests/CodeGen/GlobalISel/CMakeFiles/GlobalISelTests.dir/CSETest.cpp.o
[192/501] Building CXX object unittests/CodeGen/GlobalISel/CMakeFiles/GlobalISelTests.dir/LegalizerTest.cpp.o
[193/501] Building CXX object unittests/CodeGen/GlobalISel/CMakeFiles/GlobalISelTests.dir/LegalizerInfoTest.cpp.o
[194/501] Linking CXX static library lib/libLLVMDWARFLinkerClassic.a
[195/501] Linking CXX static library lib/libLLVMDWARFLinkerParallel.a
[196/501] Building CXX object unittests/CodeGen/GlobalISel/CMakeFiles/GlobalISelTests.dir/LegalizerHelperTest.cpp.o
[197/501] Building CXX object unittests/CodeGen/GlobalISel/CMakeFiles/GlobalISelTests.dir/MachineIRBuilderTest.cpp.o
[198/501] Building CXX object unittests/CodeGen/GlobalISel/CMakeFiles/GlobalISelTests.dir/GISelMITest.cpp.o
[199/501] Building CXX object unittests/CodeGen/GlobalISel/CMakeFiles/GlobalISelTests.dir/PatternMatchTest.cpp.o
[200/501] Building CXX object unittests/CodeGen/GlobalISel/CMakeFiles/GlobalISelTests.dir/KnownBitsTest.cpp.o
[201/501] Building CXX object unittests/CodeGen/GlobalISel/CMakeFiles/GlobalISelTests.dir/KnownBitsVectorTest.cpp.o
[202/501] Building CXX object unittests/CodeGen/GlobalISel/CMakeFiles/GlobalISelTests.dir/GISelUtilsTest.cpp.o
[203/501] Building CXX object unittests/CodeGen/GlobalISel/CMakeFiles/GlobalISelTests.dir/GISelAliasTest.cpp.o
[204/501] Building CXX object unittests/CodeGen/GlobalISel/CMakeFiles/GlobalISelTests.dir/CallLowering.cpp.o
[205/501] Building CXX object unittests/CodeGen/GlobalISel/CMakeFiles/GlobalISelTests.dir/InstructionSelectTest.cpp.o
[206/501] Building CXX object unittests/DebugInfo/DWARF/CMakeFiles/DebugInfoDWARFTests.dir/DwarfGenerator.cpp.o
[207/501] Building CXX object unittests/DebugInfo/LogicalView/CMakeFiles/DebugInfoLogicalViewTests.dir/__/DWARF/DwarfGenerator.cpp.o
[208/501] Linking CXX static library lib/libLLVMExecutionEngine.a
[209/501] Building CXX object unittests/DebugInfo/DWARF/CMakeFiles/DebugInfoDWARFTests.dir/DWARFDebugInfoTest.cpp.o
[210/501] Building CXX object unittests/ExecutionEngine/Orc/CMakeFiles/OrcJITTests.dir/CoreAPIsTest.cpp.o
[211/501] Building CXX object unittests/ExecutionEngine/Orc/CMakeFiles/OrcJITTests.dir/ExecutorAddressTest.cpp.o
[212/501] Building CXX object unittests/ExecutionEngine/Orc/CMakeFiles/OrcJITTests.dir/EPCGenericJITLinkMemoryManagerTest.cpp.o
[213/501] Building CXX object unittests/ExecutionEngine/Orc/CMakeFiles/OrcJITTests.dir/EPCGenericMemoryAccessTest.cpp.o
[214/501] Building CXX object unittests/ExecutionEngine/Orc/CMakeFiles/OrcJITTests.dir/IndirectionUtilsTest.cpp.o
[215/501] Building CXX object unittests/ExecutionEngine/Orc/CMakeFiles/OrcJITTests.dir/JITTargetMachineBuilderTest.cpp.o
[216/501] Building CXX object unittests/ExecutionEngine/Orc/CMakeFiles/OrcJITTests.dir/LazyCallThroughAndReexportsTest.cpp.o
[217/501] Building CXX object unittests/ExecutionEngine/Orc/CMakeFiles/OrcJITTests.dir/LookupAndRecordAddrsTest.cpp.o
[218/501] Building CXX object unittests/ExecutionEngine/Orc/CMakeFiles/OrcJITTests.dir/MapperJITLinkMemoryManagerTest.cpp.o
[219/501] Building CXX object unittests/ExecutionEngine/Orc/CMakeFiles/OrcJITTests.dir/OrcCAPITest.cpp.o
[220/501] Building CXX object unittests/ExecutionEngine/Orc/CMakeFiles/OrcJITTests.dir/OrcTestCommon.cpp.o
[221/501] Building CXX object unittests/ExecutionEngine/Orc/CMakeFiles/OrcJITTests.dir/ResourceTrackerTest.cpp.o
[222/501] Building CXX object unittests/ExecutionEngine/Orc/CMakeFiles/OrcJITTests.dir/RTDyldObjectLinkingLayerTest.cpp.o
[223/501] Building CXX object unittests/ExecutionEngine/Orc/CMakeFiles/OrcJITTests.dir/SharedMemoryMapperTest.cpp.o
[224/501] Building CXX object unittests/ExecutionEngine/Orc/CMakeFiles/OrcJITTests.dir/JITLinkRedirectionManagerTest.cpp.o
[225/501] Building CXX object unittests/ExecutionEngine/Orc/CMakeFiles/OrcJITTests.dir/ReOptimizeLayerTest.cpp.o
[226/501] Building CXX object unittests/Frontend/CMakeFiles/LLVMFrontendTests.dir/OpenMPIRBuilderTest.cpp.o
[227/501] Building CXX object unittests/FuzzMutate/CMakeFiles/FuzzMutateTests.dir/OperationsTest.cpp.o
[228/501] Building CXX object unittests/FuzzMutate/CMakeFiles/FuzzMutateTests.dir/StrategiesTest.cpp.o
[229/501] Building CXX object unittests/FuzzMutate/CMakeFiles/FuzzMutateTests.dir/RandomIRBuilderTest.cpp.o
[230/501] Building CXX object unittests/IR/CMakeFiles/IRTests.dir/AbstractCallSiteTest.cpp.o
[231/501] Building CXX object unittests/IR/CMakeFiles/IRTests.dir/AsmWriterTest.cpp.o
[232/501] Building CXX object unittests/IR/CMakeFiles/IRTests.dir/BasicBlockTest.cpp.o
[233/501] Building CXX object unittests/IR/CMakeFiles/IRTests.dir/BasicBlockDbgInfoTest.cpp.o
[234/501] Building CXX object unittests/IR/CMakeFiles/IRTests.dir/CFGBuilder.cpp.o
[235/501] Building CXX object unittests/IR/CMakeFiles/IRTests.dir/ConstantFPRangeTest.cpp.o
[236/501] Building CXX object unittests/IR/CMakeFiles/IRTests.dir/ConstantRangeTest.cpp.o
[237/501] Building CXX object unittests/IR/CMakeFiles/IRTests.dir/ConstantsTest.cpp.o
[238/501] Building CXX object unittests/IR/CMakeFiles/IRTests.dir/DebugInfoTest.cpp.o
[239/501] Building CXX object unittests/IR/CMakeFiles/IRTests.dir/DebugTypeODRUniquingTest.cpp.o
[240/501] Building CXX object unittests/IR/CMakeFiles/IRTests.dir/DominatorTreeTest.cpp.o
[241/501] Building CXX object unittests/IR/CMakeFiles/IRTests.dir/DroppedVariableStatsIRTest.cpp.o
[242/501] Building CXX object unittests/IR/CMakeFiles/IRTests.dir/PassBuilderCallbacksTest.cpp.o
[243/501] Building CXX object unittests/IR/CMakeFiles/IRTests.dir/IRBuilderTest.cpp.o
[244/501] Building CXX object unittests/IR/CMakeFiles/IRTests.dir/InstructionsTest.cpp.o
[245/501] Building CXX object unittests/IR/CMakeFiles/IRTests.dir/IntrinsicsTest.cpp.o
[246/501] Building CXX object unittests/IR/CMakeFiles/IRTests.dir/LegacyPassManagerTest.cpp.o
[247/501] Building CXX object unittests/IR/CMakeFiles/IRTests.dir/MDBuilderTest.cpp.o
[248/501] Building CXX object unittests/IR/CMakeFiles/IRTests.dir/MetadataTest.cpp.o
[249/501] Building CXX object unittests/IR/CMakeFiles/IRTests.dir/ModuleTest.cpp.o
[250/501] Building CXX object unittests/IR/CMakeFiles/IRTests.dir/PassManagerTest.cpp.o
[251/501] Building CXX object unittests/IR/CMakeFiles/IRTests.dir/PatternMatch.cpp.o
[252/501] Building CXX object unittests/IR/CMakeFiles/IRTests.dir/ShuffleVectorInstTest.cpp.o
[253/501] Building CXX object unittests/IR/CMakeFiles/IRTests.dir/UserTest.cpp.o
[254/501] Building CXX object unittests/IR/CMakeFiles/IRTests.dir/ValueMapTest.cpp.o
[255/501] Building CXX object unittests/IR/CMakeFiles/IRTests.dir/ValueHandleTest.cpp.o
[256/501] Building CXX object unittests/IR/CMakeFiles/IRTests.dir/ValueTest.cpp.o
[257/501] Building CXX object unittests/IR/CMakeFiles/IRTests.dir/VectorBuilderTest.cpp.o
[258/501] Building CXX object unittests/IR/CMakeFiles/IRTests.dir/VerifierTest.cpp.o
[259/501] Building CXX object unittests/IR/CMakeFiles/IRTests.dir/VFABIDemanglerTest.cpp.o
[260/501] Building CXX object unittests/IR/CMakeFiles/IRTests.dir/VPIntrinsicTest.cpp.o
[261/501] Building CXX object unittests/Linker/CMakeFiles/LinkerTests.dir/LinkModulesTest.cpp.o
[262/501] Building CXX object unittests/MI/CMakeFiles/MITests.dir/LiveIntervalTest.cpp.o
[263/501] Building CXX object unittests/MIR/CMakeFiles/MIRTests.dir/MachineMetadata.cpp.o
[264/501] Building CXX object unittests/MIR/CMakeFiles/MIRTests.dir/MachineStableHashTest.cpp.o
[265/501] Building CXX object unittests/Passes/Plugins/CMakeFiles/PluginsTests.dir/PluginsTest.cpp.o
[266/501] Building CXX object unittests/Passes/Plugins/TestPlugin/CMakeFiles/TestPlugin.dir/TestPlugin.cpp.o
[267/501] Building CXX object unittests/Passes/Plugins/DoublerPlugin/CMakeFiles/DoublerPlugin.dir/DoublerPlugin.cpp.o
[268/501] Building CXX object unittests/ProfileData/CMakeFiles/ProfileDataTests.dir/InstrProfTest.cpp.o
[269/501] Building CXX object unittests/ProfileData/CMakeFiles/ProfileDataTests.dir/SampleProfTest.cpp.o
[270/501] Building CXX object unittests/SandboxIR/CMakeFiles/SandboxIRTests.dir/IntrinsicInstTest.cpp.o
[271/501] Building CXX object unittests/SandboxIR/CMakeFiles/SandboxIRTests.dir/PassTest.cpp.o
[272/501] Building CXX object unittests/SandboxIR/CMakeFiles/SandboxIRTests.dir/RegionTest.cpp.o
[273/501] Building CXX object unittests/SandboxIR/CMakeFiles/SandboxIRTests.dir/OperatorTest.cpp.o
[274/501] Building CXX object unittests/SandboxIR/CMakeFiles/SandboxIRTests.dir/SandboxIRTest.cpp.o
[275/501] Building CXX object unittests/SandboxIR/CMakeFiles/SandboxIRTests.dir/TrackerTest.cpp.o
[276/501] Building CXX object unittests/SandboxIR/CMakeFiles/SandboxIRTests.dir/TypesTest.cpp.o
[277/501] Building CXX object unittests/SandboxIR/CMakeFiles/SandboxIRTests.dir/UtilsTest.cpp.o
[278/501] Building CXX object unittests/Target/RISCV/CMakeFiles/RISCVTests.dir/RISCVInstrInfoTest.cpp.o
[279/501] Building CXX object unittests/Transforms/Coroutines/CMakeFiles/CoroTests.dir/ExtraRematTest.cpp.o
[280/501] Building CXX object unittests/Transforms/Instrumentation/CMakeFiles/InstrumentationTests.dir/PGOInstrumentationTest.cpp.o
[281/501] Linking CXX executable bin/llvm-ctxprof-util
[282/501] Building CXX object unittests/Transforms/Instrumentation/CMakeFiles/InstrumentationTests.dir/MemProfUseTest.cpp.o
[283/501] Building CXX object unittests/Transforms/IPO/CMakeFiles/IPOTests.dir/AttributorTest.cpp.o
[284/501] Building CXX object unittests/Transforms/IPO/CMakeFiles/IPOTests.dir/FunctionSpecializationTest.cpp.o
[285/501] Building CXX object unittests/Transforms/Scalar/CMakeFiles/ScalarTests.dir/LICMTest.cpp.o
[286/501] Building CXX object unittests/Transforms/Scalar/CMakeFiles/ScalarTests.dir/LoopPassManagerTest.cpp.o
[287/501] Building CXX object unittests/Transforms/Utils/CMakeFiles/UtilsTests.dir/BasicBlockUtilsTest.cpp.o
[288/501] Building CXX object unittests/Transforms/Utils/CMakeFiles/UtilsTests.dir/CallPromotionUtilsTest.cpp.o
[289/501] Building CXX object unittests/Transforms/Utils/CMakeFiles/UtilsTests.dir/CloningTest.cpp.o
[290/501] Building CXX object unittests/Transforms/Utils/CMakeFiles/UtilsTests.dir/CodeExtractorTest.cpp.o
[291/501] Building CXX object unittests/Transforms/Utils/CMakeFiles/UtilsTests.dir/CodeMoverUtilsTest.cpp.o
[292/501] Building CXX object unittests/Transforms/Utils/CMakeFiles/UtilsTests.dir/DebugifyTest.cpp.o
[293/501] Building CXX object unittests/Transforms/Utils/CMakeFiles/UtilsTests.dir/FunctionComparatorTest.cpp.o
[294/501] Building CXX object unittests/Transforms/Utils/CMakeFiles/UtilsTests.dir/IntegerDivisionTest.cpp.o
[295/501] Building CXX object unittests/Transforms/Utils/CMakeFiles/UtilsTests.dir/LocalTest.cpp.o
[296/501] Building CXX object unittests/Transforms/Utils/CMakeFiles/UtilsTests.dir/LoopRotationUtilsTest.cpp.o
[297/501] Building CXX object tools/clang/unittests/CodeGen/CMakeFiles/ClangCodeGenTests.dir/BufferSourceTest.cpp.o
[298/501] Building CXX object tools/clang/unittests/CodeGen/CMakeFiles/ClangCodeGenTests.dir/CodeGenExternalTest.cpp.o
[299/501] Linking CXX executable bin/llvm-profdata
[300/501] Building CXX object unittests/Transforms/Utils/CMakeFiles/UtilsTests.dir/LoopUtilsTest.cpp.o
[301/501] Building CXX object unittests/Transforms/Utils/CMakeFiles/UtilsTests.dir/MemTransferLowering.cpp.o
[302/501] Building CXX object unittests/Transforms/Utils/CMakeFiles/UtilsTests.dir/ModuleUtilsTest.cpp.o
[303/501] Building CXX object unittests/Transforms/Utils/CMakeFiles/UtilsTests.dir/ScalarEvolutionExpanderTest.cpp.o
[304/501] Building CXX object unittests/Transforms/Utils/CMakeFiles/UtilsTests.dir/SizeOptsTest.cpp.o
[305/501] Building CXX object unittests/Transforms/Utils/CMakeFiles/UtilsTests.dir/SSAUpdaterBulkTest.cpp.o
[306/501] Building CXX object unittests/Transforms/Utils/CMakeFiles/UtilsTests.dir/UnrollLoopTest.cpp.o
[307/501] Building CXX object unittests/Transforms/Utils/CMakeFiles/UtilsTests.dir/ValueMapperTest.cpp.o
[308/501] Building CXX object unittests/Transforms/Utils/CMakeFiles/UtilsTests.dir/ProfDataUtilTest.cpp.o
[309/501] Building CXX object unittests/Transforms/Vectorize/CMakeFiles/VectorizeTests.dir/VPlanTest.cpp.o
[310/501] Building CXX object unittests/Transforms/Vectorize/CMakeFiles/VectorizeTests.dir/VPDomTreeTest.cpp.o
[311/501] Building CXX object unittests/Transforms/Vectorize/CMakeFiles/VectorizeTests.dir/VPlanHCFGTest.cpp.o
[312/501] Building CXX object unittests/Transforms/Vectorize/CMakeFiles/VectorizeTests.dir/VPlanSlpTest.cpp.o
[313/501] Building CXX object unittests/Transforms/Vectorize/CMakeFiles/VectorizeTests.dir/VPlanVerifierTest.cpp.o
[314/501] Building CXX object tools/clang/lib/Interpreter/CMakeFiles/obj.clangInterpreter.dir/Interpreter.cpp.o
[315/501] Building CXX object tools/clang/tools/clang-repl/CMakeFiles/clang-repl.dir/ClangRepl.cpp.o
[316/501] Building CXX object unittests/Transforms/Vectorize/SandboxVectorizer/CMakeFiles/SandboxVectorizerTests.dir/DependencyGraphTest.cpp.o
[317/501] Building CXX object unittests/Transforms/Vectorize/SandboxVectorizer/CMakeFiles/SandboxVectorizerTests.dir/InstrMapsTest.cpp.o
[318/501] Building CXX object unittests/Transforms/Vectorize/SandboxVectorizer/CMakeFiles/SandboxVectorizerTests.dir/IntervalTest.cpp.o
[319/501] Building CXX object unittests/Transforms/Vectorize/SandboxVectorizer/CMakeFiles/SandboxVectorizerTests.dir/LegalityTest.cpp.o
[320/501] Building CXX object unittests/Transforms/Vectorize/SandboxVectorizer/CMakeFiles/SandboxVectorizerTests.dir/SandboxVectorizerTest.cpp.o
[321/501] Building CXX object unittests/Transforms/Vectorize/SandboxVectorizer/CMakeFiles/SandboxVectorizerTests.dir/SchedulerTest.cpp.o
[322/501] Building CXX object unittests/Transforms/Vectorize/SandboxVectorizer/CMakeFiles/SandboxVectorizerTests.dir/SeedCollectorTest.cpp.o
[323/501] Building CXX object unittests/Transforms/Vectorize/SandboxVectorizer/CMakeFiles/SandboxVectorizerTests.dir/VecUtilsTest.cpp.o
[324/501] Building CXX object unittests/tools/llvm-exegesis/CMakeFiles/LLVMExegesisTests.dir/BenchmarkRunnerTest.cpp.o
[325/501] Building CXX object unittests/tools/llvm-profgen/CMakeFiles/LLVMProfgenTests.dir/ContextCompressionTest.cpp.o
[326/501] Building CXX object unittests/tools/llvm-exegesis/CMakeFiles/LLVMExegesisTests.dir/RISCV/TargetTest.cpp.o
[327/501] Building CXX object unittests/tools/llvm-exegesis/CMakeFiles/LLVMExegesisTests.dir/RISCV/SnippetGeneratorTest.cpp.o
[328/501] Linking CXX static library lib/libLLVMInterpreter.a
[329/501] Building CXX object tools/clang/unittests/Interpreter/CMakeFiles/ClangReplInterpreterTests.dir/CodeCompletionTest.cpp.o
[330/501] Linking CXX static library lib/libLLVMOrcJIT.a
[331/501] Linking CXX executable bin/llvm-c-test
[332/501] Linking CXX static library lib/libLLVMOrcDebugging.a
[333/501] Building CXX object tools/clang/unittests/Interpreter/CMakeFiles/ClangReplInterpreterTests.dir/IncrementalProcessingTest.cpp.o
[334/501] Linking CXX executable bin/llvm-lto
[335/501] Linking CXX shared library lib/libLTO.so.20.1
[336/501] Linking CXX shared module lib/SampleAnalyzerPlugin.so
[337/501] Creating library symlink lib/libLTO.so
[338/501] Linking CXX static library lib/libclangInterpreter.a
[339/501] Linking CXX shared module lib/CheckerDependencyHandlingAnalyzerPlugin.so
[340/501] Linking CXX executable bin/apinotes-test
[341/501] Linking CXX shared module lib/CheckerOptionHandlingAnalyzerPlugin.so
[342/501] Linking CXX executable bin/clang-fuzzer-dictionary
[343/501] Linking CXX executable bin/diagtool
[344/501] Linking CXX executable bin/clang-format
[345/501] Linking CXX executable bin/clang-offload-packager
[346/501] Linking CXX executable bin/clang-offload-bundler
[347/501] Linking CXX executable bin/clang-diff
[348/501] Linking CXX executable bin/clang-sycl-linker
[349/501] Linking CXX executable bin/clang-linker-wrapper
[350/501] Linking CXX executable bin/clang-import-test
[351/501] Linking CXX executable bin/clang-nvlink-wrapper
[352/501] Linking CXX executable bin/clang-scan-deps
[353/501] Linking CXX executable bin/clang-refactor
[354/501] Linking CXX executable bin/clang-installapi
[355/501] Linking CXX executable bin/arcmt-test
[356/501] Linking CXX executable tools/clang/unittests/Basic/BasicTests
[357/501] Linking CXX executable bin/clang-repl
[358/501] Linking CXX executable bin/clang-check
[359/501] Linking CXX executable bin/clang-extdef-mapping
[360/501] Linking CXX executable tools/clang/unittests/Lex/LexTests
[361/501] Linking CXX shared library lib/libclang.so.20.1.8
[362/501] Creating library symlink lib/libclang.so.20.1 lib/libclang.so
[363/501] Linking CXX executable tools/clang/unittests/Analysis/ClangAnalysisTests
[364/501] Linking CXX executable tools/clang/unittests/Driver/ClangDriverTests
[365/501] Linking CXX executable bin/c-arcmt-test
[366/501] Linking CXX executable tools/clang/unittests/Analysis/FlowSensitive/ClangAnalysisFlowSensitiveTests
[367/501] Linking CXX executable tools/clang/unittests/StaticAnalyzer/StaticAnalysisTests
[368/501] Linking CXX executable tools/clang/unittests/ASTMatchers/ASTMatchersTests
[369/501] Linking CXX executable tools/clang/unittests/ASTMatchers/Dynamic/DynamicASTMatchersTests
[370/501] Linking CXX executable bin/c-index-test
[371/501] Linking CXX executable tools/clang/unittests/AST/ByteCode/InterpTests
[372/501] Linking CXX executable tools/clang/unittests/CrossTU/CrossTUTests
[373/501] Linking CXX executable tools/clang/unittests/AST/ASTTests
[374/501] Linking CXX executable tools/clang/unittests/Format/FormatTests
[375/501] Linking CXX executable tools/clang/unittests/Tooling/Syntax/SyntaxTests
[376/501] Linking CXX executable tools/clang/unittests/Tooling/ToolingTests
[377/501] Linking CXX executable tools/clang/unittests/Rewrite/RewriteTests
[378/501] Linking CXX executable tools/clang/unittests/Sema/SemaTests
[379/501] Linking CXX executable tools/clang/unittests/libclang/libclangTests
[380/501] Linking CXX executable tools/clang/unittests/libclang/CrashTests/libclangCrashTests
[381/501] Linking CXX executable tools/clang/unittests/CodeGen/ClangCodeGenTests
[382/501] Linking CXX executable tools/clang/unittests/InstallAPI/InstallAPITests
[383/501] Linking CXX executable tools/clang/unittests/Frontend/FrontendTests
[384/501] Linking CXX executable tools/clang/unittests/Index/IndexTests
[385/501] Linking CXX executable tools/clang/unittests/Support/ClangSupportTests
[386/501] Linking CXX executable bin/bugpoint
[387/501] Building CXX object tools/bugpoint-passes/CMakeFiles/BugpointPasses.dir/TestPasses.cpp.o
[388/501] Linking CXX executable tools/clang/unittests/Serialization/SerializationTests
[389/501] Linking CXX executable tools/clang/unittests/Interpreter/ClangReplInterpreterTests
[390/501] Linking CXX shared module lib/BugpointPasses.so
[391/501] Linking CXX executable tools/clang/unittests/Interpreter/ExceptionTests/ClangReplInterpreterExceptionTests
[392/501] Linking CXX executable bin/lli-child-target
[393/501] Linking CXX executable bin/llvm-cvtres
[394/501] Linking CXX executable bin/llvm-cgdata
[395/501] Linking CXX executable bin/llvm-cov
[396/501] Linking CXX executable bin/llvm-cxxdump
[397/501] Linking CXX executable bin/llvm-cxxmap
[398/501] Linking CXX static library lib/libLLVMDiff.a
[399/501] Linking CXX executable bin/dsymutil
[400/501] Linking CXX executable bin/llvm-debuginfod-find
[401/501] Linking CXX executable bin/lli
[402/501] Linking CXX executable bin/llvm-dis
[403/501] Linking CXX executable bin/llvm-debuginfo-analyzer
[404/501] Linking CXX executable bin/llvm-diff
[405/501] Linking CXX static library lib/libLLVMExegesis.a
[406/501] Linking CXX executable bin/llvm-dwarfdump
[407/501] Copying llvm-locstats into /work/build/./bin
[408/501] Linking CXX static library lib/libLLVMExegesisRISCV.a
[409/501] Linking CXX executable bin/llvm-ifs
[410/501] Linking CXX executable bin/llvm-dwp
[411/501] Linking CXX executable bin/llvm-dwarfutil
[412/501] Linking CXX executable bin/llvm-extract
[413/501] Linking CXX executable bin/llvm-gsymutil
[414/501] Linking CXX executable bin/llvm-isel-fuzzer
[415/501] Linking CXX executable bin/llvm-link
[416/501] Linking CXX executable bin/llvm-libtool-darwin
[417/501] Linking CXX executable bin/llvm-exegesis
[418/501] Linking CXX executable bin/llvm-jitlink
[419/501] Linking CXX executable bin/llvm-lipo
[420/501] Linking CXX executable bin/llvm-modextract
[421/501] Linking CXX executable bin/llvm-objcopy
[422/501] Generating ../../bin/llvm-bitcode-strip
[423/501] Generating ../../bin/llvm-strip
[424/501] Generating ../../bin/llvm-install-name-tool
[425/501] Linking CXX executable bin/llvm-nm
[426/501] Linking CXX executable bin/llvm-pdbutil
[427/501] Linking CXX executable bin/llvm-rc
[428/501] Generating ../../bin/llvm-windres
[429/501] Linking CXX executable bin/llvm-readtapi
[430/501] Linking CXX executable bin/llvm-readobj
[431/501] Generating ../../bin/llvm-readelf
[432/501] Linking CXX executable bin/llvm-profgen
[433/501] Linking CXX executable bin/llvm-lto2
[434/501] Linking CXX executable bin/llvm-sim
[435/501] Linking CXX executable bin/llvm-size
[436/501] Linking CXX executable bin/llvm-opt-fuzzer
[437/501] Linking CXX executable bin/llvm-rtdyld
[438/501] Linking CXX executable bin/llvm-strings
[439/501] Linking CXX executable bin/llvm-stress
[440/501] Linking CXX executable bin/llvm-symbolizer
[441/501] Linking CXX executable bin/llvm-tli-checker
[442/501] Generating ../../bin/llvm-addr2line
[443/501] Linking CXX executable bin/llvm-reduce
[444/501] Linking CXX executable bin/llvm-xray
[445/501] Linking CXX executable bin/obj2yaml
[446/501] Linking CXX executable bin/llvm-split
[447/501] Linking CXX shared module unittests/Analysis/InlineAdvisorPlugin.so
[448/501] Linking CXX shared module unittests/Analysis/InlineOrderPlugin.so
[449/501] Linking CXX executable bin/sanstats
[450/501] Linking CXX executable bin/sancov
[451/501] Linking CXX executable bin/yaml2obj
[452/501] Linking CXX executable bin/verify-uselistorder
[453/501] Linking CXX executable unittests/AsmParser/AsmParserTests
[454/501] Linking CXX executable unittests/Bitcode/BitcodeTests
[455/501] Linking CXX executable unittests/CGData/CGDataTests
[456/501] Linking CXX executable unittests/DebugInfo/BTF/DebugInfoBTFTests
[457/501] Linking CXX executable unittests/DebugInfo/GSYM/DebugInfoGSYMTests
[458/501] Linking CXX executable unittests/Analysis/AnalysisTests
[459/501] Linking CXX executable unittests/DebugInfo/PDB/DebugInfoPDBTests
[460/501] Linking CXX executable unittests/CodeGen/GlobalISel/GlobalISelTests
[461/501] Linking CXX executable unittests/CodeGen/CodeGenTests
[462/501] Linking CXX executable unittests/DebugInfo/Symbolizer/DebugInfoSymbolizerTests
[463/501] Linking CXX executable unittests/DebugInfo/DWARF/DebugInfoDWARFTests
[464/501] Linking CXX executable unittests/DWARFLinkerParallel/DWARFLinkerParallelTests
[465/501] Linking CXX executable unittests/Debuginfod/DebuginfodTests
[466/501] Linking CXX executable unittests/ExecutionEngine/ExecutionEngineTests
[467/501] Linking CXX executable unittests/ExecutionEngine/JITLink/JITLinkTests
[468/501] Linking CXX executable unittests/DebugInfo/LogicalView/DebugInfoLogicalViewTests
[469/501] Linking CXX executable unittests/InterfaceStub/InterfaceStubTests
[470/501] Linking CXX executable unittests/FuzzMutate/FuzzMutateTests
[471/501] Linking CXX executable unittests/ExecutionEngine/Orc/OrcJITTests
[472/501] Linking CXX executable unittests/Linker/LinkerTests
[473/501] Linking CXX executable unittests/Frontend/LLVMFrontendTests
[474/501] Linking CXX executable unittests/MC/MCTests
[475/501] Linking CXX executable unittests/ObjCopy/ObjCopyTests
[476/501] Linking CXX executable unittests/Object/ObjectTests
[477/501] Linking CXX executable unittests/ObjectYAML/ObjectYAMLTests
[478/501] Linking CXX executable unittests/Remarks/RemarksTests
[479/501] Linking CXX executable unittests/IR/IRTests
[480/501] Linking CXX shared module unittests/Passes/Plugins/TestPlugin.so
[481/501] Linking CXX shared module unittests/Passes/Plugins/DoublerPlugin.so
[482/501] Linking CXX executable unittests/MIR/MIRTests
[483/501] Linking CXX executable unittests/MI/MITests
[484/501] Linking CXX executable unittests/ProfileData/ProfileDataTests
[485/501] Linking CXX executable unittests/SandboxIR/SandboxIRTests
[486/501] Linking CXX executable unittests/Telemetry/TelemetryTests
[487/501] Linking CXX executable unittests/Passes/PassBuilderBindings/PassesBindingsTests
[488/501] Linking CXX executable unittests/Target/TargetMachineCTests
[489/501] Linking CXX executable unittests/Target/RISCV/RISCVTests
[490/501] Linking CXX executable unittests/Passes/Plugins/PluginsTests
[491/501] Linking CXX executable unittests/Transforms/Instrumentation/InstrumentationTests
[492/501] Linking CXX executable unittests/Transforms/Coroutines/CoroTests
[493/501] Linking CXX executable unittests/Transforms/IPO/IPOTests
[494/501] Linking CXX executable unittests/XRay/XRayTests
[495/501] Linking CXX executable unittests/Transforms/Vectorize/VectorizeTests
[496/501] Linking CXX executable unittests/Transforms/Vectorize/SandboxVectorizer/SandboxVectorizerTests
[497/501] Linking CXX executable unittests/tools/llvm-profdata/LLVMProfdataTests
[498/501] Linking CXX executable unittests/tools/llvm-profgen/LLVMProfgenTests
[499/501] Linking CXX executable unittests/Transforms/Utils/UtilsTests
[500/501] Linking CXX executable unittests/Transforms/Scalar/ScalarTests
[501/501] Linking CXX executable unittests/tools/llvm-exegesis/LLVMExegesisTests
********************
Failed Tests (1):
  LLVM :: CodeGen/RISCV/rvv/vsetvli-insert-zve64f.mir


Total Discovered Tests: 4730
  Failed: 1 (0.02%)
unit (TargetParserTests) exit 0, 84 tests
{"green": true, "totals": {"FAIL": 1, "PASS": 4729}, "problems": 0, "upstream_removed": 125}
