ninja: Entering directory `/work/build'
[1/196] Linking CXX executable bin/llvm-ar
[2/196] Linking CXX shared library lib/libLTO.so.20.1
[3/196] Creating library symlink lib/libLTO.so
[4/196] Generating ../../bin/llvm-ranlib
[5/196] Generating ../../bin/llvm-lib
[6/196] Generating ../../bin/llvm-dlltool
[7/196] Linking CXX executable bin/llvm-ctxprof-util
[8/196] Building CXX object tools/clang/tools/diagtool/CMakeFiles/diagtool.dir/ListWarnings.cpp.o
[9/196] Building CXX object tools/clang/tools/diagtool/CMakeFiles/diagtool.dir/FindDiagnosticID.cpp.o
[10/196] Linking CXX executable bin/llvm-lto
[11/196] Building CXX object tools/clang/tools/diagtool/CMakeFiles/diagtool.dir/TreeView.cpp.o
[12/196] Building CXX object tools/clang/tools/diagtool/CMakeFiles/diagtool.dir/DiagnosticNames.cpp.o
[13/196] Linking CXX executable bin/llvm-profdata
[14/196] Linking CXX executable bin/lli-child-target
[15/196] Linking CXX executable bin/bugpoint
[16/196] Linking CXX executable bin/lli
[17/196] Linking CXX shared module lib/SampleAnalyzerPlugin.so
[18/196] Linking CXX shared module lib/CheckerDependencyHandlingAnalyzerPlugin.so
[19/196] Linking CXX shared module lib/CheckerOptionHandlingAnalyzerPlugin.so
[20/196] Linking CXX executable bin/apinotes-test
[21/196] Linking CXX executable bin/diagtool
[22/196] Linking CXX executable bin/clang-format
[23/196] Linking CXX executable bin/clang-fuzzer-dictionary
[24/196] Linking CXX executable bin/clang-diff
[25/196] Linking CXX executable bin/clang-import-test
[26/196] Linking CXX executable bin/clang-linker-wrapper
[27/196] Linking CXX executable bin/clang-offload-packager
[28/196] Linking CXX executable bin/clang-sycl-linker
[29/196] Linking CXX executable bin/clang-offload-bundler
[30/196] Linking CXX executable bin/clang-nvlink-wrapper
[31/196] Linking CXX executable bin/clang-installapi
[32/196] Linking CXX executable bin/arcmt-test
[33/196] Linking CXX executable bin/clang-refactor
[34/196] Linking CXX executable bin/clang-check
[35/196] Linking CXX executable bin/clang-extdef-mapping
[36/196] Linking CXX executable tools/clang/unittests/Driver/ClangDriverTests
[37/196] Linking CXX executable tools/clang/unittests/Analysis/FlowSensitive/ClangAnalysisFlowSensitiveTests
[38/196] Building CXX object tools/clang/unittests/Basic/CMakeFiles/BasicTests.dir/DiagnosticTest.cpp.o
[39/196] Linking CXX executable tools/clang/unittests/StaticAnalyzer/StaticAnalysisTests
[40/196] Linking CXX executable tools/clang/unittests/ASTMatchers/ASTMatchersTests
[41/196] Linking CXX executable bin/llvm-as
[42/196] Linking CXX executable tools/clang/unittests/Basic/BasicTests
[43/196] Linking CXX executable tools/clang/unittests/ASTMatchers/Dynamic/DynamicASTMatchersTests
[44/196] Linking CXX executable tools/clang/unittests/AST/ASTTests
[45/196] Linking CXX executable tools/clang/unittests/Format/FormatTests
[46/196] Linking CXX executable tools/clang/unittests/AST/ByteCode/InterpTests
[47/196] Linking CXX executable tools/clang/unittests/CrossTU/CrossTUTests
[48/196] Linking CXX executable tools/clang/unittests/Tooling/Syntax/SyntaxTests
[49/196] Linking CXX executable tools/clang/unittests/InstallAPI/InstallAPITests
[50/196] Linking CXX executable tools/clang/unittests/Rewrite/RewriteTests
[51/196] Linking CXX executable bin/llvm-cat
[52/196] Linking CXX executable tools/clang/unittests/Support/ClangSupportTests
[53/196] Linking CXX executable bin/dsymutil
[54/196] Linking CXX executable bin/llvm-c-test
[55/196] Linking CXX executable tools/clang/unittests/Index/IndexTests
[56/196] Linking CXX executable bin/llvm-cvtres
[57/196] Linking CXX executable bin/llvm-cgdata
[58/196] Linking CXX executable bin/llvm-cxxdump
[59/196] Linking CXX executable bin/llvm-cov
[60/196] Linking CXX executable bin/llvm-cxxmap
[61/196] Linking CXX executable bin/llvm-cfi-verify
[62/196] Linking CXX executable bin/llvm-debuginfod-find
[63/196] Linking CXX executable bin/llvm-dwarfdump
[64/196] Linking CXX executable bin/llvm-debuginfo-analyzer
[65/196] Linking CXX executable bin/llvm-dwp
[66/196] Linking CXX executable bin/llvm-dwarfutil
[67/196] Linking CXX executable bin/llvm-extract
[68/196] Linking CXX executable bin/llvm-gsymutil
[69/196] Linking CXX executable bin/llvm-exegesis
[70/196] Linking CXX executable bin/llvm-ifs
[71/196] Linking CXX executable bin/llvm-link
[72/196] Linking CXX executable bin/llvm-libtool-darwin
[73/196] Linking CXX executable bin/llvm-jitlink
[74/196] Linking CXX executable bin/llvm-isel-fuzzer
[75/196] Linking CXX executable bin/llvm-lipo
[76/196] Generating ../../bin/llvm-otool
[77/196] Linking CXX executable bin/llvm-modextract
[78/196] Linking CXX executable bin/llvm-nm
[79/196] Linking CXX executable bin/llvm-objcopy
[80/196] Generating ../../bin/llvm-install-name-tool
[81/196] Generating ../../bin/llvm-bitcode-strip
[82/196] Generating ../../bin/llvm-strip
[83/196] Linking CXX executable bin/llvm-pdbutil
[84/196] Linking CXX executable bin/llvm-rc
[85/196] Generating ../../bin/llvm-windres
[86/196] Linking CXX executable bin/llvm-profgen
[87/196] Linking CXX executable bin/llvm-readobj
[88/196] Generating ../../bin/llvm-readelf
[89/196] Linking CXX executable bin/llvm-readtapi
[90/196] Linking CXX executable bin/llvm-lto2
[91/196] Linking CXX executable bin/llvm-sim
[92/196] Linking CXX executable bin/llvm-opt-fuzzer
[93/196] Linking CXX executable bin/llvm-rtdyld
[94/196] Linking CXX executable bin/llvm-size
[95/196] Linking CXX executable bin/llvm-strings
[96/196] Linking CXX executable bin/llvm-symbolizer
[97/196] Generating ../../bin/llvm-addr2line
[98/196] Linking CXX executable bin/llvm-tli-checker
[99/196] Linking CXX executable bin/llvm-xray
[100/196] Linking CXX executable bin/llvm-reduce
[101/196] Linking CXX executable bin/obj2yaml
[102/196] Linking CXX executable bin/sanstats
[103/196] Linking CXX executable bin/sancov
[104/196] Linking CXX executable bin/verify-uselistorder
[105/196] Linking CXX executable bin/yaml2obj
[106/196] Linking CXX executable bin/llvm-split
[107/196] Linking CXX executable unittests/CGData/CGDataTests
[108/196] Linking CXX executable unittests/Bitcode/BitcodeTests
[109/196] Building CXX object tools/clang/lib/Interpreter/CMakeFiles/obj.clangInterpreter.dir/InterpreterUtils.cpp.o
[110/196] Linking CXX executable unittests/DebugInfo/BTF/DebugInfoBTFTests
[111/196] Linking CXX executable unittests/DebugInfo/GSYM/DebugInfoGSYMTests
[112/196] Linking CXX executable unittests/CodeGen/GlobalISel/GlobalISelTests
[113/196] Linking CXX executable unittests/Analysis/AnalysisTests
[114/196] Linking CXX executable unittests/CodeGen/CodeGenTests
[115/196] Linking CXX executable unittests/DebugInfo/PDB/DebugInfoPDBTests
[116/196] Linking CXX executable unittests/DebugInfo/Symbolizer/DebugInfoSymbolizerTests
[117/196] Linking CXX executable unittests/DWARFLinkerParallel/DWARFLinkerParallelTests
[118/196] Linking CXX executable unittests/Debuginfod/DebuginfodTests
[119/196] Building CXX object tools/clang/lib/Interpreter/CMakeFiles/obj.clangInterpreter.dir/IncrementalParser.cpp.o
[120/196] Copying llvm-locstats into /work/build/./bin
[121/196] Building CXX object tools/clang/unittests/Sema/CMakeFiles/SemaTests.dir/SemaLookupTest.cpp.o
[122/196] Linking CXX executable unittests/DebugInfo/LogicalView/DebugInfoLogicalViewTests
[123/196] Linking CXX executable unittests/DebugInfo/DWARF/DebugInfoDWARFTests
[124/196] Linking CXX executable unittests/ExecutionEngine/ExecutionEngineTests
[125/196] Linking CXX executable unittests/ExecutionEngine/JITLink/JITLinkTests
[126/196] Linking CXX executable unittests/InterfaceStub/InterfaceStubTests
[127/196] Linking CXX executable unittests/ExecutionEngine/Orc/OrcJITTests
[128/196] Linking CXX executable unittests/FuzzMutate/FuzzMutateTests
[129/196] Linking CXX executable unittests/Frontend/LLVMFrontendTests
[130/196] Linking CXX executable unittests/Linker/LinkerTests
[131/196] Linking CXX executable unittests/Object/ObjectTests
[132/196] Linking CXX executable unittests/ObjCopy/ObjCopyTests
[133/196] Linking CXX executable unittests/MC/MCTests
[134/196] Linking CXX executable unittests/IR/IRTests
[135/196] Linking CXX executable unittests/ObjectYAML/ObjectYAMLTests
[136/196] Linking CXX executable unittests/ProfileData/ProfileDataTests
[137/196] Building CXX object tools/clang/lib/Interpreter/CMakeFiles/obj.clangInterpreter.dir/InterpreterValuePrinter.cpp.o
[138/196] Linking CXX executable unittests/SandboxIR/SandboxIRTests
[139/196] Linking CXX executable unittests/MIR/MIRTests
[140/196] Linking CXX executable unittests/MI/MITests
[141/196] Building CXX object tools/clang/tools/c-index-test/CMakeFiles/c-index-test.dir/core_main.cpp.o
[142/196] Linking CXX executable unittests/Passes/Plugins/PluginsTests
[143/196] Building CXX object tools/clang/unittests/Frontend/CMakeFiles/FrontendTests.dir/FrontendActionTest.cpp.o
[144/196] Linking CXX executable unittests/Passes/PassBuilderBindings/PassesBindingsTests
[145/196] Building CXX object tools/clang/unittests/Sema/CMakeFiles/SemaTests.dir/ExternalSemaSourceTest.cpp.o
[146/196] Building CXX object tools/clang/unittests/Sema/CMakeFiles/SemaTests.dir/CodeCompleteTest.cpp.o
[147/196] Linking CXX executable unittests/Target/RISCV/RISCVTests
[148/196] Linking CXX executable unittests/Transforms/IPO/IPOTests
[149/196] Linking CXX executable unittests/Transforms/Coroutines/CoroTests
[150/196] Linking CXX executable unittests/Target/TargetMachineCTests
[151/196] Linking CXX executable unittests/Transforms/Instrumentation/InstrumentationTests
[152/196] Building CXX object tools/clang/tools/libclang/CMakeFiles/libclang.dir/CIndexCodeCompletion.cpp.o
[153/196] Building CXX object tools/clang/unittests/Analysis/CMakeFiles/ClangAnalysisTests.dir/MacroExpansionContextTest.cpp.o
[154/196] Linking CXX executable unittests/XRay/XRayTests
[155/196] Linking CXX executable unittests/Transforms/Vectorize/SandboxVectorizer/SandboxVectorizerTests
[156/196] Linking CXX executable unittests/Transforms/Vectorize/VectorizeTests
[157/196] Linking CXX executable unittests/Transforms/Utils/UtilsTests
[158/196] Linking CXX executable unittests/Transforms/Scalar/ScalarTests
[159/196] Building CXX object tools/clang/lib/Tooling/DependencyScanning/CMakeFiles/obj.clangDependencyScanning.dir/DependencyScanningTool.cpp.o
[160/196] Linking CXX executable unittests/tools/llvm-profdata/LLVMProfdataTests
[161/196] Building CXX object tools/clang/unittests/CodeGen/CMakeFiles/ClangCodeGenTests.dir/CodeGenExternalTest.cpp.o
[162/196] Linking CXX executable tools/clang/unittests/Frontend/FrontendTests
[163/196] Building CXX object tools/clang/lib/Tooling/DependencyScanning/CMakeFiles/obj.clangDependencyScanning.dir/ModuleDepCollector.cpp.o
[164/196] Linking CXX executable unittests/tools/llvm-exegesis/LLVMExegesisTests
[165/196] Linking CXX executable tools/clang/unittests/Analysis/ClangAnalysisTests
[166/196] Building CXX object tools/clang/unittests/Tooling/CMakeFiles/ToolingTests.dir/DependencyScanning/DependencyScannerTest.cpp.o
[167/196] Linking CXX shared library lib/libclang.so.20.1.8
[168/196] Creating library symlink lib/libclang.so.20.1 lib/libclang.so
[169/196] Linking CXX executable bin/c-arcmt-test
[170/196] Building CXX object tools/clang/unittests/Lex/CMakeFiles/LexTests.dir/PPCallbacksTest.cpp.o
[171/196] Linking CXX executable tools/clang/unittests/libclang/libclangTests
[172/196] Linking CXX executable tools/clang/unittests/libclang/CrashTests/libclangCrashTests
[173/196] Building CXX object tools/clang/lib/Interpreter/CMakeFiles/obj.clangInterpreter.dir/CodeCompletion.cpp.o
[174/196] Linking CXX executable tools/clang/unittests/Lex/LexTests
[175/196] Linking CXX executable bin/c-index-test
[176/196] Building CXX object tools/clang/unittests/CodeGen/CMakeFiles/ClangCodeGenTests.dir/BufferSourceTest.cpp.o
[177/196] Linking CXX executable tools/clang/unittests/CodeGen/ClangCodeGenTests
[178/196] Building CXX object tools/clang/tools/clang-repl/CMakeFiles/clang-repl.dir/ClangRepl.cpp.o
[179/196] Building CXX object tools/clang/lib/Tooling/DependencyScanning/CMakeFiles/obj.clangDependencyScanning.dir/DependencyScanningWorker.cpp.o
[180/196] Linking CXX static library lib/libclangDependencyScanning.a
[181/196] Building CXX object tools/clang/unittests/Sema/CMakeFiles/SemaTests.dir/SemaNoloadLookupTest.cpp.o
[182/196] Linking CXX executable tools/clang/unittests/Tooling/ToolingTests
[183/196] Building CXX object tools/clang/unittests/Serialization/CMakeFiles/SerializationTests.dir/ForceCheckFileInputTest.cpp.o
[184/196] Linking CXX executable tools/clang/unittests/Sema/SemaTests
[185/196] Building CXX object tools/clang/unittests/Interpreter/CMakeFiles/ClangReplInterpreterTests.dir/InterpreterExtensionsTest.cpp.o
[186/196] Building CXX object tools/clang/unittests/Interpreter/CMakeFiles/ClangReplInterpreterTests.dir/IncrementalProcessingTest.cpp.o
[187/196] Linking CXX executable tools/clang/unittests/Serialization/SerializationTests
[188/196] Building CXX object tools/clang/unittests/Interpreter/CMakeFiles/ClangReplInterpreterTests.dir/InterpreterTest.cpp.o
[189/196] Building CXX object tools/clang/unittests/Interpreter/CMakeFiles/ClangReplInterpreterTests.dir/CodeCompletionTest.cpp.o
[190/196] Building CXX object tools/clang/tools/clang-scan-deps/CMakeFiles/clang-scan-deps.dir/ClangScanDeps.cpp.o
[191/196] Building CXX object tools/clang/lib/Interpreter/CMakeFiles/obj.clangInterpreter.dir/Interpreter.cpp.o
[192/196] Linking CXX static library lib/libclangInterpreter.a
[193/196] Linking CXX executable bin/clang-scan-deps
[194/196] Linking CXX executable tools/clang/unittests/Interpreter/ExceptionTests/ClangReplInterpreterExceptionTests
[195/196] Linking CXX executable bin/clang-repl
[196/196] Linking CXX executable tools/clang/unittests/Interpreter/ClangReplInterpreterTests
********************
Failed Tests (1):
  LLVM :: CodeGen/RISCV/rvv/vsetvli-insert-zve64f.mir


Total Discovered Tests: 4730
  Failed: 1 (0.02%)
unit (TargetParserTests) exit 0, 84 tests
{"green": true, "totals": {"FAIL": 1, "PASS": 4729}, "problems": 0, "upstream_removed": 125}
