ninja: Entering directory `/work/build'
[1/188] Generating ../../bin/llvm-otool
[2/188] Building CXX object unittests/TargetParser/CMakeFiles/TargetParserTests.dir/RISCVISAInfoTest.cpp.o
[3/188] Linking CXX executable bin/llvm-bcanalyzer
[4/188] Linking CXX executable bin/lli-child-target
[5/188] Linking CXX executable bin/llvm-as
[6/188] Linking CXX executable bin/llvm-config
[7/188] Linking CXX executable bin/llvm-ar
[8/188] Generating ../../bin/llvm-ranlib
[9/188] Generating ../../bin/llvm-lib
[10/188] Generating ../../bin/llvm-dlltool
[11/188] Building CXX object lib/Target/RISCV/MCA/CMakeFiles/LLVMRISCVTargetMCA.dir/RISCVCustomBehaviour.cpp.o
[12/188] Linking CXX executable bin/llvm-ctxprof-util
[13/188] Linking CXX static library lib/libLLVMRISCVTargetMCA.a
[14/188] Linking CXX executable bin/llvm-profdata
[15/188] Building CXX object tools/llvm-exegesis/lib/RISCV/CMakeFiles/LLVMExegesisRISCV.dir/Target.cpp.o
[16/188] Linking CXX executable bin/lli
[17/188] Linking CXX executable bin/bugpoint
[18/188] Linking CXX shared library lib/libLTO.so.20.1
[19/188] Linking CXX shared module lib/CheckerDependencyHandlingAnalyzerPlugin.so
[20/188] Linking CXX executable bin/llvm-lto
[21/188] Creating library symlink lib/libLTO.so
[22/188] Linking CXX shared module lib/CheckerOptionHandlingAnalyzerPlugin.so
[23/188] Linking CXX shared module lib/SampleAnalyzerPlugin.so
[24/188] Linking CXX executable bin/apinotes-test
[25/188] Linking CXX executable bin/clang-format
[26/188] Linking CXX executable bin/clang-fuzzer-dictionary
[27/188] Linking CXX executable bin/diagtool
[28/188] Linking CXX executable bin/clang-offload-packager
[29/188] Linking CXX executable bin/clang-offload-bundler
[30/188] Linking CXX executable bin/clang-diff
[31/188] Linking CXX executable bin/clang-sycl-linker
[32/188] Linking CXX executable bin/clang-linker-wrapper
[33/188] Linking CXX executable bin/clang-import-test
[34/188] Linking CXX executable bin/clang-nvlink-wrapper
[35/188] Linking CXX executable bin/clang-scan-deps
[36/188] Linking CXX executable bin/clang-installapi
[37/188] Linking CXX executable bin/clang-refactor
[38/188] Linking CXX executable bin/arcmt-test
[39/188] Linking CXX executable tools/clang/unittests/Basic/BasicTests
[40/188] Linking CXX executable bin/clang-repl
[41/188] Linking CXX executable bin/clang-check
[42/188] Linking CXX executable bin/clang-extdef-mapping
[43/188] Linking CXX executable tools/clang/unittests/Lex/LexTests
[44/188] Linking CXX executable tools/clang/unittests/Analysis/ClangAnalysisTests
[45/188] Linking CXX executable tools/clang/unittests/Analysis/FlowSensitive/ClangAnalysisFlowSensitiveTests
[46/188] Linking CXX executable tools/clang/unittests/Driver/ClangDriverTests
[47/188] Linking CXX shared library lib/libclang.so.20.1.8
[48/188] Creating library symlink lib/libclang.so.20.1 lib/libclang.so
[49/188] Linking CXX executable tools/clang/unittests/StaticAnalyzer/StaticAnalysisTests
[50/188] Linking CXX executable tools/clang/unittests/ASTMatchers/ASTMatchersTests
[51/188] Linking CXX executable bin/c-arcmt-test
[52/188] Building CXX object unittests/Target/RISCV/CMakeFiles/RISCVTests.dir/MCInstrAnalysisTest.cpp.o
[53/188] Linking CXX executable tools/clang/unittests/ASTMatchers/Dynamic/DynamicASTMatchersTests
[54/188] Linking CXX executable tools/clang/unittests/AST/ASTTests
[55/188] Linking CXX executable tools/clang/unittests/AST/ByteCode/InterpTests
[56/188] Linking CXX executable tools/clang/unittests/CrossTU/CrossTUTests
[57/188] Linking CXX executable bin/c-index-test
[58/188] Linking CXX executable tools/clang/unittests/Format/FormatTests
[59/188] Linking CXX executable tools/clang/unittests/Tooling/ToolingTests
[60/188] Linking CXX executable tools/clang/unittests/Tooling/Syntax/SyntaxTests
[61/188] Linking CXX executable tools/clang/unittests/Rewrite/RewriteTests
[62/188] Linking CXX executable tools/clang/unittests/libclang/libclangTests
[63/188] Linking CXX executable tools/clang/unittests/Sema/SemaTests
[64/188] Linking CXX executable tools/clang/unittests/libclang/CrashTests/libclangCrashTests
[65/188] Linking CXX executable tools/clang/unittests/InstallAPI/InstallAPITests
[66/188] Linking CXX executable tools/clang/unittests/CodeGen/ClangCodeGenTests
[67/188] Linking CXX executable tools/clang/unittests/Frontend/FrontendTests
[68/188] Linking CXX executable tools/clang/unittests/Index/IndexTests
[69/188] Linking CXX executable tools/clang/unittests/Interpreter/ClangReplInterpreterTests
[70/188] Linking CXX executable tools/clang/unittests/Serialization/SerializationTests
[71/188] Linking CXX executable tools/clang/unittests/Interpreter/ExceptionTests/ClangReplInterpreterExceptionTests
[72/188] Linking CXX executable tools/clang/unittests/Support/ClangSupportTests
[73/188] Linking CXX executable bin/dsymutil
[74/188] Linking CXX executable bin/llvm-cat
[75/188] Linking CXX executable bin/llvm-cov
[76/188] Linking CXX executable bin/llvm-cgdata
[77/188] Linking CXX executable bin/llvm-c-test
[78/188] Linking CXX executable bin/llvm-cfi-verify
[79/188] Linking CXX executable bin/llvm-cvtres
[80/188] Linking CXX executable bin/llvm-cxxmap
[81/188] Linking CXX executable bin/llvm-cxxfilt
[82/188] Linking CXX executable bin/llvm-cxxdump
[83/188] Linking CXX executable bin/llvm-debuginfod-find
[84/188] Linking CXX executable bin/llvm-dis
[85/188] Linking CXX executable bin/llvm-diff
[86/188] Linking CXX static library lib/libLLVMExegesisRISCV.a
[87/188] Linking CXX executable bin/llvm-debuginfo-analyzer
[88/188] Linking CXX executable bin/llvm-dwarfdump
[89/188] Copying llvm-locstats into /work/build/./bin
[90/188] Linking CXX executable bin/llvm-ifs
[91/188] Linking CXX executable bin/llvm-dwarfutil
[92/188] Linking CXX executable bin/llvm-extract
[93/188] Linking CXX executable bin/llvm-dwp
[94/188] Linking CXX executable bin/llvm-gsymutil
[95/188] Linking CXX executable bin/llvm-exegesis
[96/188] Linking CXX executable bin/llvm-libtool-darwin
[97/188] Linking CXX executable bin/llvm-link
[98/188] Linking CXX executable bin/llvm-jitlink
[99/188] Linking CXX executable bin/llvm-lipo
[100/188] Linking CXX executable bin/llvm-isel-fuzzer
[101/188] Linking CXX executable bin/llvm-ml
[102/188] Linking CXX executable bin/llvm-mca
[103/188] Linking CXX executable bin/llvm-modextract
[104/188] Linking CXX executable bin/llvm-objcopy
[105/188] Generating ../../bin/llvm-bitcode-strip
[106/188] Generating ../../bin/llvm-strip
[107/188] Generating ../../bin/llvm-install-name-tool
[108/188] Linking CXX executable bin/llvm-pdbutil
[109/188] Linking CXX executable bin/llvm-nm
[110/188] Linking CXX executable bin/llvm-rc
[111/188] Linking CXX executable bin/llvm-lto2
[112/188] Generating ../../bin/llvm-windres
[113/188] Linking CXX executable bin/llvm-profgen
[114/188] Linking CXX executable bin/llvm-readtapi
[115/188] Linking CXX executable bin/llvm-readobj
[116/188] Generating ../../bin/llvm-readelf
[117/188] Linking CXX executable bin/llvm-sim
[118/188] Linking CXX executable bin/llvm-rtdyld
[119/188] Linking CXX executable bin/llvm-opt-fuzzer
[120/188] Linking CXX executable bin/llvm-size
[121/188] Linking CXX executable bin/llvm-strings
[122/188] Linking CXX executable bin/llvm-stress
[123/188] Linking CXX executable bin/llvm-tli-checker
[124/188] Linking CXX executable bin/llvm-symbolizer
[125/188] Generating ../../bin/llvm-addr2line
[126/188] Linking CXX executable bin/llvm-xray
[127/188] Linking CXX executable bin/obj2yaml
[128/188] Linking CXX executable bin/sancov
[129/188] Linking CXX executable bin/llvm-reduce
[130/188] Linking CXX executable bin/sanstats
[131/188] Linking CXX executable bin/llvm-split
[132/188] Linking CXX executable bin/verify-uselistorder
[133/188] Linking CXX executable bin/yaml2obj
[134/188] Linking CXX executable unittests/AsmParser/AsmParserTests
[135/188] Linking CXX executable unittests/BinaryFormat/BinaryFormatTests
[136/188] Linking CXX executable unittests/Bitcode/BitcodeTests
[137/188] Linking CXX executable unittests/CGData/CGDataTests
[138/188] Linking CXX executable unittests/DebugInfo/BTF/DebugInfoBTFTests
[139/188] Linking CXX executable unittests/DebugInfo/GSYM/DebugInfoGSYMTests
[140/188] Linking CXX executable unittests/Analysis/AnalysisTests
[141/188] Linking CXX executable unittests/DebugInfo/PDB/DebugInfoPDBTests
[142/188] Linking CXX executable unittests/CodeGen/GlobalISel/GlobalISelTests
[143/188] Linking CXX executable unittests/DebugInfo/Symbolizer/DebugInfoSymbolizerTests
[144/188] Linking CXX executable unittests/Debuginfod/DebuginfodTests
[145/188] Linking CXX executable unittests/DebugInfo/DWARF/DebugInfoDWARFTests
[146/188] Linking CXX executable unittests/DWARFLinkerParallel/DWARFLinkerParallelTests
[147/188] Linking CXX executable unittests/ExecutionEngine/ExecutionEngineTests
[148/188] Linking CXX executable unittests/CodeGen/CodeGenTests
[149/188] Linking CXX executable unittests/DebugInfo/LogicalView/DebugInfoLogicalViewTests
[150/188] Linking CXX executable unittests/ExecutionEngine/JITLink/JITLinkTests
[151/188] Linking CXX executable unittests/InterfaceStub/InterfaceStubTests
[152/188] Linking CXX executable unittests/FuzzMutate/FuzzMutateTests
[153/188] Linking CXX executable unittests/Linker/LinkerTests
[154/188] Linking CXX executable unittests/ExecutionEngine/Orc/OrcJITTests
[155/188] Linking CXX executable unittests/Frontend/LLVMFrontendTests
[156/188] Linking CXX executable unittests/MC/MCTests
[157/188] Linking CXX executable unittests/ObjectYAML/ObjectYAMLTests
[158/188] Linking CXX executable unittests/Object/ObjectTests
[159/188] Linking CXX executable unittests/ObjCopy/ObjCopyTests
[160/188] Linking CXX executable unittests/IR/IRTests
[161/188] Linking CXX executable unittests/Remarks/RemarksTests
[162/188] Linking CXX executable unittests/MI/MITests
[163/188] Linking CXX executable unittests/MIR/MIRTests
[164/188] Linking CXX executable unittests/ProfileData/ProfileDataTests
[165/188] Linking CXX executable unittests/Support/CommandLineInit/CommandLineInitTests
[166/188] Linking CXX executable unittests/Support/SupportTests
[167/188] Linking CXX executable unittests/SandboxIR/SandboxIRTests
[168/188] Linking CXX executable unittests/Telemetry/TelemetryTests
[169/188] Linking CXX executable unittests/TextAPI/TextAPITests
[170/188] Linking CXX executable unittests/TargetParser/TargetParserTests
[171/188] Linking CXX executable unittests/Passes/Plugins/PluginsTests
[172/188] Linking CXX executable unittests/Passes/PassBuilderBindings/PassesBindingsTests
[173/188] Linking CXX executable unittests/Transforms/IPO/IPOTests
[174/188] Linking CXX executable unittests/Target/TargetMachineCTests
[175/188] Linking CXX executable unittests/Transforms/Coroutines/CoroTests
[176/188] Linking CXX executable unittests/Transforms/Instrumentation/InstrumentationTests
[177/188] Linking CXX executable unittests/Transforms/Vectorize/VectorizeTests
[178/188] Linking CXX executable unittests/Transforms/Vectorize/SandboxVectorizer/SandboxVectorizerTests
[179/188] Linking CXX executable unittests/Transforms/Scalar/ScalarTests
[180/188] Linking CXX executable unittests/XRay/XRayTests
[181/188] Linking CXX executable unittests/tools/llvm-profdata/LLVMProfdataTests
[182/188] Linking CXX executable unittests/tools/llvm-mca/LLVMMCATests
[183/188] Linking CXX executable unittests/Transforms/Utils/UtilsTests
[184/188] Building CXX object unittests/Target/RISCV/CMakeFiles/RISCVTests.dir/RISCVInstrInfoTest.cpp.o
[185/188] Building CXX object unittests/tools/llvm-exegesis/CMakeFiles/LLVMExegesisTests.dir/RISCV/TargetTest.cpp.o
[186/188] Linking CXX executable unittests/Target/RISCV/RISCVTests
[187/188] Building CXX object unittests/tools/llvm-exegesis/CMakeFiles/LLVMExegesisTests.dir/RISCV/SnippetGeneratorTest.cpp.o
[188/188] Linking CXX executable unittests/tools/llvm-exegesis/LLVMExegesisTests
********************
Failed Tests (1):
  LLVM :: CodeGen/RISCV/rvv/vsetvli-insert-zve64f.mir


Total Discovered Tests: 4730
  Failed: 1 (0.02%)
unit (TargetParserTests) exit 0, 84 tests
{"green": true, "totals": {"FAIL": 1, "PASS": 4729}, "problems": 0, "upstream_removed": 125}
