ninja: Entering directory `/work/build'
[1/166] Generating ../../bin/llvm-otool
[2/166] Linking CXX executable bin/lli-child-target
[3/166] Linking CXX executable bin/llvm-as
[4/166] Linking CXX executable bin/llvm-ar
[5/166] Generating ../../bin/llvm-lib
[6/166] Generating ../../bin/llvm-ranlib
[7/166] Generating ../../bin/llvm-dlltool
[8/166] Linking CXX executable bin/llvm-ctxprof-util
[9/166] Linking CXX executable bin/llvm-c-test
[10/166] Linking CXX executable bin/bugpoint
[11/166] Linking CXX executable bin/lli
[12/166] Linking CXX executable bin/llvm-profdata
[13/166] Linking CXX shared library lib/libLTO.so.20.1
[14/166] Creating library symlink lib/libLTO.so
[15/166] Linking CXX shared module lib/SampleAnalyzerPlugin.so
[16/166] Linking CXX shared module lib/CheckerOptionHandlingAnalyzerPlugin.so
[17/166] Linking CXX executable bin/apinotes-test
[18/166] Linking CXX executable bin/llvm-lto
[19/166] Linking CXX shared module lib/CheckerDependencyHandlingAnalyzerPlugin.so
[20/166] Linking CXX executable bin/diagtool
[21/166] Linking CXX executable bin/clang-fuzzer-dictionary
[22/166] Linking CXX executable bin/clang-format
[23/166] Linking CXX executable bin/clang-offload-bundler
[24/166] Linking CXX executable bin/clang-offload-packager
[25/166] Linking CXX executable bin/clang-diff
[26/166] Linking CXX executable bin/clang-linker-wrapper
[27/166] Linking CXX executable bin/clang-sycl-linker
[28/166] Linking CXX executable bin/clang-nvlink-wrapper
[29/166] Linking CXX executable bin/clang-import-test
[30/166] Linking CXX executable bin/clang-installapi
[31/166] Linking CXX executable bin/clang-refactor
[32/166] Linking CXX executable bin/clang-scan-deps
[33/166] Linking CXX executable bin/arcmt-test
[34/166] Linking CXX executable tools/clang/unittests/Basic/BasicTests
[35/166] Linking CXX executable bin/clang-repl
[36/166] Linking CXX executable bin/clang-extdef-mapping
[37/166] Linking CXX executable bin/clang-check
[38/166] Linking CXX executable tools/clang/unittests/Lex/LexTests
[39/166] Linking CXX executable tools/clang/unittests/Analysis/ClangAnalysisTests
[40/166] Linking CXX executable tools/clang/unittests/Analysis/FlowSensitive/ClangAnalysisFlowSensitiveTests
[41/166] Linking CXX executable tools/clang/unittests/Driver/ClangDriverTests
[42/166] Linking CXX shared library lib/libclang.so.20.1.8
[43/166] Creating library symlink lib/libclang.so.20.1 lib/libclang.so
[44/166] Linking CXX executable tools/clang/unittests/StaticAnalyzer/StaticAnalysisTests
[45/166] Linking CXX executable tools/clang/unittests/ASTMatchers/ASTMatchersTests
[46/166] Linking CXX executable bin/c-arcmt-test
[47/166] Linking CXX executable tools/clang/unittests/ASTMatchers/Dynamic/DynamicASTMatchersTests
[48/166] Linking CXX executable tools/clang/unittests/AST/ByteCode/InterpTests
[49/166] Linking CXX executable tools/clang/unittests/AST/ASTTests
[50/166] Linking CXX executable tools/clang/unittests/CrossTU/CrossTUTests
[51/166] Linking CXX executable tools/clang/unittests/Format/FormatTests
[52/166] Linking CXX executable bin/c-index-test
[53/166] Linking CXX executable tools/clang/unittests/Tooling/Syntax/SyntaxTests
[54/166] Linking CXX executable tools/clang/unittests/Rewrite/RewriteTests
[55/166] Linking CXX executable tools/clang/unittests/Tooling/ToolingTests
[56/166] Linking CXX executable tools/clang/unittests/Sema/SemaTests
[57/166] Linking CXX executable tools/clang/unittests/libclang/libclangTests
[58/166] Linking CXX executable tools/clang/unittests/libclang/CrashTests/libclangCrashTests
[59/166] Linking CXX executable tools/clang/unittests/Frontend/FrontendTests
[60/166] Linking CXX executable tools/clang/unittests/InstallAPI/InstallAPITests
[61/166] Linking CXX executable tools/clang/unittests/CodeGen/ClangCodeGenTests
[62/166] Linking CXX executable tools/clang/unittests/Index/IndexTests
[63/166] Linking CXX executable tools/clang/unittests/Serialization/SerializationTests
[64/166] Linking CXX executable tools/clang/unittests/Support/ClangSupportTests
[65/166] Linking CXX executable tools/clang/unittests/Interpreter/ClangReplInterpreterTests
[66/166] Linking CXX executable bin/dsymutil
[67/166] Linking CXX executable bin/llvm-cat
[68/166] Linking CXX executable tools/clang/unittests/Interpreter/ExceptionTests/ClangReplInterpreterExceptionTests
[69/166] Linking CXX executable bin/llvm-cvtres
[70/166] Linking CXX executable bin/llvm-cgdata
[71/166] Linking CXX executable bin/llvm-cov
[72/166] Linking CXX executable bin/llvm-cxxmap
[73/166] Linking CXX executable bin/llvm-cfi-verify
[74/166] Linking CXX executable bin/llvm-cxxdump
[75/166] Linking CXX executable bin/llvm-debuginfod-find
[76/166] Linking CXX executable bin/llvm-dwarfdump
[77/166] Linking CXX executable bin/llvm-debuginfo-analyzer
[78/166] Copying llvm-locstats into /work/build/./bin
[79/166] Linking CXX executable bin/llvm-ifs
[80/166] Linking CXX executable bin/llvm-dwarfutil
[81/166] Linking CXX executable bin/llvm-extract
[82/166] Linking CXX executable bin/llvm-dwp
[83/166] Linking CXX executable bin/llvm-gsymutil
[84/166] Linking CXX executable bin/llvm-link
[85/166] Linking CXX executable bin/llvm-libtool-darwin
[86/166] Linking CXX executable bin/llvm-isel-fuzzer
[87/166] Linking CXX executable bin/llvm-jitlink
[88/166] Linking CXX executable bin/llvm-lipo
[89/166] Linking CXX executable bin/llvm-modextract
[90/166] Linking CXX executable bin/llvm-nm
[91/166] Linking CXX executable bin/llvm-objcopy
[92/166] Generating ../../bin/llvm-install-name-tool
[93/166] Generating ../../bin/llvm-strip
[94/166] Generating ../../bin/llvm-bitcode-strip
[95/166] Linking CXX executable bin/llvm-pdbutil
[96/166] Linking CXX executable bin/llvm-rc
[97/166] Generating ../../bin/llvm-windres
[98/166] Linking CXX executable bin/llvm-lto2
[99/166] Linking CXX executable bin/llvm-readobj
[100/166] Generating ../../bin/llvm-readelf
[101/166] Linking CXX executable bin/llvm-readtapi
[102/166] Linking CXX executable bin/llvm-profgen
[103/166] Linking CXX executable bin/llvm-sim
[104/166] Linking CXX executable bin/llvm-size
[105/166] Linking CXX executable bin/llvm-opt-fuzzer
[106/166] Linking CXX executable bin/llvm-rtdyld
[107/166] Linking CXX executable bin/llvm-strings
[108/166] Linking CXX executable bin/llvm-tli-checker
[109/166] Linking CXX executable bin/llvm-symbolizer
[110/166] Linking CXX executable bin/llvm-xray
[111/166] Generating ../../bin/llvm-addr2line
[112/166] Linking CXX executable bin/obj2yaml
[113/166] Linking CXX executable bin/llvm-split
[114/166] Linking CXX executable bin/verify-uselistorder
[115/166] Linking CXX executable bin/sanstats
[116/166] Linking CXX executable bin/llvm-reduce
[117/166] Linking CXX executable bin/yaml2obj
[118/166] Linking CXX executable bin/sancov
[119/166] Linking CXX executable unittests/CGData/CGDataTests
[120/166] Linking CXX executable unittests/Bitcode/BitcodeTests
[121/166] Linking CXX executable unittests/DebugInfo/BTF/DebugInfoBTFTests
[122/166] Linking CXX executable unittests/DebugInfo/GSYM/DebugInfoGSYMTests
[123/166] Linking CXX executable unittests/Analysis/AnalysisTests
[124/166] Linking CXX executable unittests/DebugInfo/Symbolizer/DebugInfoSymbolizerTests
[125/166] Linking CXX executable unittests/CodeGen/GlobalISel/GlobalISelTests
[126/166] Linking CXX executable unittests/CodeGen/CodeGenTests
[127/166] Linking CXX executable unittests/DebugInfo/PDB/DebugInfoPDBTests
[128/166] Linking CXX executable unittests/DWARFLinkerParallel/DWARFLinkerParallelTests
[129/166] Linking CXX executable unittests/Debuginfod/DebuginfodTests
[130/166] Linking CXX executable unittests/DebugInfo/DWARF/DebugInfoDWARFTests
[131/166] Linking CXX executable unittests/DebugInfo/LogicalView/DebugInfoLogicalViewTests
[132/166] Linking CXX executable unittests/ExecutionEngine/ExecutionEngineTests
[133/166] Linking CXX executable unittests/ExecutionEngine/JITLink/JITLinkTests
[134/166] Linking CXX executable unittests/InterfaceStub/InterfaceStubTests
[135/166] Linking CXX executable unittests/FuzzMutate/FuzzMutateTests
[136/166] Linking CXX executable unittests/ExecutionEngine/Orc/OrcJITTests
[137/166] Linking CXX executable unittests/Linker/LinkerTests
[138/166] Linking CXX executable unittests/Frontend/LLVMFrontendTests
[139/166] Linking CXX executable unittests/MC/MCTests
[140/166] Linking CXX executable unittests/ObjCopy/ObjCopyTests
[141/166] Linking CXX executable unittests/Object/ObjectTests
[142/166] Linking CXX executable unittests/ObjectYAML/ObjectYAMLTests
[143/166] Linking CXX executable unittests/IR/IRTests
[144/166] Linking CXX executable unittests/MI/MITests
[145/166] Linking CXX executable unittests/MIR/MIRTests
[146/166] Linking CXX executable unittests/ProfileData/ProfileDataTests
[147/166] Linking CXX executable unittests/SandboxIR/SandboxIRTests
[148/166] Linking CXX executable unittests/Passes/PassBuilderBindings/PassesBindingsTests
[149/166] Linking CXX executable unittests/Target/TargetMachineCTests
[150/166] Linking CXX executable unittests/Passes/Plugins/PluginsTests
[151/166] Linking CXX executable unittests/Transforms/IPO/IPOTests
[152/166] Linking CXX executable unittests/Transforms/Coroutines/CoroTests
[153/166] Linking CXX executable unittests/Transforms/Instrumentation/InstrumentationTests
[154/166] Linking CXX executable unittests/XRay/XRayTests
[155/166] Linking CXX executable unittests/tools/llvm-profdata/LLVMProfdataTests
[156/166] Linking CXX executable unittests/Transforms/Vectorize/VectorizeTests
[157/166] Linking CXX executable unittests/Transforms/Vectorize/SandboxVectorizer/SandboxVectorizerTests
[158/166] Linking CXX executable unittests/Transforms/Scalar/ScalarTests
[159/166] Linking CXX executable unittests/Transforms/Utils/UtilsTests
[160/166] Building CXX object tools/llvm-exegesis/lib/RISCV/CMakeFiles/LLVMExegesisRISCV.dir/Target.cpp.o
[161/166] Linking CXX static library lib/libLLVMExegesisRISCV.a
[162/166] Linking CXX executable bin/llvm-exegesis
[163/166] Building CXX object unittests/Target/RISCV/CMakeFiles/RISCVTests.dir/RISCVInstrInfoTest.cpp.o
[164/166] Linking CXX executable unittests/Target/RISCV/RISCVTests
[165/166] Building CXX object unittests/tools/llvm-exegesis/CMakeFiles/LLVMExegesisTests.dir/RISCV/SnippetGeneratorTest.cpp.o
[166/166] Linking CXX executable unittests/tools/llvm-exegesis/LLVMExegesisTests
********************
Failed Tests (1):
  LLVM :: CodeGen/RISCV/rvv/vsetvli-insert-zve64f.mir


Total Discovered Tests: 4730
  Failed: 1 (0.02%)
unit (TargetParserTests) exit 0, 84 tests
{"green": true, "totals": {"FAIL": 1, "PASS": 4729}, "problems": 0, "upstream_removed": 125}
