ninja: Entering directory `/work/build'
[1/106] Generating VCSRevision.h
[2/106] Generating VCSVersion.inc
[3/106] Building CXX object tools/clang/lib/Basic/CMakeFiles/obj.clangBasic.dir/Version.cpp.o
[4/106] Building RISCVGenAsmWriter.inc...
[5/106] Building RISCVGenDisassemblerTables.inc...
[6/106] Building RISCVGenMCCodeEmitter.inc...
[7/106] Building RISCVGenExegesis.inc...
[8/106] Building RISCVGenMacroFusion.inc...
[9/106] Building RISCVGenMCPseudoLowering.inc...
[10/106] Building RISCVTargetParserDef.inc...
[11/103] Building RISCVGenRegisterBank.inc...
[12/103] Building RISCVGenCompressInstEmitter.inc...
[13/103] Building RISCVGenPostLegalizeGICombiner.inc...
[14/103] Building RISCVGenRegisterInfo.inc...
[15/103] Building RISCVGenPreLegalizeGICombiner.inc...
[16/103] Building RISCVGenAsmMatcher.inc...
[17/103] Building RISCVGenO0PreLegalizeGICombiner.inc...
[18/103] Building RISCVGenSubtargetInfo.inc...
[19/103] Building RISCVGenSearchableTables.inc...
[20/103] Building CXX object lib/Object/CMakeFiles/LLVMObject.dir/IRSymtab.cpp.o
[21/103] Linking CXX static library lib/libLLVMObject.a
[22/103] Generating VCSVersion.inc
[23/103] Linking CXX static library lib/libclangBasic.a
[24/103] Building CXX object tools/lld/Common/CMakeFiles/lldCommon.dir/Version.cpp.o
[25/103] Linking CXX static library lib/liblldCommon.a
[26/103] Building CXX object lib/CodeGen/AsmPrinter/CMakeFiles/LLVMAsmPrinter.dir/AsmPrinter.cpp.o
[27/103] Linking CXX static library lib/libLLVMAsmPrinter.a
[28/103] Building CXX object lib/LTO/CMakeFiles/LLVMLTO.dir/LTO.cpp.o
[29/103] Linking CXX static library lib/libLLVMLTO.a
[30/103] Building RISCVGenInstrInfo.inc...
[31/41] Building RISCVGenGlobalISel.inc...
[32/41] Building RISCVGenDAGISel.inc...
[33/41] Building CXX object lib/Target/RISCV/CMakeFiles/LLVMRISCVCodeGen.dir/GISel/RISCVInstructionSelector.cpp.o
[34/41] Building CXX object lib/Target/RISCV/CMakeFiles/LLVMRISCVCodeGen.dir/RISCVISelDAGToDAG.cpp.o
[35/41] Linking CXX executable bin/llvm-objdump
[36/41] Linking CXX static library lib/libLLVMRISCVCodeGen.a
[37/41] Linking CXX executable bin/llc
[38/41] Linking CXX executable bin/opt
[39/41] Linking CXX executable bin/lld
[40/41] Linking CXX executable bin/clang-20
[41/41] Creating executable symlink bin/clang
