LLVM ERROR: Cannot select: t19: i32 = vecreduce_add t2
  t2: v2i16,ch = CopyFromReg t0, Register:v2i16 %4
    t1: v2i16 = Register %4
In function: sum16n
PLEASE submit a bug report to https://github.com/llvm/llvm-project/issues/ and include the crash backtrace.
Stack dump:
0.	Program arguments: /home/ubuntu/llvm-project/pulp-llvm-port/toolchains/port-20-bench/bin/llc -O3 -verify-machineinstrs /home/ubuntu/llvm-project/pulp-llvm-port/benchmarks/autovec-probe/investigation/out/exp/base/loops2.sum16n.ll -o /home/ubuntu/llvm-project/pulp-llvm-port/benchmarks/autovec-probe/investigation/out/exp/base/loops2.sum16n.s
1.	Running pass 'Function Pass Manager' on module '/home/ubuntu/llvm-project/pulp-llvm-port/benchmarks/autovec-probe/investigation/out/exp/base/loops2.sum16n.ll'.
2.	Running pass 'RISC-V DAG->DAG Pattern Instruction Selection' on function '@sum16n'
Stack dump without symbol names (ensure you have llvm-symbolizer in your PATH or set the environment var `LLVM_SYMBOLIZER_PATH` to point to it):
0  llc       0x0000598bee212218 llvm::sys::PrintStackTrace(llvm::raw_ostream&, int) + 40
1  llc       0x0000598bee20fdee llvm::sys::RunSignalHandlers() + 238
2  llc       0x0000598bee2128c8
3  libc.so.6 0x0000764fa2845330
4  libc.so.6 0x0000764fa289ec0c pthread_kill + 284
5  libc.so.6 0x0000764fa284527e gsignal + 30
6  libc.so.6 0x0000764fa28288ff abort + 223
7  llc       0x0000598bee17e66c llvm::report_fatal_error(llvm::Twine const&, bool) + 428
8  llc       0x0000598bee0095b4 llvm::SelectionDAGISel::CannotYetSelect(llvm::SDNode*) + 548
9  llc       0x0000598bee00862a llvm::SelectionDAGISel::SelectCodeCommon(llvm::SDNode*, unsigned char const*, unsigned int) + 21082
10 llc       0x0000598becc1ec1c
11 llc       0x0000598bedffce9f llvm::SelectionDAGISel::DoInstructionSelection() + 1359
12 llc       0x0000598bedffbe42 llvm::SelectionDAGISel::CodeGenAndEmitDAG() + 6178
13 llc       0x0000598bedff9786 llvm::SelectionDAGISel::SelectAllBasicBlocks(llvm::Function const&) + 6454
14 llc       0x0000598bedff6be1 llvm::SelectionDAGISel::runOnMachineFunction(llvm::MachineFunction&) + 593
15 llc       0x0000598bedff4459 llvm::SelectionDAGISelLegacy::runOnMachineFunction(llvm::MachineFunction&) + 169
16 llc       0x0000598bed1f06e6 llvm::MachineFunctionPass::runOnFunction(llvm::Function&) + 694
17 llc       0x0000598bed76a735 llvm::FPPassManager::runOnFunction(llvm::Function&) + 677
18 llc       0x0000598bed772b62 llvm::FPPassManager::runOnModule(llvm::Module&) + 50
19 llc       0x0000598bed76b1cc llvm::legacy::PassManagerImpl::run(llvm::Module&) + 1932
20 llc       0x0000598becae7e10 main + 9632
21 libc.so.6 0x0000764fa282a1ca
22 libc.so.6 0x0000764fa282a28b __libc_start_main + 139
23 llc       0x0000598becae1c65 _start + 37
