
=== BOARD-PACK t6_kernels_clang_vs_gcc (pack 2026-09-29) ===
INFO compiler of this file: 7.1.1 20170509
INFO platform: board
INFO kernel library: clang -O3: Clang 20.1.8 (https://github.com/albsposito/llvm-project.git 75b4639bf455b3b7cf909c9759d018dcebaf9647)
INFO kernels in the library: 12 of 12
INFO running 12 kernels on FC
RESULT t6 core=fc lib=clang-O3 kernel=k01_fir_fix16 cycles=14965 instrs=14769 checksum=0x0b3c9219 reps=4 total_cycles=59861 pccr_cycles=59886
CHECK t6.fc.clang-O3.k01_fir_fix16 PASS got=0x0b3c9219 want=0x0b3c9219
RESULT t6 core=fc lib=clang-O3 kernel=k02_fir_f32 cycles=39478 instrs=39344 checksum=0x1e0987a3 reps=4 total_cycles=157914 pccr_cycles=157944
CHECK t6.fc.clang-O3.k02_fir_f32 PASS got=0x1e0987a3 want=0x1e0987a3
RESULT t6 core=fc lib=clang-O3 kernel=k03_matmul_worker_i16 cycles=124290 instrs=123168 checksum=0xae63bc89 reps=4 total_cycles=497160 pccr_cycles=497185
CHECK t6.fc.clang-O3.k03_matmul_worker_i16 PASS got=0xae63bc89 want=0xae63bc89
RESULT t6 core=fc lib=clang-O3 kernel=k04_matmul_simple_f32 cycles=108977 instrs=108905 checksum=0x39339370 reps=4 total_cycles=435910 pccr_cycles=435930
CHECK t6.fc.clang-O3.k04_matmul_simple_f32 PASS got=0x39339370 want=0x39339370
RESULT t6 core=fc lib=clang-O3 kernel=k05_matmul_dsp_fix16 cycles=41576 instrs=40500 checksum=0x56c64fd1 reps=4 total_cycles=166306 pccr_cycles=166336
CHECK t6.fc.clang-O3.k05_matmul_dsp_fix16 PASS got=0x56c64fd1 want=0x56c64fd1
RESULT t6 core=fc lib=clang-O3 kernel=k06_matvect_dsp_f32 cycles=66354 instrs=66351 checksum=0xbf3cac76 reps=4 total_cycles=265417 pccr_cycles=265442
CHECK t6.fc.clang-O3.k06_matvect_dsp_f32 PASS got=0xbf3cac76 want=0xbf3cac76
RESULT t6 core=fc lib=clang-O3 kernel=k09_cmplx_fix cycles=1565 instrs=1563 checksum=0x53d098a0 reps=4 total_cycles=6260 pccr_cycles=6290
CHECK t6.fc.clang-O3.k09_cmplx_fix PASS got=0x53d098a0 want=0x53d098a0
RESULT t6 core=fc lib=clang-O3 kernel=k10a_fft_radix2_scalar cycles=22816 instrs=22799 checksum=0xdeebe4e7 reps=4 total_cycles=91267 pccr_cycles=91292
CHECK t6.fc.clang-O3.k10a_fft_radix2_scalar PASS got=0xdeebe4e7 want=0xdeebe4e7
RESULT t6 core=fc lib=clang-O3 kernel=k11_dotprod_i8 cycles=796 instrs=793 checksum=0x8bcd1bce reps=4 total_cycles=3187 pccr_cycles=3217
CHECK t6.fc.clang-O3.k11_dotprod_i8 PASS got=0x8bcd1bce want=0x8bcd1bce
RESULT t6 core=fc lib=clang-O3 kernel=clip cycles=21539 instrs=13347 checksum=0x5ec4255d reps=4 total_cycles=86156 pccr_cycles=86181
CHECK t6.fc.clang-O3.clip PASS got=0x5ec4255d want=0x5ec4255d
RESULT t6 core=fc lib=clang-O3 kernel=k12_dot16_loop cycles=3102 instrs=3098 checksum=0x90e2a3b2 reps=4 total_cycles=12408 pccr_cycles=12443
CHECK t6.fc.clang-O3.k12_dot16_loop PASS got=0x90e2a3b2 want=0x90e2a3b2
RESULT t6 core=fc lib=clang-O3 kernel=k12_copy_loop cycles=24597 instrs=16404 checksum=0xcf418d3b reps=4 total_cycles=98390 pccr_cycles=98420
CHECK t6.fc.clang-O3.k12_copy_loop PASS got=0xcf418d3b want=0xcf418d3b
INFO cluster task runs on cluster 0 core 8 (the cluster controller)
INFO running 12 kernels on the cluster controller core
RESULT t6 core=cl lib=clang-O3 kernel=k01_fir_fix16 cycles=36445 instrs=14769 checksum=0x0b3c9219 reps=4 total_cycles=145780 pccr_cycles=145805
CHECK t6.cl.clang-O3.k01_fir_fix16 PASS got=0x0b3c9219 want=0x0b3c9219
RESULT t6 core=cl lib=clang-O3 kernel=k02_fir_f32 cycles=61550 instrs=39344 checksum=0x1e0987a3 reps=4 total_cycles=246201 pccr_cycles=246233
CHECK t6.cl.clang-O3.k02_fir_f32 PASS got=0x1e0987a3 want=0x1e0987a3
RESULT t6 core=cl lib=clang-O3 kernel=k03_matmul_worker_i16 cycles=326019 instrs=123168 checksum=0xae63bc89 reps=4 total_cycles=1304078 pccr_cycles=1304103
CHECK t6.cl.clang-O3.k03_matmul_worker_i16 PASS got=0xae63bc89 want=0xae63bc89
RESULT t6 core=cl lib=clang-O3 kernel=k04_matmul_simple_f32 cycles=305586 instrs=108905 checksum=0x39339370 reps=4 total_cycles=1222345 pccr_cycles=1222367
CHECK t6.cl.clang-O3.k04_matmul_simple_f32 PASS got=0x39339370 want=0x39339370
RESULT t6 core=cl lib=clang-O3 kernel=k05_matmul_dsp_fix16 cycles=81637 instrs=40500 checksum=0x56c64fd1 reps=4 total_cycles=326550 pccr_cycles=326582
CHECK t6.cl.clang-O3.k05_matmul_dsp_fix16 PASS got=0x56c64fd1 want=0x56c64fd1
RESULT t6 core=cl lib=clang-O3 kernel=k06_matvect_dsp_f32 cycles=148276 instrs=66351 checksum=0xbf3cac76 reps=4 total_cycles=593104 pccr_cycles=593131
CHECK t6.cl.clang-O3.k06_matvect_dsp_f32 PASS got=0xbf3cac76 want=0xbf3cac76
RESULT t6 core=cl lib=clang-O3 kernel=k09_cmplx_fix cycles=4634 instrs=1563 checksum=0x53d098a0 reps=4 total_cycles=18536 pccr_cycles=18566
CHECK t6.cl.clang-O3.k09_cmplx_fix PASS got=0x53d098a0 want=0x53d098a0
RESULT t6 core=cl lib=clang-O3 kernel=k10a_fft_radix2_scalar cycles=42910 instrs=22799 checksum=0xdeebe4e7 reps=4 total_cycles=171642 pccr_cycles=171667
CHECK t6.cl.clang-O3.k10a_fft_radix2_scalar PASS got=0xdeebe4e7 want=0xdeebe4e7
RESULT t6 core=cl lib=clang-O3 kernel=k11_dotprod_i8 cycles=2332 instrs=793 checksum=0x8bcd1bce reps=4 total_cycles=9331 pccr_cycles=9363
CHECK t6.cl.clang-O3.k11_dotprod_i8 PASS got=0x8bcd1bce want=0x8bcd1bce
RESULT t6 core=cl lib=clang-O3 kernel=clip cycles=24614 instrs=13347 checksum=0x5ec4255d reps=4 total_cycles=98459 pccr_cycles=98484
CHECK t6.cl.clang-O3.clip PASS got=0x5ec4255d want=0x5ec4255d
RESULT t6 core=cl lib=clang-O3 kernel=k12_dot16_loop cycles=9246 instrs=3098 checksum=0x90e2a3b2 reps=4 total_cycles=36986 pccr_cycles=37018
CHECK t6.cl.clang-O3.k12_dot16_loop PASS got=0x90e2a3b2 want=0x90e2a3b2
RESULT t6 core=cl lib=clang-O3 kernel=k12_copy_loop cycles=36885 instrs=16404 checksum=0xcf418d3b reps=4 total_cycles=147541 pccr_cycles=147571
CHECK t6.cl.clang-O3.k12_copy_loop PASS got=0xcf418d3b want=0xcf418d3b
=== END t6_kernels_clang_vs_gcc pass=24 fail=0
[run_app] exit code: 0
