ninja: Entering directory `build/int-19'
[1/98] Generating VCSRevision.h
[2/98] Generating VCSVersion.inc
[3/98] Building CXX object tools/clang/lib/Basic/CMakeFiles/obj.clangBasic.dir/Version.cpp.o
[4/98] Building RISCVGenMacroFusion.inc...
[5/98] Building RISCVTargetParserDef.inc...
[6/95] Building RISCVGenCompressInstEmitter.inc...
[7/95] Building RISCVGenRegisterBank.inc...
[8/95] Building RISCVGenO0PreLegalizeGICombiner.inc...
[9/95] Building RISCVGenPostLegalizeGICombiner.inc...
[10/95] Building RISCVGenPreLegalizeGICombiner.inc...
[11/95] Building RISCVGenMCCodeEmitter.inc...
[12/95] Building RISCVGenDisassemblerTables.inc...
[13/95] Building RISCVGenAsmWriter.inc...
[14/95] Building RISCVGenAsmMatcher.inc...
[15/95] Building RISCVGenMCPseudoLowering.inc...
[16/95] Building RISCVGenRegisterInfo.inc...
[17/95] Building RISCVGenSearchableTables.inc...
[18/95] Building CXX object lib/Object/CMakeFiles/LLVMObject.dir/IRSymtab.cpp.o
[19/95] Linking CXX static library lib/libLLVMObject.a
[20/95] Generating VCSVersion.inc
[21/95] Linking CXX static library lib/libclangBasic.a
[22/95] Building CXX object tools/lld/Common/CMakeFiles/lldCommon.dir/Version.cpp.o
[23/95] Linking CXX static library lib/liblldCommon.a
[24/95] Building RISCVGenSubtargetInfo.inc...
[25/95] Building CXX object lib/LTO/CMakeFiles/LLVMLTO.dir/LTO.cpp.o
[26/95] Linking CXX static library lib/libLLVMLTO.a
[27/95] Building CXX object lib/CodeGen/AsmPrinter/CMakeFiles/LLVMAsmPrinter.dir/AsmPrinter.cpp.o
[28/95] Linking CXX static library lib/libLLVMAsmPrinter.a
[29/95] Building RISCVGenInstrInfo.inc...
[30/41] Building RISCVGenGlobalISel.inc...
[31/40] Building RISCVGenDAGISel.inc...
[32/37] Linking CXX executable bin/llc
[33/37] Linking CXX executable bin/opt
[34/37] Linking CXX executable bin/lld
[35/37] Linking CXX executable bin/llvm-objdump
[36/37] Linking CXX executable bin/clang-19
[37/37] Creating executable symlink bin/clang
