LLVM ERROR: Cannot select: t8: i32 = vecreduce_add t2
  t2: v2i16,ch = CopyFromReg t0, Register:v2i16 %0
    t1: v2i16 = Register %0
In function: f
PLEASE submit a bug report to https://github.com/llvm/llvm-project/issues/ and include the crash backtrace.
Stack dump:
0.	Program arguments: /home/ubuntu/llvm-project/pulp-llvm-port/toolchains/port-20-bench/bin/llc -mtriple=riscv32-unknown-elf -mattr=+m,+c,+xgap,+xpulpv,+xpulpfvec,+xpulpf16alt,+zfinx,+zhinx,+zhinxmin,+zicsr,+zmmul,+unaligned-scalar-mem -target-abi=ilp32 -O2 -verify-machineinstrs /home/ubuntu/llvm-project/pulp-llvm-port/benchmarks/autovec-probe/investigation/backend/v2i16.reduce_add.ll -o /home/ubuntu/llvm-project/pulp-llvm-port/benchmarks/autovec-probe/investigation/out/backend/v2i16.reduce_add.s
1.	Running pass 'Function Pass Manager' on module '/home/ubuntu/llvm-project/pulp-llvm-port/benchmarks/autovec-probe/investigation/backend/v2i16.reduce_add.ll'.
2.	Running pass 'RISC-V DAG->DAG Pattern Instruction Selection' on function '@f'
Stack dump without symbol names (ensure you have llvm-symbolizer in your PATH or set the environment var `LLVM_SYMBOLIZER_PATH` to point to it):
0  llc       0x0000572a864c0218 llvm::sys::PrintStackTrace(llvm::raw_ostream&, int) + 40
1  llc       0x0000572a864bddee llvm::sys::RunSignalHandlers() + 238
2  llc       0x0000572a864c08c8
3  libc.so.6 0x0000776e21e45330
4  libc.so.6 0x0000776e21e9ec0c pthread_kill + 284
5  libc.so.6 0x0000776e21e4527e gsignal + 30
6  libc.so.6 0x0000776e21e288ff abort + 223
7  llc       0x0000572a8642c66c llvm::report_fatal_error(llvm::Twine const&, bool) + 428
8  llc       0x0000572a862b75b4 llvm::SelectionDAGISel::CannotYetSelect(llvm::SDNode*) + 548
9  llc       0x0000572a862b662a llvm::SelectionDAGISel::SelectCodeCommon(llvm::SDNode*, unsigned char const*, unsigned int) + 21082
10 llc       0x0000572a84eccc1c
11 llc       0x0000572a862aae9f llvm::SelectionDAGISel::DoInstructionSelection() + 1359
12 llc       0x0000572a862a9e42 llvm::SelectionDAGISel::CodeGenAndEmitDAG() + 6178
13 llc       0x0000572a862a7786 llvm::SelectionDAGISel::SelectAllBasicBlocks(llvm::Function const&) + 6454
14 llc       0x0000572a862a4be1 llvm::SelectionDAGISel::runOnMachineFunction(llvm::MachineFunction&) + 593
15 llc       0x0000572a862a2459 llvm::SelectionDAGISelLegacy::runOnMachineFunction(llvm::MachineFunction&) + 169
16 llc       0x0000572a8549e6e6 llvm::MachineFunctionPass::runOnFunction(llvm::Function&) + 694
17 llc       0x0000572a85a18735 llvm::FPPassManager::runOnFunction(llvm::Function&) + 677
18 llc       0x0000572a85a20b62 llvm::FPPassManager::runOnModule(llvm::Module&) + 50
19 llc       0x0000572a85a191cc llvm::legacy::PassManagerImpl::run(llvm::Module&) + 1932
20 llc       0x0000572a84d95e10 main + 9632
21 libc.so.6 0x0000776e21e2a1ca
22 libc.so.6 0x0000776e21e2a28b __libc_start_main + 139
23 llc       0x0000572a84d8fc65 _start + 37
timeout: the monitored command dumped core
