llc: /work/src/llvm/lib/Target/RISCV/RISCVSubtarget.cpp:176: unsigned int llvm::RISCVSubtarget::getMinRVVVectorSizeInBits() const: Assertion `hasVInstructions() && "Tried to get vector length without Zve or V extension support!"' failed.
PLEASE submit a bug report to https://github.com/llvm/llvm-project/issues/ and include the crash backtrace.
Stack dump:
0.	Program arguments: /home/ubuntu/llvm-project/pulp-llvm-port/toolchains/port-20-bench/bin/llc -mtriple=riscv32-unknown-elf -mattr=+m,+c,+xgap,+xpulpv,+xpulpfvec,+xpulpf16alt,+zfinx,+zhinx,+zhinxmin,+zicsr,+zmmul,+unaligned-scalar-mem -target-abi=ilp32 -O2 -verify-machineinstrs /home/ubuntu/llvm-project/pulp-llvm-port/benchmarks/autovec-probe/investigation/backend/v4i8.interleaved_load_factor2.ll -o /home/ubuntu/llvm-project/pulp-llvm-port/benchmarks/autovec-probe/investigation/out/backend/v4i8.interleaved_load_factor2.s
1.	Running pass 'Function Pass Manager' on module '/home/ubuntu/llvm-project/pulp-llvm-port/benchmarks/autovec-probe/investigation/backend/v4i8.interleaved_load_factor2.ll'.
2.	Running pass 'RISC-V DAG->DAG Pattern Instruction Selection' on function '@f'
Stack dump without symbol names (ensure you have llvm-symbolizer in your PATH or set the environment var `LLVM_SYMBOLIZER_PATH` to point to it):
0  llc       0x000062a1f7b7b218 llvm::sys::PrintStackTrace(llvm::raw_ostream&, int) + 40
1  llc       0x000062a1f7b78dee llvm::sys::RunSignalHandlers() + 238
2  llc       0x000062a1f7b7b8c8
3  libc.so.6 0x00007dd5f2445330
4  libc.so.6 0x00007dd5f249ec0c pthread_kill + 284
5  libc.so.6 0x00007dd5f244527e gsignal + 30
6  libc.so.6 0x00007dd5f24288ff abort + 223
7  libc.so.6 0x00007dd5f242881b
8  libc.so.6 0x00007dd5f243b517
9  llc       0x000062a1f65503aa
10 llc       0x000062a1f64b3f0d
11 llc       0x000062a1f782588c
12 llc       0x000062a1f77b87ce
13 llc       0x000062a1f777536b
14 llc       0x000062a1f7772ec9 llvm::SelectionDAG::Combine(llvm::CombineLevel, llvm::BatchAAResults*, llvm::CodeGenOptLevel) + 2137
15 llc       0x000062a1f7963b0e llvm::SelectionDAGISel::CodeGenAndEmitDAG() + 1262
16 llc       0x000062a1f7962786 llvm::SelectionDAGISel::SelectAllBasicBlocks(llvm::Function const&) + 6454
17 llc       0x000062a1f795fbe1 llvm::SelectionDAGISel::runOnMachineFunction(llvm::MachineFunction&) + 593
18 llc       0x000062a1f795d459 llvm::SelectionDAGISelLegacy::runOnMachineFunction(llvm::MachineFunction&) + 169
19 llc       0x000062a1f6b596e6 llvm::MachineFunctionPass::runOnFunction(llvm::Function&) + 694
20 llc       0x000062a1f70d3735 llvm::FPPassManager::runOnFunction(llvm::Function&) + 677
21 llc       0x000062a1f70dbb62 llvm::FPPassManager::runOnModule(llvm::Module&) + 50
22 llc       0x000062a1f70d41cc llvm::legacy::PassManagerImpl::run(llvm::Module&) + 1932
23 llc       0x000062a1f6450e10 main + 9632
24 libc.so.6 0x00007dd5f242a1ca
25 libc.so.6 0x00007dd5f242a28b __libc_start_main + 139
26 llc       0x000062a1f644ac65 _start + 37
timeout: the monitored command dumped core
